Java HotSpot(TM) 64-Bit Server VM (25.162-b12) for windows-amd64 JRE (1.8.0_162-b12), built on Dec 19 2017 20:00:03 by "java_re" with MS VC++ 10.0 (VS2010)
Memory: 4k page, physical 16364460k(7521304k free), swap 16364460k(5854420k free)
CommandLine flags: -XX:InitialHeapSize=261831360 -XX:+ManagementServer -XX:MaxHeapSize=2147483648 -XX:MetaspaceSize=134217728 -XX:+PrintGC -XX:+PrintGCDateStamps -XX:+PrintGCDetails -XX:+PrintGCTimeStamps -XX:+UseCompressedClassPointers -XX:+UseCompressedOops -XX:+UseG1GC -XX:-UseLargePagesIndividualAllocation
2020-01-16T10:14:47.015+0800: 0.995: [GC pause (G1 Evacuation Pause) (young), 0.0142423 secs]
   [Parallel Time: 4.5 ms, GC Workers: 8]
      [GC Worker Start (ms): Min: 998.5, Avg: 998.6, Max: 998.7, Diff: 0.1]
      [Ext Root Scanning (ms): Min: 0.5, Avg: 0.7, Max: 1.3, Diff: 0.8, Sum: 5.6]
      [Update RS (ms): Min: 0.0, Avg: 0.0, Max: 0.0, Diff: 0.0, Sum: 0.0]
         [Processed Buffers: Min: 0, Avg: 0.0, Max: 0, Diff: 0, Sum: 0]
      [Scan RS (ms): Min: 0.0, Avg: 0.0, Max: 0.0, Diff: 0.0, Sum: 0.0]
      [Code Root Scanning (ms): Min: 0.0, Avg: 0.1, Max: 0.4, Diff: 0.4, Sum: 1.1]
      [Object Copy (ms): Min: 2.7, Avg: 3.0, Max: 3.4, Diff: 0.8, Sum: 24.4]
      [Termination (ms): Min: 0.0, Avg: 0.0, Max: 0.1, Diff: 0.1, Sum: 0.3]
         [Termination Attempts: Min: 1, Avg: 29.3, Max: 47, Diff: 46, Sum: 234]
      [GC Worker Other (ms): Min: 0.0, Avg: 0.0, Max: 0.1, Diff: 0.1, Sum: 0.4]
      [GC Worker Total (ms): Min: 3.9, Avg: 4.0, Max: 4.0, Diff: 0.1, Sum: 31.9]
      [GC Worker End (ms): Min: 1002.6, Avg: 1002.6, Max: 1002.6, Diff: 0.0]
   [Code Root Fixup: 0.0 ms]
   [Code Root Purge: 0.0 ms]
   [Clear CT: 0.5 ms]
   [Other: 9.1 ms]
      [Choose CSet: 0.0 ms]
      [Ref Proc: 4.8 ms]
      [Ref Enq: 0.0 ms]
      [Redirty Cards: 0.6 ms]
      [Humongous Register: 0.0 ms]
      [Humongous Reclaim: 0.0 ms]
      [Free CSet: 0.7 ms]
   [Eden: 24.0M(24.0M)->0.0B(29.0M) Survivors: 0.0B->3072.0K Heap: 24.0M(250.0M)->5673.5K(250.0M)]
 [Times: user=0.02 sys=0.00, real=0.01 secs]
2020-01-16T10:14:48.221+0800: 2.202: [GC pause (G1 Evacuation Pause) (young), 0.0070519 secs]
   [Parallel Time: 4.5 ms, GC Workers: 8]
      [GC Worker Start (ms): Min: 2201.8, Avg: 2201.9, Max: 2201.9, Diff: 0.1]
      [Ext Root Scanning (ms): Min: 0.3, Avg: 0.6, Max: 1.4, Diff: 1.1, Sum: 4.9]
      [Update RS (ms): Min: 0.0, Avg: 0.3, Max: 0.5, Diff: 0.5, Sum: 2.4]
         [Processed Buffers: Min: 0, Avg: 1.6, Max: 4, Diff: 4, Sum: 13]
      [Scan RS (ms): Min: 0.0, Avg: 0.0, Max: 0.0, Diff: 0.0, Sum: 0.0]
      [Code Root Scanning (ms): Min: 0.0, Avg: 0.2, Max: 1.1, Diff: 1.1, Sum: 1.3]
      [Object Copy (ms): Min: 2.1, Avg: 3.1, Max: 3.8, Diff: 1.6, Sum: 24.8]
      [Termination (ms): Min: 0.0, Avg: 0.0, Max: 0.1, Diff: 0.0, Sum: 0.3]
         [Termination Attempts: Min: 82, Avg: 110.3, Max: 124, Diff: 42, Sum: 882]
      [GC Worker Other (ms): Min: 0.0, Avg: 0.0, Max: 0.0, Diff: 0.0, Sum: 0.1]
      [GC Worker Total (ms): Min: 4.2, Avg: 4.2, Max: 4.3, Diff: 0.1, Sum: 33.7]
      [GC Worker End (ms): Min: 2206.1, Avg: 2206.1, Max: 2206.1, Diff: 0.0]
   [Code Root Fixup: 0.0 ms]
   [Code Root Purge: 0.0 ms]
   [Clear CT: 0.3 ms]
   [Other: 2.2 ms]
      [Choose CSet: 0.0 ms]
      [Ref Proc: 1.7 ms]
      [Ref Enq: 0.0 ms]
      [Redirty Cards: 0.4 ms]
      [Humongous Register: 0.0 ms]
      [Humongous Reclaim: 0.0 ms]
      [Free CSet: 0.0 ms]
   [Eden: 29.0M(29.0M)->0.0B(107.0M) Survivors: 3072.0K->4096.0K Heap: 34.5M(250.0M)->12.3M(250.0M)]
 [Times: user=0.00 sys=0.00, real=0.01 secs]
2020-01-16T10:14:48.472+0800: 2.453: [GC pause (G1 Evacuation Pause) (young), 0.0045252 secs]
   [Parallel Time: 2.7 ms, GC Workers: 8]
      [GC Worker Start (ms): Min: 2452.8, Avg: 2452.9, Max: 2453.0, Diff: 0.1]
      [Ext Root Scanning (ms): Min: 0.2, Avg: 0.4, Max: 1.3, Diff: 1.1, Sum: 3.2]
      [Update RS (ms): Min: 0.0, Avg: 0.3, Max: 0.5, Diff: 0.5, Sum: 2.4]
         [Processed Buffers: Min: 0, Avg: 1.8, Max: 3, Diff: 3, Sum: 14]
      [Scan RS (ms): Min: 0.0, Avg: 0.2, Max: 0.4, Diff: 0.4, Sum: 1.7]
      [Code Root Scanning (ms): Min: 0.0, Avg: 0.0, Max: 0.1, Diff: 0.1, Sum: 0.2]
      [Object Copy (ms): Min: 1.3, Avg: 1.7, Max: 1.8, Diff: 0.5, Sum: 13.5]
      [Termination (ms): Min: 0.0, Avg: 0.0, Max: 0.0, Diff: 0.0, Sum: 0.0]
         [Termination Attempts: Min: 1, Avg: 3.3, Max: 6, Diff: 5, Sum: 26]
      [GC Worker Other (ms): Min: 0.0, Avg: 0.0, Max: 0.0, Diff: 0.0, Sum: 0.1]
      [GC Worker Total (ms): Min: 2.6, Avg: 2.6, Max: 2.7, Diff: 0.1, Sum: 21.1]
      [GC Worker End (ms): Min: 2455.6, Avg: 2455.6, Max: 2455.6, Diff: 0.0]
   [Code Root Fixup: 0.0 ms]
   [Code Root Purge: 0.0 ms]
   [Clear CT: 0.2 ms]
   [Other: 1.6 ms]
      [Choose CSet: 0.0 ms]
      [Ref Proc: 1.3 ms]
      [Ref Enq: 0.0 ms]
      [Redirty Cards: 0.1 ms]
      [Humongous Register: 0.0 ms]
      [Humongous Reclaim: 0.0 ms]
      [Free CSet: 0.0 ms]
   [Eden: 64.0M(64.0M)->0.0B(143.0M) Survivors: 4096.0K->7168.0K Heap: 76.3M(250.0M)->15.3M(250.0M)]
 [Times: user=0.00 sys=0.00, real=0.00 secs]
2020-01-16T10:14:49.059+0800: 3.039: [GC pause (G1 Evacuation Pause) (young), 0.0120180 secs]
   [Parallel Time: 4.7 ms, GC Workers: 8]
      [GC Worker Start (ms): Min: 3039.4, Avg: 3039.5, Max: 3039.6, Diff: 0.1]
      [Ext Root Scanning (ms): Min: 0.2, Avg: 0.3, Max: 0.8, Diff: 0.6, Sum: 2.5]
      [Update RS (ms): Min: 0.0, Avg: 0.2, Max: 0.3, Diff: 0.3, Sum: 1.8]
         [Processed Buffers: Min: 0, Avg: 1.8, Max: 4, Diff: 4, Sum: 14]
      [Scan RS (ms): Min: 0.0, Avg: 0.1, Max: 0.2, Diff: 0.1, Sum: 0.7]
      [Code Root Scanning (ms): Min: 0.0, Avg: 0.1, Max: 0.2, Diff: 0.2, Sum: 0.5]
      [Object Copy (ms): Min: 3.4, Avg: 3.6, Max: 3.7, Diff: 0.3, Sum: 28.8]
      [Termination (ms): Min: 0.0, Avg: 0.0, Max: 0.0, Diff: 0.0, Sum: 0.0]
         [Termination Attempts: Min: 2, Avg: 9.5, Max: 14, Diff: 12, Sum: 76]
      [GC Worker Other (ms): Min: 0.0, Avg: 0.0, Max: 0.0, Diff: 0.0, Sum: 0.1]
      [GC Worker Total (ms): Min: 4.2, Avg: 4.3, Max: 4.4, Diff: 0.2, Sum: 34.4]
      [GC Worker End (ms): Min: 3043.8, Avg: 3043.8, Max: 3043.8, Diff: 0.0]
   [Code Root Fixup: 0.0 ms]
   [Code Root Purge: 0.0 ms]
   [Clear CT: 0.8 ms]
   [Other: 6.5 ms]
      [Choose CSet: 0.0 ms]
      [Ref Proc: 5.8 ms]
      [Ref Enq: 0.0 ms]
      [Redirty Cards: 0.5 ms]
      [Humongous Register: 0.0 ms]
      [Humongous Reclaim: 0.0 ms]
      [Free CSet: 0.1 ms]
   [Eden: 143.0M(143.0M)->0.0B(131.0M) Survivors: 7168.0K->19.0M Heap: 158.3M(250.0M)->28.1M(250.0M)]
 [Times: user=0.00 sys=0.00, real=0.01 secs]
2020-01-16T10:14:49.339+0800: 3.320: [GC pause (G1 Evacuation Pause) (young), 0.0113535 secs]
   [Parallel Time: 5.4 ms, GC Workers: 8]
      [GC Worker Start (ms): Min: 3320.3, Avg: 3320.3, Max: 3320.4, Diff: 0.1]
      [Ext Root Scanning (ms): Min: 0.2, Avg: 0.4, Max: 0.8, Diff: 0.6, Sum: 2.9]
      [Update RS (ms): Min: 0.0, Avg: 0.3, Max: 0.5, Diff: 0.5, Sum: 2.4]
         [Processed Buffers: Min: 0, Avg: 1.9, Max: 4, Diff: 4, Sum: 15]
      [Scan RS (ms): Min: 0.0, Avg: 0.0, Max: 0.0, Diff: 0.0, Sum: 0.1]
      [Code Root Scanning (ms): Min: 0.0, Avg: 1.1, Max: 4.4, Diff: 4.4, Sum: 9.1]
      [Object Copy (ms): Min: 0.1, Avg: 3.2, Max: 4.3, Diff: 4.2, Sum: 25.6]
      [Termination (ms): Min: 0.0, Avg: 0.1, Max: 0.1, Diff: 0.1, Sum: 0.8]
         [Termination Attempts: Min: 1, Avg: 3.4, Max: 5, Diff: 4, Sum: 27]
      [GC Worker Other (ms): Min: 0.0, Avg: 0.0, Max: 0.0, Diff: 0.0, Sum: 0.1]
      [GC Worker Total (ms): Min: 5.1, Avg: 5.1, Max: 5.2, Diff: 0.1, Sum: 40.9]
      [GC Worker End (ms): Min: 3325.4, Avg: 3325.4, Max: 3325.5, Diff: 0.0]
   [Code Root Fixup: 0.0 ms]
   [Code Root Purge: 0.0 ms]
   [Clear CT: 0.3 ms]
   [Other: 5.6 ms]
      [Choose CSet: 0.0 ms]
      [Ref Proc: 4.6 ms]
      [Ref Enq: 0.1 ms]
      [Redirty Cards: 0.7 ms]
      [Humongous Register: 0.0 ms]
      [Humongous Reclaim: 0.0 ms]
      [Free CSet: 0.1 ms]
   [Eden: 131.0M(131.0M)->0.0B(131.0M) Survivors: 19.0M->19.0M Heap: 159.1M(250.0M)->32.1M(250.0M)]
 [Times: user=0.13 sys=0.00, real=0.01 secs]
2020-01-16T10:14:49.618+0800: 3.599: [GC pause (G1 Evacuation Pause) (young), 0.0120969 secs]
   [Parallel Time: 4.6 ms, GC Workers: 8]
      [GC Worker Start (ms): Min: 3599.5, Avg: 3599.6, Max: 3599.6, Diff: 0.1]
      [Ext Root Scanning (ms): Min: 0.2, Avg: 0.3, Max: 0.7, Diff: 0.5, Sum: 2.2]
      [Update RS (ms): Min: 0.2, Avg: 0.4, Max: 0.6, Diff: 0.4, Sum: 3.5]
         [Processed Buffers: Min: 1, Avg: 2.1, Max: 4, Diff: 3, Sum: 17]
      [Scan RS (ms): Min: 0.0, Avg: 0.0, Max: 0.0, Diff: 0.0, Sum: 0.1]
      [Code Root Scanning (ms): Min: 0.0, Avg: 0.1, Max: 0.2, Diff: 0.2, Sum: 0.6]
      [Object Copy (ms): Min: 3.4, Avg: 3.6, Max: 3.7, Diff: 0.3, Sum: 29.0]
      [Termination (ms): Min: 0.0, Avg: 0.0, Max: 0.0, Diff: 0.0, Sum: 0.0]
         [Termination Attempts: Min: 1, Avg: 1.0, Max: 1, Diff: 0, Sum: 8]
      [GC Worker Other (ms): Min: 0.0, Avg: 0.0, Max: 0.0, Diff: 0.0, Sum: 0.1]
      [GC Worker Total (ms): Min: 4.4, Avg: 4.4, Max: 4.5, Diff: 0.1, Sum: 35.5]
      [GC Worker End (ms): Min: 3604.0, Avg: 3604.0, Max: 3604.0, Diff: 0.0]
   [Code Root Fixup: 0.0 ms]
   [Code Root Purge: 0.1 ms]
   [Clear CT: 0.2 ms]
   [Other: 7.2 ms]
      [Choose CSet: 0.0 ms]
      [Ref Proc: 6.3 ms]
      [Ref Enq: 0.0 ms]
      [Redirty Cards: 0.7 ms]
      [Humongous Register: 0.0 ms]
      [Humongous Reclaim: 0.0 ms]
      [Free CSet: 0.1 ms]
   [Eden: 131.0M(131.0M)->0.0B(131.0M) Survivors: 19.0M->19.0M Heap: 163.1M(250.0M)->41.7M(250.0M)]
 [Times: user=0.11 sys=0.01, real=0.01 secs]
2020-01-16T10:14:49.947+0800: 3.927: [GC pause (G1 Evacuation Pause) (young), 0.0130195 secs]
   [Parallel Time: 4.9 ms, GC Workers: 8]
      [GC Worker Start (ms): Min: 3927.2, Avg: 3927.3, Max: 3928.0, Diff: 0.8]
      [Ext Root Scanning (ms): Min: 0.0, Avg: 0.2, Max: 0.5, Diff: 0.5, Sum: 1.8]
      [Update RS (ms): Min: 0.0, Avg: 0.3, Max: 0.4, Diff: 0.4, Sum: 2.5]
         [Processed Buffers: Min: 0, Avg: 2.5, Max: 9, Diff: 9, Sum: 20]
      [Scan RS (ms): Min: 0.0, Avg: 0.1, Max: 0.3, Diff: 0.2, Sum: 1.1]
      [Code Root Scanning (ms): Min: 0.0, Avg: 1.0, Max: 4.1, Diff: 4.1, Sum: 8.2]
      [Object Copy (ms): Min: 0.1, Avg: 2.9, Max: 3.9, Diff: 3.8, Sum: 23.1]
      [Termination (ms): Min: 0.0, Avg: 0.1, Max: 0.1, Diff: 0.1, Sum: 0.8]
         [Termination Attempts: Min: 1, Avg: 1.0, Max: 1, Diff: 0, Sum: 8]
      [GC Worker Other (ms): Min: 0.0, Avg: 0.0, Max: 0.0, Diff: 0.0, Sum: 0.1]
      [GC Worker Total (ms): Min: 4.0, Avg: 4.7, Max: 4.8, Diff: 0.8, Sum: 37.7]
      [GC Worker End (ms): Min: 3932.0, Avg: 3932.0, Max: 3932.0, Diff: 0.0]
   [Code Root Fixup: 0.0 ms]
   [Code Root Purge: 0.0 ms]
   [Clear CT: 0.5 ms]
   [Other: 7.6 ms]
      [Choose CSet: 0.0 ms]
      [Ref Proc: 6.8 ms]
      [Ref Enq: 0.0 ms]
      [Redirty Cards: 0.5 ms]
      [Humongous Register: 0.0 ms]
      [Humongous Reclaim: 0.0 ms]
      [Free CSet: 0.1 ms]
   [Eden: 131.0M(131.0M)->0.0B(131.0M) Survivors: 19.0M->19.0M Heap: 172.7M(250.0M)->49.0M(250.0M)]
 [Times: user=0.13 sys=0.00, real=0.01 secs]
2020-01-16T10:14:50.232+0800: 4.212: [GC pause (G1 Evacuation Pause) (young), 0.0136867 secs]
   [Parallel Time: 4.6 ms, GC Workers: 8]
      [GC Worker Start (ms): Min: 4212.2, Avg: 4212.3, Max: 4212.4, Diff: 0.1]
      [Ext Root Scanning (ms): Min: 0.2, Avg: 0.3, Max: 0.6, Diff: 0.4, Sum: 2.1]
      [Update RS (ms): Min: 0.2, Avg: 0.3, Max: 0.4, Diff: 0.2, Sum: 2.5]
         [Processed Buffers: Min: 1, Avg: 2.1, Max: 5, Diff: 4, Sum: 17]
      [Scan RS (ms): Min: 0.0, Avg: 0.1, Max: 0.2, Diff: 0.2, Sum: 1.0]
      [Code Root Scanning (ms): Min: 0.0, Avg: 0.1, Max: 0.2, Diff: 0.2, Sum: 0.4]
      [Object Copy (ms): Min: 3.5, Avg: 3.6, Max: 3.6, Diff: 0.1, Sum: 28.7]
      [Termination (ms): Min: 0.0, Avg: 0.0, Max: 0.1, Diff: 0.1, Sum: 0.3]
         [Termination Attempts: Min: 1, Avg: 1.0, Max: 1, Diff: 0, Sum: 8]
      [GC Worker Other (ms): Min: 0.0, Avg: 0.0, Max: 0.0, Diff: 0.0, Sum: 0.1]
      [GC Worker Total (ms): Min: 4.3, Avg: 4.4, Max: 4.5, Diff: 0.1, Sum: 35.2]
      [GC Worker End (ms): Min: 4216.7, Avg: 4216.7, Max: 4216.8, Diff: 0.0]
   [Code Root Fixup: 0.0 ms]
   [Code Root Purge: 0.0 ms]
   [Clear CT: 0.5 ms]
   [Other: 8.6 ms]
      [Choose CSet: 0.0 ms]
      [Ref Proc: 7.7 ms]
      [Ref Enq: 0.0 ms]
      [Redirty Cards: 0.6 ms]
      [Humongous Register: 0.0 ms]
      [Humongous Reclaim: 0.0 ms]
      [Free CSet: 0.1 ms]
   [Eden: 131.0M(131.0M)->0.0B(131.0M) Survivors: 19.0M->19.0M Heap: 180.0M(250.0M)->63.0M(250.0M)]
 [Times: user=0.00 sys=0.00, real=0.01 secs]
2020-01-16T10:14:50.517+0800: 4.498: [GC pause (G1 Evacuation Pause) (young), 0.0119639 secs]
   [Parallel Time: 4.8 ms, GC Workers: 8]
      [GC Worker Start (ms): Min: 4498.1, Avg: 4498.2, Max: 4498.2, Diff: 0.1]
      [Ext Root Scanning (ms): Min: 0.2, Avg: 0.3, Max: 0.5, Diff: 0.3, Sum: 2.0]
      [Update RS (ms): Min: 0.2, Avg: 0.3, Max: 0.4, Diff: 0.2, Sum: 2.6]
         [Processed Buffers: Min: 1, Avg: 2.4, Max: 4, Diff: 3, Sum: 19]
      [Scan RS (ms): Min: 0.2, Avg: 0.3, Max: 0.4, Diff: 0.1, Sum: 2.5]
      [Code Root Scanning (ms): Min: 0.0, Avg: 0.0, Max: 0.1, Diff: 0.1, Sum: 0.3]
      [Object Copy (ms): Min: 3.6, Avg: 3.7, Max: 3.7, Diff: 0.1, Sum: 29.5]
      [Termination (ms): Min: 0.0, Avg: 0.0, Max: 0.0, Diff: 0.0, Sum: 0.0]
         [Termination Attempts: Min: 1, Avg: 1.0, Max: 1, Diff: 0, Sum: 8]
      [GC Worker Other (ms): Min: 0.0, Avg: 0.0, Max: 0.1, Diff: 0.0, Sum: 0.2]
      [GC Worker Total (ms): Min: 4.6, Avg: 4.6, Max: 4.7, Diff: 0.1, Sum: 37.1]
      [GC Worker End (ms): Min: 4502.8, Avg: 4502.8, Max: 4502.8, Diff: 0.0]
   [Code Root Fixup: 0.0 ms]
   [Code Root Purge: 0.0 ms]
   [Clear CT: 0.2 ms]
   [Other: 7.0 ms]
      [Choose CSet: 0.0 ms]
      [Ref Proc: 6.6 ms]
      [Ref Enq: 0.1 ms]
      [Redirty Cards: 0.1 ms]
      [Humongous Register: 0.0 ms]
      [Humongous Reclaim: 0.0 ms]
      [Free CSet: 0.1 ms]
   [Eden: 131.0M(131.0M)->0.0B(131.0M) Survivors: 19.0M->19.0M Heap: 194.0M(250.0M)->73.0M(250.0M)]
 [Times: user=0.03 sys=0.02, real=0.01 secs]
2020-01-16T10:14:50.804+0800: 4.785: [GC pause (G1 Evacuation Pause) (young), 0.0086482 secs]
   [Parallel Time: 3.6 ms, GC Workers: 8]
      [GC Worker Start (ms): Min: 4785.3, Avg: 4785.3, Max: 4785.4, Diff: 0.1]
      [Ext Root Scanning (ms): Min: 0.2, Avg: 0.2, Max: 0.3, Diff: 0.2, Sum: 1.9]
      [Update RS (ms): Min: 0.4, Avg: 0.5, Max: 0.5, Diff: 0.2, Sum: 3.7]
         [Processed Buffers: Min: 2, Avg: 2.5, Max: 4, Diff: 2, Sum: 20]
      [Scan RS (ms): Min: 0.3, Avg: 0.3, Max: 0.4, Diff: 0.1, Sum: 2.6]
      [Code Root Scanning (ms): Min: 0.0, Avg: 0.0, Max: 0.0, Diff: 0.0, Sum: 0.0]
      [Object Copy (ms): Min: 2.3, Avg: 2.3, Max: 2.3, Diff: 0.0, Sum: 18.4]
      [Termination (ms): Min: 0.0, Avg: 0.0, Max: 0.0, Diff: 0.0, Sum: 0.0]
         [Termination Attempts: Min: 1, Avg: 1.1, Max: 2, Diff: 1, Sum: 9]
      [GC Worker Other (ms): Min: 0.0, Avg: 0.0, Max: 0.1, Diff: 0.1, Sum: 0.3]
      [GC Worker Total (ms): Min: 3.3, Avg: 3.4, Max: 3.5, Diff: 0.1, Sum: 27.0]
      [GC Worker End (ms): Min: 4788.7, Avg: 4788.7, Max: 4788.7, Diff: 0.1]
   [Code Root Fixup: 0.0 ms]
   [Code Root Purge: 0.0 ms]
   [Clear CT: 0.7 ms]
   [Other: 4.3 ms]
      [Choose CSet: 0.0 ms]
      [Ref Proc: 3.5 ms]
      [Ref Enq: 0.0 ms]
      [Redirty Cards: 0.6 ms]
      [Humongous Register: 0.0 ms]
      [Humongous Reclaim: 0.0 ms]
      [Free CSet: 0.1 ms]
   [Eden: 131.0M(131.0M)->0.0B(132.0M) Survivors: 19.0M->18.0M Heap: 204.0M(250.0M)->72.0M(250.0M)]
 [Times: user=0.02 sys=0.00, real=0.01 secs]
2020-01-16T10:14:51.089+0800: 5.070: [GC pause (G1 Evacuation Pause) (young), 0.0090597 secs]
   [Parallel Time: 3.9 ms, GC Workers: 8]
      [GC Worker Start (ms): Min: 5069.9, Avg: 5070.0, Max: 5070.0, Diff: 0.2]
      [Ext Root Scanning (ms): Min: 0.2, Avg: 0.3, Max: 0.4, Diff: 0.2, Sum: 2.0]
      [Update RS (ms): Min: 0.4, Avg: 0.5, Max: 0.5, Diff: 0.1, Sum: 3.7]
         [Processed Buffers: Min: 3, Avg: 4.0, Max: 7, Diff: 4, Sum: 32]
      [Scan RS (ms): Min: 0.0, Avg: 0.1, Max: 0.1, Diff: 0.1, Sum: 0.5]
      [Code Root Scanning (ms): Min: 0.0, Avg: 0.0, Max: 0.0, Diff: 0.0, Sum: 0.1]
      [Object Copy (ms): Min: 2.6, Avg: 2.7, Max: 2.7, Diff: 0.1, Sum: 21.3]
      [Termination (ms): Min: 0.0, Avg: 0.0, Max: 0.0, Diff: 0.0, Sum: 0.0]
         [Termination Attempts: Min: 1, Avg: 1.0, Max: 1, Diff: 0, Sum: 8]
      [GC Worker Other (ms): Min: 0.0, Avg: 0.0, Max: 0.0, Diff: 0.0, Sum: 0.2]
      [GC Worker Total (ms): Min: 3.4, Avg: 3.5, Max: 3.6, Diff: 0.2, Sum: 27.7]
      [GC Worker End (ms): Min: 5073.4, Avg: 5073.4, Max: 5073.5, Diff: 0.0]
   [Code Root Fixup: 0.0 ms]
   [Code Root Purge: 0.0 ms]
   [Clear CT: 0.6 ms]
   [Other: 4.6 ms]
      [Choose CSet: 0.0 ms]
      [Ref Proc: 3.5 ms]
      [Ref Enq: 0.1 ms]
      [Redirty Cards: 0.8 ms]
      [Humongous Register: 0.0 ms]
      [Humongous Reclaim: 0.0 ms]
      [Free CSet: 0.1 ms]
   [Eden: 132.0M(132.0M)->0.0B(131.0M) Survivors: 18.0M->19.0M Heap: 204.0M(250.0M)->73.0M(250.0M)]
 [Times: user=0.13 sys=0.00, real=0.01 secs]
2020-01-16T10:14:51.366+0800: 5.346: [GC pause (G1 Evacuation Pause) (young), 0.0109202 secs]
   [Parallel Time: 4.1 ms, GC Workers: 8]
      [GC Worker Start (ms): Min: 5346.3, Avg: 5346.4, Max: 5346.4, Diff: 0.2]
      [Ext Root Scanning (ms): Min: 0.2, Avg: 0.2, Max: 0.4, Diff: 0.2, Sum: 2.0]
      [Update RS (ms): Min: 0.3, Avg: 0.4, Max: 0.4, Diff: 0.1, Sum: 2.9]
         [Processed Buffers: Min: 2, Avg: 2.9, Max: 4, Diff: 2, Sum: 23]
      [Scan RS (ms): Min: 0.1, Avg: 0.2, Max: 0.2, Diff: 0.1, Sum: 1.4]
      [Code Root Scanning (ms): Min: 0.0, Avg: 0.0, Max: 0.0, Diff: 0.0, Sum: 0.1]
      [Object Copy (ms): Min: 3.1, Avg: 3.1, Max: 3.1, Diff: 0.0, Sum: 24.9]
      [Termination (ms): Min: 0.0, Avg: 0.0, Max: 0.0, Diff: 0.0, Sum: 0.0]
         [Termination Attempts: Min: 1, Avg: 1.0, Max: 1, Diff: 0, Sum: 8]
      [GC Worker Other (ms): Min: 0.0, Avg: 0.0, Max: 0.0, Diff: 0.0, Sum: 0.1]
      [GC Worker Total (ms): Min: 3.9, Avg: 3.9, Max: 4.0, Diff: 0.2, Sum: 31.4]
      [GC Worker End (ms): Min: 5350.3, Avg: 5350.3, Max: 5350.3, Diff: 0.0]
   [Code Root Fixup: 0.0 ms]
   [Code Root Purge: 0.0 ms]
   [Clear CT: 0.6 ms]
   [Other: 6.1 ms]
      [Choose CSet: 0.0 ms]
      [Ref Proc: 5.2 ms]
      [Ref Enq: 0.0 ms]
      [Redirty Cards: 0.7 ms]
      [Humongous Register: 0.0 ms]
      [Humongous Reclaim: 0.0 ms]
      [Free CSet: 0.1 ms]
   [Eden: 131.0M(131.0M)->0.0B(128.0M) Survivors: 19.0M->19.0M Heap: 204.0M(250.0M)->77.5M(250.0M)]
 [Times: user=0.02 sys=0.00, real=0.01 secs]
2020-01-16T10:14:51.609+0800: 5.590: [GC pause (G1 Evacuation Pause) (young), 0.0102686 secs]
   [Parallel Time: 4.7 ms, GC Workers: 8]
      [GC Worker Start (ms): Min: 5590.1, Avg: 5590.2, Max: 5590.3, Diff: 0.2]
      [Ext Root Scanning (ms): Min: 0.2, Avg: 0.2, Max: 0.4, Diff: 0.2, Sum: 2.0]
      [Update RS (ms): Min: 0.4, Avg: 0.5, Max: 0.6, Diff: 0.2, Sum: 3.8]
         [Processed Buffers: Min: 2, Avg: 3.5, Max: 5, Diff: 3, Sum: 28]
      [Scan RS (ms): Min: 0.1, Avg: 0.2, Max: 0.3, Diff: 0.2, Sum: 1.7]
      [Code Root Scanning (ms): Min: 0.0, Avg: 0.0, Max: 0.1, Diff: 0.1, Sum: 0.1]
      [Object Copy (ms): Min: 3.2, Avg: 3.2, Max: 3.3, Diff: 0.0, Sum: 26.0]
      [Termination (ms): Min: 0.0, Avg: 0.0, Max: 0.0, Diff: 0.0, Sum: 0.0]
         [Termination Attempts: Min: 1, Avg: 1.0, Max: 1, Diff: 0, Sum: 8]
      [GC Worker Other (ms): Min: 0.0, Avg: 0.0, Max: 0.0, Diff: 0.0, Sum: 0.2]
      [GC Worker Total (ms): Min: 4.2, Avg: 4.2, Max: 4.3, Diff: 0.1, Sum: 33.8]
      [GC Worker End (ms): Min: 5594.4, Avg: 5594.5, Max: 5594.5, Diff: 0.0]
   [Code Root Fixup: 0.0 ms]
   [Code Root Purge: 0.0 ms]
   [Clear CT: 0.5 ms]
   [Other: 5.1 ms]
      [Choose CSet: 0.0 ms]
      [Ref Proc: 4.2 ms]
      [Ref Enq: 0.0 ms]
      [Redirty Cards: 0.6 ms]
      [Humongous Register: 0.0 ms]
      [Humongous Reclaim: 0.0 ms]
      [Free CSet: 0.2 ms]
   [Eden: 128.0M(128.0M)->0.0B(125.0M) Survivors: 19.0M->19.0M Heap: 205.5M(250.0M)->80.9M(250.0M)]
 [Times: user=0.00 sys=0.00, real=0.01 secs]
2020-01-16T10:14:51.887+0800: 5.867: [GC pause (G1 Evacuation Pause) (young), 0.0118362 secs]
   [Parallel Time: 4.7 ms, GC Workers: 8]
      [GC Worker Start (ms): Min: 5867.4, Avg: 5867.5, Max: 5867.6, Diff: 0.2]
      [Ext Root Scanning (ms): Min: 0.2, Avg: 0.3, Max: 0.4, Diff: 0.2, Sum: 2.0]
      [Update RS (ms): Min: 0.5, Avg: 0.5, Max: 0.6, Diff: 0.1, Sum: 4.3]
         [Processed Buffers: Min: 3, Avg: 4.3, Max: 7, Diff: 4, Sum: 34]
      [Scan RS (ms): Min: 0.1, Avg: 0.1, Max: 0.2, Diff: 0.1, Sum: 1.1]
      [Code Root Scanning (ms): Min: 0.0, Avg: 0.0, Max: 0.1, Diff: 0.1, Sum: 0.1]
      [Object Copy (ms): Min: 3.6, Avg: 3.6, Max: 3.6, Diff: 0.0, Sum: 28.7]
      [Termination (ms): Min: 0.0, Avg: 0.0, Max: 0.0, Diff: 0.0, Sum: 0.0]
         [Termination Attempts: Min: 1, Avg: 1.1, Max: 2, Diff: 1, Sum: 9]
      [GC Worker Other (ms): Min: 0.0, Avg: 0.0, Max: 0.0, Diff: 0.0, Sum: 0.2]
      [GC Worker Total (ms): Min: 4.5, Avg: 4.5, Max: 4.6, Diff: 0.2, Sum: 36.3]
      [GC Worker End (ms): Min: 5872.0, Avg: 5872.1, Max: 5872.1, Diff: 0.0]
   [Code Root Fixup: 0.0 ms]
   [Code Root Purge: 0.0 ms]
   [Clear CT: 0.6 ms]
   [Other: 6.4 ms]
      [Choose CSet: 0.0 ms]
      [Ref Proc: 5.5 ms]
      [Ref Enq: 0.1 ms]
      [Redirty Cards: 0.7 ms]
      [Humongous Register: 0.0 ms]
      [Humongous Reclaim: 0.0 ms]
      [Free CSet: 0.1 ms]
   [Eden: 125.0M(125.0M)->0.0B(120.0M) Survivors: 19.0M->18.0M Heap: 205.9M(250.0M)->86.7M(250.0M)]
 [Times: user=0.00 sys=0.00, real=0.01 secs]
2020-01-16T10:14:52.213+0800: 6.194: [GC pause (G1 Evacuation Pause) (young), 0.0161080 secs]
   [Parallel Time: 7.2 ms, GC Workers: 8]
      [GC Worker Start (ms): Min: 6194.1, Avg: 6194.2, Max: 6194.2, Diff: 0.1]
      [Ext Root Scanning (ms): Min: 0.2, Avg: 0.2, Max: 0.4, Diff: 0.2, Sum: 1.9]
      [Update RS (ms): Min: 0.4, Avg: 1.0, Max: 5.0, Diff: 4.6, Sum: 8.2]
         [Processed Buffers: Min: 3, Avg: 3.3, Max: 5, Diff: 2, Sum: 26]
      [Scan RS (ms): Min: 0.0, Avg: 0.3, Max: 0.4, Diff: 0.4, Sum: 2.8]
      [Code Root Scanning (ms): Min: 0.0, Avg: 0.0, Max: 0.1, Diff: 0.1, Sum: 0.2]
      [Object Copy (ms): Min: 1.5, Avg: 5.1, Max: 5.6, Diff: 4.1, Sum: 40.6]
      [Termination (ms): Min: 0.0, Avg: 0.0, Max: 0.0, Diff: 0.0, Sum: 0.0]
         [Termination Attempts: Min: 1, Avg: 1.0, Max: 1, Diff: 0, Sum: 8]
      [GC Worker Other (ms): Min: 0.0, Avg: 0.0, Max: 0.0, Diff: 0.0, Sum: 0.2]
      [GC Worker Total (ms): Min: 6.7, Avg: 6.7, Max: 6.8, Diff: 0.1, Sum: 53.9]
      [GC Worker End (ms): Min: 6200.9, Avg: 6200.9, Max: 6200.9, Diff: 0.0]
   [Code Root Fixup: 0.0 ms]
   [Code Root Purge: 0.0 ms]
   [Clear CT: 0.7 ms]
   [Other: 8.2 ms]
      [Choose CSet: 0.0 ms]
      [Ref Proc: 7.4 ms]
      [Ref Enq: 0.0 ms]
      [Redirty Cards: 0.6 ms]
      [Humongous Register: 0.0 ms]
      [Humongous Reclaim: 0.0 ms]
      [Free CSet: 0.1 ms]
   [Eden: 120.0M(120.0M)->0.0B(112.0M) Survivors: 18.0M->18.0M Heap: 206.7M(250.0M)->95.0M(250.0M)]
 [Times: user=0.13 sys=0.00, real=0.02 secs]
2020-01-16T10:14:52.512+0800: 6.494: [GC pause (G1 Evacuation Pause) (young), 0.0133520 secs]
   [Parallel Time: 7.2 ms, GC Workers: 8]
      [GC Worker Start (ms): Min: 6493.6, Avg: 6493.7, Max: 6493.7, Diff: 0.1]
      [Ext Root Scanning (ms): Min: 0.2, Avg: 0.2, Max: 0.4, Diff: 0.2, Sum: 1.9]
      [Update RS (ms): Min: 0.0, Avg: 0.7, Max: 0.9, Diff: 0.9, Sum: 5.4]
         [Processed Buffers: Min: 0, Avg: 3.5, Max: 5, Diff: 5, Sum: 28]
      [Scan RS (ms): Min: 0.2, Avg: 0.5, Max: 0.7, Diff: 0.5, Sum: 4.4]
      [Code Root Scanning (ms): Min: 0.0, Avg: 0.7, Max: 5.5, Diff: 5.5, Sum: 5.7]
      [Object Copy (ms): Min: 0.0, Avg: 4.7, Max: 6.5, Diff: 6.4, Sum: 37.7]
      [Termination (ms): Min: 0.0, Avg: 0.1, Max: 0.1, Diff: 0.1, Sum: 0.7]
         [Termination Attempts: Min: 1, Avg: 1.0, Max: 1, Diff: 0, Sum: 8]
      [GC Worker Other (ms): Min: 0.0, Avg: 0.0, Max: 0.0, Diff: 0.0, Sum: 0.2]
      [GC Worker Total (ms): Min: 6.9, Avg: 7.0, Max: 7.1, Diff: 0.1, Sum: 56.0]
      [GC Worker End (ms): Min: 6500.7, Avg: 6500.7, Max: 6500.7, Diff: 0.0]
   [Code Root Fixup: 0.0 ms]
   [Code Root Purge: 0.0 ms]
   [Clear CT: 0.3 ms]
   [Other: 5.9 ms]
      [Choose CSet: 0.0 ms]
      [Ref Proc: 5.4 ms]
      [Ref Enq: 0.1 ms]
      [Redirty Cards: 0.3 ms]
      [Humongous Register: 0.0 ms]
      [Humongous Reclaim: 0.0 ms]
      [Free CSet: 0.1 ms]
   [Eden: 112.0M(112.0M)->0.0B(103.0M) Survivors: 18.0M->17.0M Heap: 207.0M(250.0M)->105.0M(250.0M)]
 [Times: user=0.00 sys=0.00, real=0.01 secs]
2020-01-16T10:14:52.764+0800: 6.744: [GC pause (G1 Evacuation Pause) (young), 0.0116872 secs]
   [Parallel Time: 6.3 ms, GC Workers: 8]
      [GC Worker Start (ms): Min: 6744.3, Avg: 6744.4, Max: 6744.4, Diff: 0.1]
      [Ext Root Scanning (ms): Min: 0.2, Avg: 0.3, Max: 0.4, Diff: 0.2, Sum: 2.0]
      [Update RS (ms): Min: 0.8, Avg: 0.9, Max: 1.2, Diff: 0.4, Sum: 7.0]
         [Processed Buffers: Min: 2, Avg: 3.8, Max: 6, Diff: 4, Sum: 30]
      [Scan RS (ms): Min: 0.3, Avg: 0.5, Max: 0.6, Diff: 0.4, Sum: 4.3]
      [Code Root Scanning (ms): Min: 0.0, Avg: 0.0, Max: 0.1, Diff: 0.1, Sum: 0.2]
      [Object Copy (ms): Min: 4.2, Avg: 4.2, Max: 4.2, Diff: 0.0, Sum: 33.5]
      [Termination (ms): Min: 0.0, Avg: 0.0, Max: 0.0, Diff: 0.0, Sum: 0.0]
         [Termination Attempts: Min: 1, Avg: 1.0, Max: 1, Diff: 0, Sum: 8]
      [GC Worker Other (ms): Min: 0.0, Avg: 0.0, Max: 0.0, Diff: 0.0, Sum: 0.2]
      [GC Worker Total (ms): Min: 5.8, Avg: 5.9, Max: 6.0, Diff: 0.1, Sum: 47.2]
      [GC Worker End (ms): Min: 6750.3, Avg: 6750.3, Max: 6750.3, Diff: 0.0]
   [Code Root Fixup: 0.0 ms]
   [Code Root Purge: 0.0 ms]
   [Clear CT: 0.5 ms]
   [Other: 4.9 ms]
      [Choose CSet: 0.0 ms]
      [Ref Proc: 4.2 ms]
      [Ref Enq: 0.0 ms]
      [Redirty Cards: 0.5 ms]
      [Humongous Register: 0.0 ms]
      [Humongous Reclaim: 0.0 ms]
      [Free CSet: 0.2 ms]
   [Eden: 103.0M(103.0M)->0.0B(96.0M) Survivors: 17.0M->15.0M Heap: 208.0M(250.0M)->114.0M(250.0M)]
 [Times: user=0.00 sys=0.00, real=0.01 secs]
2020-01-16T10:14:52.915+0800: 6.896: [GC pause (G1 Evacuation Pause) (young), 0.0093996 secs]
   [Parallel Time: 5.5 ms, GC Workers: 8]
      [GC Worker Start (ms): Min: 6896.4, Avg: 6896.5, Max: 6896.6, Diff: 0.2]
      [Ext Root Scanning (ms): Min: 0.2, Avg: 0.3, Max: 0.4, Diff: 0.2, Sum: 2.1]
      [Update RS (ms): Min: 0.8, Avg: 0.9, Max: 1.1, Diff: 0.3, Sum: 7.4]
         [Processed Buffers: Min: 3, Avg: 4.5, Max: 10, Diff: 7, Sum: 36]
      [Scan RS (ms): Min: 0.6, Avg: 0.7, Max: 0.8, Diff: 0.2, Sum: 5.8]
      [Code Root Scanning (ms): Min: 0.0, Avg: 0.0, Max: 0.1, Diff: 0.1, Sum: 0.2]
      [Object Copy (ms): Min: 3.2, Avg: 3.3, Max: 3.3, Diff: 0.1, Sum: 26.3]
      [Termination (ms): Min: 0.0, Avg: 0.0, Max: 0.0, Diff: 0.0, Sum: 0.0]
         [Termination Attempts: Min: 1, Avg: 1.0, Max: 1, Diff: 0, Sum: 8]
      [GC Worker Other (ms): Min: 0.0, Avg: 0.0, Max: 0.0, Diff: 0.0, Sum: 0.2]
      [GC Worker Total (ms): Min: 5.2, Avg: 5.3, Max: 5.4, Diff: 0.2, Sum: 42.1]
      [GC Worker End (ms): Min: 6901.8, Avg: 6901.8, Max: 6901.8, Diff: 0.0]
   [Code Root Fixup: 0.0 ms]
   [Code Root Purge: 0.0 ms]
   [Clear CT: 0.7 ms]
   [Other: 3.2 ms]
      [Choose CSet: 0.0 ms]
      [Ref Proc: 2.5 ms]
      [Ref Enq: 0.0 ms]
      [Redirty Cards: 0.6 ms]
      [Humongous Register: 0.0 ms]
      [Humongous Reclaim: 0.0 ms]
      [Free CSet: 0.1 ms]
   [Eden: 96.0M(96.0M)->0.0B(92.0M) Survivors: 15.0M->14.0M Heap: 210.0M(250.0M)->118.5M(250.0M)]
 [Times: user=0.13 sys=0.00, real=0.01 secs]
2020-01-16T10:14:53.074+0800: 7.055: [GC pause (G1 Evacuation Pause) (young), 0.0090129 secs]
   [Parallel Time: 5.3 ms, GC Workers: 8]
      [GC Worker Start (ms): Min: 7055.1, Avg: 7055.2, Max: 7055.2, Diff: 0.1]
      [Ext Root Scanning (ms): Min: 0.2, Avg: 0.3, Max: 0.3, Diff: 0.2, Sum: 2.1]
      [Update RS (ms): Min: 1.2, Avg: 1.5, Max: 3.5, Diff: 2.3, Sum: 12.1]
         [Processed Buffers: Min: 0, Avg: 4.5, Max: 8, Diff: 8, Sum: 36]
      [Scan RS (ms): Min: 0.0, Avg: 0.5, Max: 0.6, Diff: 0.6, Sum: 3.8]
      [Code Root Scanning (ms): Min: 0.0, Avg: 0.0, Max: 0.0, Diff: 0.0, Sum: 0.1]
      [Object Copy (ms): Min: 1.2, Avg: 2.7, Max: 2.9, Diff: 1.7, Sum: 21.7]
      [Termination (ms): Min: 0.0, Avg: 0.0, Max: 0.0, Diff: 0.0, Sum: 0.0]
         [Termination Attempts: Min: 1, Avg: 1.0, Max: 1, Diff: 0, Sum: 8]
      [GC Worker Other (ms): Min: 0.0, Avg: 0.0, Max: 0.0, Diff: 0.0, Sum: 0.2]
      [GC Worker Total (ms): Min: 4.9, Avg: 5.0, Max: 5.1, Diff: 0.1, Sum: 40.0]
      [GC Worker End (ms): Min: 7060.2, Avg: 7060.2, Max: 7060.2, Diff: 0.0]
   [Code Root Fixup: 0.0 ms]
   [Code Root Purge: 0.0 ms]
   [Clear CT: 0.5 ms]
   [Other: 3.2 ms]
      [Choose CSet: 0.0 ms]
      [Ref Proc: 2.5 ms]
      [Ref Enq: 0.0 ms]
      [Redirty Cards: 0.6 ms]
      [Humongous Register: 0.0 ms]
      [Humongous Reclaim: 0.0 ms]
      [Free CSet: 0.1 ms]
   [Eden: 92.0M(92.0M)->0.0B(90.0M) Survivors: 14.0M->14.0M Heap: 210.5M(250.0M)->120.4M(250.0M)]
 [Times: user=0.03 sys=0.00, real=0.01 secs]
2020-01-16T10:14:53.216+0800: 7.196: [GC pause (G1 Evacuation Pause) (young), 0.0083149 secs]
   [Parallel Time: 5.3 ms, GC Workers: 8]
      [GC Worker Start (ms): Min: 7196.5, Avg: 7196.6, Max: 7196.7, Diff: 0.1]
      [Ext Root Scanning (ms): Min: 0.1, Avg: 0.2, Max: 0.4, Diff: 0.2, Sum: 1.9]
      [Update RS (ms): Min: 0.0, Avg: 1.2, Max: 1.5, Diff: 1.5, Sum: 9.4]
         [Processed Buffers: Min: 0, Avg: 5.8, Max: 7, Diff: 7, Sum: 46]
      [Scan RS (ms): Min: 0.0, Avg: 0.0, Max: 0.0, Diff: 0.0, Sum: 0.1]
      [Code Root Scanning (ms): Min: 0.0, Avg: 0.4, Max: 3.5, Diff: 3.5, Sum: 3.6]
      [Object Copy (ms): Min: 0.0, Avg: 3.1, Max: 4.8, Diff: 4.8, Sum: 25.1]
      [Termination (ms): Min: 0.0, Avg: 0.0, Max: 0.1, Diff: 0.1, Sum: 0.4]
         [Termination Attempts: Min: 1, Avg: 1.1, Max: 2, Diff: 1, Sum: 9]
      [GC Worker Other (ms): Min: 0.0, Avg: 0.0, Max: 0.0, Diff: 0.0, Sum: 0.1]
      [GC Worker Total (ms): Min: 5.0, Avg: 5.1, Max: 5.2, Diff: 0.1, Sum: 40.5]
      [GC Worker End (ms): Min: 7201.7, Avg: 7201.7, Max: 7201.7, Diff: 0.0]
   [Code Root Fixup: 0.0 ms]
   [Code Root Purge: 0.0 ms]
   [Clear CT: 0.3 ms]
   [Other: 2.7 ms]
      [Choose CSet: 0.0 ms]
      [Ref Proc: 2.3 ms]
      [Ref Enq: 0.0 ms]
      [Redirty Cards: 0.2 ms]
      [Humongous Register: 0.0 ms]
      [Humongous Reclaim: 0.0 ms]
      [Free CSet: 0.1 ms]
   [Eden: 90.0M(90.0M)->0.0B(90.0M) Survivors: 14.0M->13.0M Heap: 210.4M(250.0M)->121.9M(250.0M)]
 [Times: user=0.00 sys=0.00, real=0.01 secs]
2020-01-16T10:14:53.379+0800: 7.360: [GC pause (G1 Evacuation Pause) (young), 0.0081460 secs]
   [Parallel Time: 4.9 ms, GC Workers: 8]
      [GC Worker Start (ms): Min: 7360.5, Avg: 7360.6, Max: 7360.7, Diff: 0.2]
      [Ext Root Scanning (ms): Min: 0.2, Avg: 0.3, Max: 0.4, Diff: 0.2, Sum: 2.0]
      [Update RS (ms): Min: 1.4, Avg: 1.5, Max: 1.7, Diff: 0.3, Sum: 12.2]
         [Processed Buffers: Min: 6, Avg: 6.6, Max: 8, Diff: 2, Sum: 53]
      [Scan RS (ms): Min: 0.0, Avg: 0.0, Max: 0.0, Diff: 0.0, Sum: 0.1]
      [Code Root Scanning (ms): Min: 0.0, Avg: 0.0, Max: 0.0, Diff: 0.0, Sum: 0.1]
      [Object Copy (ms): Min: 2.7, Avg: 2.8, Max: 2.9, Diff: 0.2, Sum: 22.4]
      [Termination (ms): Min: 0.0, Avg: 0.0, Max: 0.0, Diff: 0.0, Sum: 0.0]
         [Termination Attempts: Min: 1, Avg: 1.8, Max: 3, Diff: 2, Sum: 14]
      [GC Worker Other (ms): Min: 0.0, Avg: 0.0, Max: 0.0, Diff: 0.0, Sum: 0.1]
      [GC Worker Total (ms): Min: 4.6, Avg: 4.6, Max: 4.7, Diff: 0.2, Sum: 36.9]
      [GC Worker End (ms): Min: 7365.2, Avg: 7365.2, Max: 7365.2, Diff: 0.0]
   [Code Root Fixup: 0.0 ms]
   [Code Root Purge: 0.0 ms]
   [Clear CT: 0.7 ms]
   [Other: 2.6 ms]
      [Choose CSet: 0.0 ms]
      [Ref Proc: 1.8 ms]
      [Ref Enq: 0.0 ms]
      [Redirty Cards: 0.6 ms]
      [Humongous Register: 0.0 ms]
      [Humongous Reclaim: 0.0 ms]
      [Free CSet: 0.1 ms]
   [Eden: 90.0M(90.0M)->0.0B(86.0M) Survivors: 13.0M->13.0M Heap: 211.9M(250.0M)->124.9M(250.0M)]
 [Times: user=0.00 sys=0.00, real=0.01 secs]
2020-01-16T10:14:53.562+0800: 7.542: [GC pause (G1 Evacuation Pause) (young) (initial-mark), 0.0090917 secs]
   [Parallel Time: 4.7 ms, GC Workers: 8]
      [GC Worker Start (ms): Min: 7542.2, Avg: 7542.3, Max: 7542.4, Diff: 0.2]
      [Ext Root Scanning (ms): Min: 0.4, Avg: 0.5, Max: 0.6, Diff: 0.2, Sum: 4.2]
      [Update RS (ms): Min: 1.1, Avg: 1.3, Max: 1.7, Diff: 0.5, Sum: 10.7]
         [Processed Buffers: Min: 4, Avg: 5.5, Max: 7, Diff: 3, Sum: 44]
      [Scan RS (ms): Min: 0.0, Avg: 0.4, Max: 0.5, Diff: 0.5, Sum: 3.0]
      [Code Root Scanning (ms): Min: 0.0, Avg: 0.0, Max: 0.0, Diff: 0.0, Sum: 0.0]
      [Object Copy (ms): Min: 2.0, Avg: 2.1, Max: 2.1, Diff: 0.1, Sum: 16.6]
      [Termination (ms): Min: 0.0, Avg: 0.0, Max: 0.0, Diff: 0.0, Sum: 0.0]
         [Termination Attempts: Min: 1, Avg: 1.0, Max: 1, Diff: 0, Sum: 8]
      [GC Worker Other (ms): Min: 0.0, Avg: 0.0, Max: 0.0, Diff: 0.0, Sum: 0.1]
      [GC Worker Total (ms): Min: 4.3, Avg: 4.3, Max: 4.5, Diff: 0.2, Sum: 34.6]
      [GC Worker End (ms): Min: 7546.6, Avg: 7546.6, Max: 7546.6, Diff: 0.0]
   [Code Root Fixup: 0.0 ms]
   [Code Root Purge: 0.0 ms]
   [Clear CT: 0.7 ms]
   [Other: 3.7 ms]
      [Choose CSet: 0.0 ms]
      [Ref Proc: 3.0 ms]
      [Ref Enq: 0.0 ms]
      [Redirty Cards: 0.6 ms]
      [Humongous Register: 0.0 ms]
      [Humongous Reclaim: 0.0 ms]
      [Free CSet: 0.1 ms]
   [Eden: 86.0M(86.0M)->0.0B(83.0M) Survivors: 13.0M->13.0M Heap: 210.9M(250.0M)->128.6M(250.0M)]
 [Times: user=0.00 sys=0.00, real=0.01 secs]
2020-01-16T10:14:53.571+0800: 7.551: [GC concurrent-root-region-scan-start]
2020-01-16T10:14:53.574+0800: 7.555: [GC concurrent-root-region-scan-end, 0.0035729 secs]
2020-01-16T10:14:53.574+0800: 7.555: [GC concurrent-mark-start]
2020-01-16T10:14:53.598+0800: 7.579: [GC concurrent-mark-end, 0.0237086 secs]
2020-01-16T10:14:53.598+0800: 7.579: [GC remark 2020-01-16T10:14:53.598+0800: 7.579: [Finalize Marking, 0.0003936 secs] 2020-01-16T10:14:53.599+0800: 7.579: [GC ref-proc, 0.0003236 secs] 2020-01-16T10:14:53.599+0800: 7.580: [Unloading, 0.0024556 secs], 0.0034769 secs]
 [Times: user=0.00 sys=0.00, real=0.00 secs]
2020-01-16T10:14:53.602+0800: 7.583: [GC cleanup 142M->76M(250M), 0.0025356 secs]
 [Times: user=0.00 sys=0.00, real=0.00 secs]
2020-01-16T10:14:53.605+0800: 7.585: [GC concurrent-cleanup-start]
2020-01-16T10:14:53.605+0800: 7.585: [GC concurrent-cleanup-end, 0.0000557 secs]
2020-01-16T10:14:53.759+0800: 7.739: [GC pause (G1 Evacuation Pause) (young), 0.0075883 secs]
   [Parallel Time: 4.1 ms, GC Workers: 8]
      [GC Worker Start (ms): Min: 7739.3, Avg: 7739.4, Max: 7739.4, Diff: 0.1]
      [Ext Root Scanning (ms): Min: 0.2, Avg: 0.3, Max: 0.4, Diff: 0.2, Sum: 2.1]
      [Update RS (ms): Min: 1.2, Avg: 1.3, Max: 1.6, Diff: 0.4, Sum: 10.4]
         [Processed Buffers: Min: 5, Avg: 5.9, Max: 8, Diff: 3, Sum: 47]
      [Scan RS (ms): Min: 0.0, Avg: 0.0, Max: 0.0, Diff: 0.0, Sum: 0.1]
      [Code Root Scanning (ms): Min: 0.0, Avg: 0.0, Max: 0.0, Diff: 0.0, Sum: 0.0]
      [Object Copy (ms): Min: 1.9, Avg: 2.2, Max: 2.3, Diff: 0.4, Sum: 17.5]
      [Termination (ms): Min: 0.0, Avg: 0.0, Max: 0.0, Diff: 0.0, Sum: 0.0]
         [Termination Attempts: Min: 1, Avg: 1.1, Max: 2, Diff: 1, Sum: 9]
      [GC Worker Other (ms): Min: 0.0, Avg: 0.0, Max: 0.0, Diff: 0.0, Sum: 0.1]
      [GC Worker Total (ms): Min: 3.7, Avg: 3.8, Max: 3.9, Diff: 0.1, Sum: 30.2]
      [GC Worker End (ms): Min: 7743.2, Avg: 7743.2, Max: 7743.2, Diff: 0.0]
   [Code Root Fixup: 0.0 ms]
   [Code Root Purge: 0.0 ms]
   [Clear CT: 0.5 ms]
   [Other: 3.0 ms]
      [Choose CSet: 0.0 ms]
      [Ref Proc: 2.3 ms]
      [Ref Enq: 0.0 ms]
      [Redirty Cards: 0.5 ms]
      [Humongous Register: 0.0 ms]
      [Humongous Reclaim: 0.0 ms]
      [Free CSet: 0.0 ms]
   [Eden: 83.0M(83.0M)->0.0B(1024.0K) Survivors: 13.0M->12.0M Heap: 145.6M(250.0M)->63.3M(250.0M)]
 [Times: user=0.13 sys=0.00, real=0.01 secs]
2020-01-16T10:14:53.770+0800: 7.751: [GC pause (G1 Evacuation Pause) (mixed), 0.0066099 secs]
   [Parallel Time: 4.9 ms, GC Workers: 8]
      [GC Worker Start (ms): Min: 7750.7, Avg: 7750.7, Max: 7750.8, Diff: 0.1]
      [Ext Root Scanning (ms): Min: 0.2, Avg: 0.3, Max: 0.4, Diff: 0.2, Sum: 2.0]
      [Update RS (ms): Min: 1.0, Avg: 1.1, Max: 1.2, Diff: 0.2, Sum: 8.7]
         [Processed Buffers: Min: 3, Avg: 4.5, Max: 7, Diff: 4, Sum: 36]
      [Scan RS (ms): Min: 0.3, Avg: 0.4, Max: 0.6, Diff: 0.3, Sum: 3.6]
      [Code Root Scanning (ms): Min: 0.0, Avg: 0.0, Max: 0.2, Diff: 0.2, Sum: 0.2]
      [Object Copy (ms): Min: 2.8, Avg: 2.9, Max: 2.9, Diff: 0.1, Sum: 22.9]
      [Termination (ms): Min: 0.0, Avg: 0.0, Max: 0.0, Diff: 0.0, Sum: 0.0]
         [Termination Attempts: Min: 1, Avg: 10.5, Max: 15, Diff: 14, Sum: 84]
      [GC Worker Other (ms): Min: 0.0, Avg: 0.0, Max: 0.0, Diff: 0.0, Sum: 0.1]
      [GC Worker Total (ms): Min: 4.6, Avg: 4.7, Max: 4.8, Diff: 0.1, Sum: 37.5]
      [GC Worker End (ms): Min: 7755.4, Avg: 7755.4, Max: 7755.4, Diff: 0.0]
   [Code Root Fixup: 0.0 ms]
   [Code Root Purge: 0.0 ms]
   [Clear CT: 0.7 ms]
   [Other: 1.0 ms]
      [Choose CSet: 0.0 ms]
      [Ref Proc: 0.3 ms]
      [Ref Enq: 0.0 ms]
      [Redirty Cards: 0.5 ms]
      [Humongous Register: 0.0 ms]
      [Humongous Reclaim: 0.0 ms]
      [Free CSet: 0.1 ms]
   [Eden: 1024.0K(1024.0K)->0.0B(148.0M) Survivors: 12.0M->2048.0K Heap: 64.3M(250.0M)->51.4M(250.0M)]
 [Times: user=0.00 sys=0.00, real=0.01 secs]
2020-01-16T10:14:54.048+0800: 8.029: [GC pause (G1 Evacuation Pause) (young), 0.0124874 secs]
   [Parallel Time: 4.2 ms, GC Workers: 8]
      [GC Worker Start (ms): Min: 8029.2, Avg: 8029.3, Max: 8029.3, Diff: 0.1]
      [Ext Root Scanning (ms): Min: 0.2, Avg: 0.2, Max: 0.4, Diff: 0.2, Sum: 2.0]
      [Update RS (ms): Min: 1.7, Avg: 1.9, Max: 2.0, Diff: 0.3, Sum: 15.1]
         [Processed Buffers: Min: 6, Avg: 7.1, Max: 10, Diff: 4, Sum: 57]
      [Scan RS (ms): Min: 0.0, Avg: 0.1, Max: 0.2, Diff: 0.2, Sum: 0.4]
      [Code Root Scanning (ms): Min: 0.0, Avg: 0.0, Max: 0.0, Diff: 0.0, Sum: 0.0]
      [Object Copy (ms): Min: 1.4, Avg: 1.5, Max: 1.6, Diff: 0.2, Sum: 12.0]
      [Termination (ms): Min: 0.0, Avg: 0.0, Max: 0.0, Diff: 0.0, Sum: 0.1]
         [Termination Attempts: Min: 41, Avg: 52.1, Max: 69, Diff: 28, Sum: 417]
      [GC Worker Other (ms): Min: 0.0, Avg: 0.0, Max: 0.0, Diff: 0.0, Sum: 0.1]
      [GC Worker Total (ms): Min: 3.7, Avg: 3.7, Max: 3.8, Diff: 0.2, Sum: 29.8]
      [GC Worker End (ms): Min: 8033.0, Avg: 8033.0, Max: 8033.0, Diff: 0.0]
   [Code Root Fixup: 0.0 ms]
   [Code Root Purge: 0.0 ms]
   [Clear CT: 0.7 ms]
   [Other: 7.6 ms]
      [Choose CSet: 0.0 ms]
      [Ref Proc: 6.8 ms]
      [Ref Enq: 0.1 ms]
      [Redirty Cards: 0.6 ms]
      [Humongous Register: 0.0 ms]
      [Humongous Reclaim: 0.0 ms]
      [Free CSet: 0.1 ms]
   [Eden: 148.0M(148.0M)->0.0B(131.0M) Survivors: 2048.0K->19.0M Heap: 199.4M(250.0M)->69.5M(250.0M)]
 [Times: user=0.01 sys=0.00, real=0.01 secs]
2020-01-16T10:14:54.369+0800: 8.349: [GC pause (G1 Evacuation Pause) (young), 0.0055669 secs]
   [Parallel Time: 2.6 ms, GC Workers: 8]
      [GC Worker Start (ms): Min: 8349.2, Avg: 8349.3, Max: 8349.6, Diff: 0.4]
      [Ext Root Scanning (ms): Min: 0.0, Avg: 0.6, Max: 2.4, Diff: 2.4, Sum: 4.6]
      [Update RS (ms): Min: 0.0, Avg: 0.9, Max: 2.1, Diff: 2.1, Sum: 7.3]
         [Processed Buffers: Min: 0, Avg: 3.5, Max: 7, Diff: 7, Sum: 28]
      [Scan RS (ms): Min: 0.0, Avg: 0.0, Max: 0.0, Diff: 0.0, Sum: 0.1]
      [Code Root Scanning (ms): Min: 0.0, Avg: 0.0, Max: 0.1, Diff: 0.1, Sum: 0.1]
      [Object Copy (ms): Min: 0.0, Avg: 0.9, Max: 1.2, Diff: 1.2, Sum: 7.0]
      [Termination (ms): Min: 0.0, Avg: 0.0, Max: 0.1, Diff: 0.1, Sum: 0.4]
         [Termination Attempts: Min: 1, Avg: 2.1, Max: 5, Diff: 4, Sum: 17]
      [GC Worker Other (ms): Min: 0.0, Avg: 0.0, Max: 0.0, Diff: 0.0, Sum: 0.1]
      [GC Worker Total (ms): Min: 2.1, Avg: 2.4, Max: 2.5, Diff: 0.4, Sum: 19.4]
      [GC Worker End (ms): Min: 8351.7, Avg: 8351.7, Max: 8351.7, Diff: 0.0]
   [Code Root Fixup: 0.0 ms]
   [Code Root Purge: 0.0 ms]
   [Clear CT: 0.2 ms]
   [Other: 2.8 ms]
      [Choose CSet: 0.0 ms]
      [Ref Proc: 2.3 ms]
      [Ref Enq: 0.0 ms]
      [Redirty Cards: 0.3 ms]
      [Humongous Register: 0.0 ms]
      [Humongous Reclaim: 0.0 ms]
      [Free CSet: 0.1 ms]
   [Eden: 131.0M(131.0M)->0.0B(139.0M) Survivors: 19.0M->11.0M Heap: 200.5M(250.0M)->61.0M(250.0M)]
 [Times: user=0.06 sys=0.00, real=0.01 secs]
2020-01-16T10:14:54.731+0800: 8.712: [GC pause (G1 Evacuation Pause) (young), 0.0038420 secs]
   [Parallel Time: 2.2 ms, GC Workers: 8]
      [GC Worker Start (ms): Min: 8711.6, Avg: 8711.7, Max: 8711.7, Diff: 0.1]
      [Ext Root Scanning (ms): Min: 0.2, Avg: 0.4, Max: 1.1, Diff: 0.9, Sum: 3.1]
      [Update RS (ms): Min: 0.0, Avg: 0.6, Max: 1.0, Diff: 1.0, Sum: 5.1]
         [Processed Buffers: Min: 0, Avg: 3.1, Max: 6, Diff: 6, Sum: 25]
      [Scan RS (ms): Min: 0.0, Avg: 0.0, Max: 0.0, Diff: 0.0, Sum: 0.1]
      [Code Root Scanning (ms): Min: 0.0, Avg: 0.0, Max: 0.0, Diff: 0.0, Sum: 0.1]
      [Object Copy (ms): Min: 0.8, Avg: 1.0, Max: 1.1, Diff: 0.3, Sum: 7.9]
      [Termination (ms): Min: 0.0, Avg: 0.0, Max: 0.0, Diff: 0.0, Sum: 0.0]
         [Termination Attempts: Min: 1, Avg: 1.0, Max: 1, Diff: 0, Sum: 8]
      [GC Worker Other (ms): Min: 0.0, Avg: 0.0, Max: 0.0, Diff: 0.0, Sum: 0.2]
      [GC Worker Total (ms): Min: 2.0, Avg: 2.1, Max: 2.1, Diff: 0.1, Sum: 16.5]
      [GC Worker End (ms): Min: 8713.8, Avg: 8713.8, Max: 8713.8, Diff: 0.0]
   [Code Root Fixup: 0.0 ms]
   [Code Root Purge: 0.0 ms]
   [Clear CT: 0.4 ms]
   [Other: 1.2 ms]
      [Choose CSet: 0.0 ms]
      [Ref Proc: 0.7 ms]
      [Ref Enq: 0.0 ms]
      [Redirty Cards: 0.4 ms]
      [Humongous Register: 0.0 ms]
      [Humongous Reclaim: 0.0 ms]
      [Free CSet: 0.1 ms]
   [Eden: 139.0M(139.0M)->0.0B(144.0M) Survivors: 11.0M->6144.0K Heap: 200.0M(250.0M)->56.5M(250.0M)]
 [Times: user=0.00 sys=0.00, real=0.00 secs]
2020-01-16T10:14:55.199+0800: 9.180: [GC pause (G1 Evacuation Pause) (young), 0.0059342 secs]
   [Parallel Time: 4.1 ms, GC Workers: 8]
      [GC Worker Start (ms): Min: 9180.3, Avg: 9180.4, Max: 9180.5, Diff: 0.1]
      [Ext Root Scanning (ms): Min: 0.2, Avg: 0.6, Max: 1.4, Diff: 1.2, Sum: 4.6]
      [Update RS (ms): Min: 0.0, Avg: 0.8, Max: 1.1, Diff: 1.1, Sum: 6.1]
         [Processed Buffers: Min: 0, Avg: 3.4, Max: 6, Diff: 6, Sum: 27]
      [Scan RS (ms): Min: 0.0, Avg: 0.0, Max: 0.0, Diff: 0.0, Sum: 0.1]
      [Code Root Scanning (ms): Min: 0.0, Avg: 0.4, Max: 2.5, Diff: 2.5, Sum: 3.0]
      [Object Copy (ms): Min: 0.0, Avg: 2.2, Max: 2.7, Diff: 2.7, Sum: 17.6]
      [Termination (ms): Min: 0.0, Avg: 0.1, Max: 0.1, Diff: 0.1, Sum: 0.5]
         [Termination Attempts: Min: 1, Avg: 38.6, Max: 52, Diff: 51, Sum: 309]
      [GC Worker Other (ms): Min: 0.0, Avg: 0.0, Max: 0.0, Diff: 0.0, Sum: 0.1]
      [GC Worker Total (ms): Min: 3.9, Avg: 4.0, Max: 4.0, Diff: 0.1, Sum: 31.9]
      [GC Worker End (ms): Min: 9184.4, Avg: 9184.4, Max: 9184.4, Diff: 0.0]
   [Code Root Fixup: 0.0 ms]
   [Code Root Purge: 0.0 ms]
   [Clear CT: 0.2 ms]
   [Other: 1.6 ms]
      [Choose CSet: 0.0 ms]
      [Ref Proc: 1.2 ms]
      [Ref Enq: 0.0 ms]
      [Redirty Cards: 0.2 ms]
      [Humongous Register: 0.0 ms]
      [Humongous Reclaim: 0.0 ms]
      [Free CSet: 0.1 ms]
   [Eden: 144.0M(144.0M)->0.0B(141.0M) Survivors: 6144.0K->9216.0K Heap: 200.5M(250.0M)->59.0M(250.0M)]
 [Times: user=0.00 sys=0.00, real=0.01 secs]
2020-01-16T10:14:55.873+0800: 9.853: [GC pause (G1 Evacuation Pause) (young), 0.0154793 secs]
   [Parallel Time: 6.9 ms, GC Workers: 8]
      [GC Worker Start (ms): Min: 9853.4, Avg: 9853.6, Max: 9854.8, Diff: 1.5]
      [Ext Root Scanning (ms): Min: 0.0, Avg: 0.4, Max: 0.9, Diff: 0.9, Sum: 3.0]
      [Update RS (ms): Min: 0.0, Avg: 0.7, Max: 1.0, Diff: 1.0, Sum: 6.0]
         [Processed Buffers: Min: 0, Avg: 4.3, Max: 7, Diff: 7, Sum: 34]
      [Scan RS (ms): Min: 0.0, Avg: 0.0, Max: 0.0, Diff: 0.0, Sum: 0.1]
      [Code Root Scanning (ms): Min: 0.0, Avg: 1.4, Max: 5.4, Diff: 5.4, Sum: 11.5]
      [Object Copy (ms): Min: 0.0, Avg: 3.9, Max: 5.4, Diff: 5.4, Sum: 31.5]
      [Termination (ms): Min: 0.0, Avg: 0.1, Max: 0.2, Diff: 0.2, Sum: 0.8]
         [Termination Attempts: Min: 1, Avg: 7.1, Max: 13, Diff: 12, Sum: 57]
      [GC Worker Other (ms): Min: 0.0, Avg: 0.0, Max: 0.0, Diff: 0.0, Sum: 0.1]
      [GC Worker Total (ms): Min: 5.4, Avg: 6.6, Max: 6.8, Diff: 1.5, Sum: 53.0]
      [GC Worker End (ms): Min: 9860.2, Avg: 9860.2, Max: 9860.2, Diff: 0.0]
   [Code Root Fixup: 0.0 ms]
   [Code Root Purge: 0.0 ms]
   [Clear CT: 0.2 ms]
   [Other: 8.3 ms]
      [Choose CSet: 0.0 ms]
      [Ref Proc: 7.8 ms]
      [Ref Enq: 0.0 ms]
      [Redirty Cards: 0.1 ms]
      [Humongous Register: 0.0 ms]
      [Humongous Reclaim: 0.0 ms]
      [Free CSet: 0.1 ms]
   [Eden: 141.0M(141.0M)->0.0B(133.0M) Survivors: 9216.0K->17.0M Heap: 200.7M(250.0M)->67.5M(250.0M)]
 [Times: user=0.05 sys=0.00, real=0.02 secs]
2020-01-16T10:14:56.628+0800: 10.608: [GC pause (G1 Evacuation Pause) (young), 0.0112227 secs]
   [Parallel Time: 5.5 ms, GC Workers: 8]
      [GC Worker Start (ms): Min: 10608.2, Avg: 10608.2, Max: 10608.2, Diff: 0.1]
      [Ext Root Scanning (ms): Min: 0.2, Avg: 0.4, Max: 1.1, Diff: 0.9, Sum: 3.3]
      [Update RS (ms): Min: 0.0, Avg: 0.8, Max: 1.0, Diff: 1.0, Sum: 6.1]
         [Processed Buffers: Min: 0, Avg: 3.3, Max: 5, Diff: 5, Sum: 26]
      [Scan RS (ms): Min: 0.0, Avg: 0.0, Max: 0.0, Diff: 0.0, Sum: 0.1]
      [Code Root Scanning (ms): Min: 0.0, Avg: 0.2, Max: 0.3, Diff: 0.3, Sum: 1.4]
      [Object Copy (ms): Min: 3.7, Avg: 4.0, Max: 5.1, Diff: 1.4, Sum: 32.0]
      [Termination (ms): Min: 0.0, Avg: 0.0, Max: 0.0, Diff: 0.0, Sum: 0.0]
         [Termination Attempts: Min: 1, Avg: 1.1, Max: 2, Diff: 1, Sum: 9]
      [GC Worker Other (ms): Min: 0.0, Avg: 0.0, Max: 0.0, Diff: 0.0, Sum: 0.2]
      [GC Worker Total (ms): Min: 5.4, Avg: 5.4, Max: 5.4, Diff: 0.1, Sum: 43.1]
      [GC Worker End (ms): Min: 10613.6, Avg: 10613.6, Max: 10613.6, Diff: 0.0]
   [Code Root Fixup: 0.1 ms]
   [Code Root Purge: 0.0 ms]
   [Clear CT: 0.2 ms]
   [Other: 5.5 ms]
      [Choose CSet: 0.0 ms]
      [Ref Proc: 5.0 ms]
      [Ref Enq: 0.1 ms]
      [Redirty Cards: 0.1 ms]
      [Humongous Register: 0.0 ms]
      [Humongous Reclaim: 0.0 ms]
      [Free CSet: 0.2 ms]
   [Eden: 133.0M(133.0M)->0.0B(132.0M) Survivors: 17.0M->18.0M Heap: 200.5M(250.0M)->68.0M(250.0M)]
 [Times: user=0.06 sys=0.00, real=0.01 secs]
2020-01-16T10:14:57.179+0800: 11.160: [GC pause (G1 Evacuation Pause) (young), 0.0076200 secs]
   [Parallel Time: 5.8 ms, GC Workers: 8]
      [GC Worker Start (ms): Min: 11159.7, Avg: 11159.7, Max: 11159.7, Diff: 0.1]
      [Ext Root Scanning (ms): Min: 0.2, Avg: 0.4, Max: 1.2, Diff: 1.0, Sum: 3.2]
      [Update RS (ms): Min: 0.0, Avg: 0.7, Max: 1.0, Diff: 1.0, Sum: 5.9]
         [Processed Buffers: Min: 0, Avg: 3.4, Max: 7, Diff: 7, Sum: 27]
      [Scan RS (ms): Min: 0.0, Avg: 0.0, Max: 0.0, Diff: 0.0, Sum: 0.1]
      [Code Root Scanning (ms): Min: 0.0, Avg: 0.2, Max: 0.4, Diff: 0.4, Sum: 1.3]
      [Object Copy (ms): Min: 4.2, Avg: 4.4, Max: 4.5, Diff: 0.4, Sum: 35.0]
      [Termination (ms): Min: 0.0, Avg: 0.0, Max: 0.0, Diff: 0.0, Sum: 0.0]
         [Termination Attempts: Min: 1, Avg: 1.0, Max: 1, Diff: 0, Sum: 8]
      [GC Worker Other (ms): Min: 0.0, Avg: 0.0, Max: 0.1, Diff: 0.0, Sum: 0.2]
      [GC Worker Total (ms): Min: 5.7, Avg: 5.7, Max: 5.7, Diff: 0.1, Sum: 45.6]
      [GC Worker End (ms): Min: 11165.4, Avg: 11165.4, Max: 11165.4, Diff: 0.0]
   [Code Root Fixup: 0.0 ms]
   [Code Root Purge: 0.0 ms]
   [Clear CT: 0.1 ms]
   [Other: 1.7 ms]
      [Choose CSet: 0.0 ms]
      [Ref Proc: 1.4 ms]
      [Ref Enq: 0.0 ms]
      [Redirty Cards: 0.1 ms]
      [Humongous Register: 0.0 ms]
      [Humongous Reclaim: 0.0 ms]
      [Free CSet: 0.2 ms]
   [Eden: 132.0M(132.0M)->0.0B(134.0M) Survivors: 18.0M->16.0M Heap: 200.0M(250.0M)->66.5M(250.0M)]
 [Times: user=0.13 sys=0.00, real=0.01 secs]
2020-01-16T10:14:57.458+0800: 11.440: [GC pause (G1 Evacuation Pause) (young), 0.0080776 secs]
   [Parallel Time: 7.1 ms, GC Workers: 8]
      [GC Worker Start (ms): Min: 11439.7, Avg: 11439.7, Max: 11439.7, Diff: 0.1]
      [Ext Root Scanning (ms): Min: 0.2, Avg: 0.4, Max: 1.2, Diff: 0.9, Sum: 3.4]
      [Update RS (ms): Min: 0.1, Avg: 0.8, Max: 1.0, Diff: 0.8, Sum: 6.0]
         [Processed Buffers: Min: 1, Avg: 3.0, Max: 4, Diff: 3, Sum: 24]
      [Scan RS (ms): Min: 0.0, Avg: 0.0, Max: 0.0, Diff: 0.0, Sum: 0.1]
      [Code Root Scanning (ms): Min: 0.0, Avg: 0.2, Max: 0.4, Diff: 0.4, Sum: 1.4]
      [Object Copy (ms): Min: 5.4, Avg: 5.6, Max: 5.8, Diff: 0.3, Sum: 44.6]
      [Termination (ms): Min: 0.0, Avg: 0.0, Max: 0.0, Diff: 0.0, Sum: 0.0]
         [Termination Attempts: Min: 1, Avg: 1.0, Max: 1, Diff: 0, Sum: 8]
      [GC Worker Other (ms): Min: 0.0, Avg: 0.0, Max: 0.1, Diff: 0.1, Sum: 0.3]
      [GC Worker Total (ms): Min: 6.9, Avg: 7.0, Max: 7.0, Diff: 0.1, Sum: 55.9]
      [GC Worker End (ms): Min: 11446.7, Avg: 11446.7, Max: 11446.7, Diff: 0.0]
   [Code Root Fixup: 0.1 ms]
   [Code Root Purge: 0.0 ms]
   [Clear CT: 0.1 ms]
   [Other: 0.7 ms]
      [Choose CSet: 0.0 ms]
      [Ref Proc: 0.3 ms]
      [Ref Enq: 0.0 ms]
      [Redirty Cards: 0.1 ms]
      [Humongous Register: 0.0 ms]
      [Humongous Reclaim: 0.0 ms]
      [Free CSet: 0.1 ms]
   [Eden: 134.0M(134.0M)->0.0B(136.0M) Survivors: 16.0M->14.0M Heap: 200.5M(250.0M)->65.2M(250.0M)]
 [Times: user=0.13 sys=0.00, real=0.01 secs]
2020-01-16T10:14:58.102+0800: 12.083: [GC pause (G1 Evacuation Pause) (young), 0.0237034 secs]
   [Parallel Time: 9.1 ms, GC Workers: 8]
      [GC Worker Start (ms): Min: 12083.0, Avg: 12083.0, Max: 12083.0, Diff: 0.1]
      [Ext Root Scanning (ms): Min: 0.2, Avg: 0.4, Max: 1.2, Diff: 1.0, Sum: 2.9]
      [Update RS (ms): Min: 0.0, Avg: 0.5, Max: 0.7, Diff: 0.7, Sum: 4.3]
         [Processed Buffers: Min: 0, Avg: 8.4, Max: 12, Diff: 12, Sum: 67]
      [Scan RS (ms): Min: 0.3, Avg: 0.4, Max: 0.5, Diff: 0.2, Sum: 3.2]
      [Code Root Scanning (ms): Min: 0.0, Avg: 0.2, Max: 0.5, Diff: 0.5, Sum: 1.6]
      [Object Copy (ms): Min: 7.3, Avg: 7.5, Max: 7.6, Diff: 0.4, Sum: 59.6]
      [Termination (ms): Min: 0.0, Avg: 0.0, Max: 0.0, Diff: 0.0, Sum: 0.0]
         [Termination Attempts: Min: 1, Avg: 1.0, Max: 1, Diff: 0, Sum: 8]
      [GC Worker Other (ms): Min: 0.0, Avg: 0.0, Max: 0.1, Diff: 0.0, Sum: 0.3]
      [GC Worker Total (ms): Min: 9.0, Avg: 9.0, Max: 9.1, Diff: 0.1, Sum: 72.0]
      [GC Worker End (ms): Min: 12092.0, Avg: 12092.0, Max: 12092.0, Diff: 0.0]
   [Code Root Fixup: 0.1 ms]
   [Code Root Purge: 0.0 ms]
   [Clear CT: 0.1 ms]
   [Other: 14.3 ms]
      [Choose CSet: 0.0 ms]
      [Ref Proc: 13.6 ms]
      [Ref Enq: 0.1 ms]
      [Redirty Cards: 0.1 ms]
      [Humongous Register: 0.0 ms]
      [Humongous Reclaim: 0.0 ms]
      [Free CSet: 0.2 ms]
   [Eden: 136.0M(136.0M)->0.0B(125.0M) Survivors: 14.0M->19.0M Heap: 210.8M(250.0M)->80.4M(250.0M)]
 [Times: user=0.17 sys=0.00, real=0.02 secs]
2020-01-16T10:14:58.330+0800: 12.311: [GC pause (G1 Evacuation Pause) (young), 0.0092501 secs]
   [Parallel Time: 7.8 ms, GC Workers: 8]
      [GC Worker Start (ms): Min: 12310.8, Avg: 12310.8, Max: 12310.9, Diff: 0.1]
      [Ext Root Scanning (ms): Min: 0.2, Avg: 0.4, Max: 0.9, Diff: 0.7, Sum: 3.1]
      [Update RS (ms): Min: 1.2, Avg: 2.4, Max: 7.3, Diff: 6.1, Sum: 18.9]
         [Processed Buffers: Min: 1, Avg: 5.3, Max: 7, Diff: 6, Sum: 42]
      [Scan RS (ms): Min: 0.0, Avg: 0.0, Max: 0.0, Diff: 0.0, Sum: 0.1]
      [Code Root Scanning (ms): Min: 0.0, Avg: 0.3, Max: 1.5, Diff: 1.5, Sum: 2.1]
      [Object Copy (ms): Min: 0.2, Avg: 4.2, Max: 5.1, Diff: 4.9, Sum: 33.6]
      [Termination (ms): Min: 0.0, Avg: 0.5, Max: 0.5, Diff: 0.5, Sum: 3.6]
         [Termination Attempts: Min: 1, Avg: 7.5, Max: 18, Diff: 17, Sum: 60]
      [GC Worker Other (ms): Min: 0.0, Avg: 0.0, Max: 0.0, Diff: 0.0, Sum: 0.1]
      [GC Worker Total (ms): Min: 7.7, Avg: 7.7, Max: 7.7, Diff: 0.1, Sum: 61.5]
      [GC Worker End (ms): Min: 12318.5, Avg: 12318.5, Max: 12318.5, Diff: 0.0]
   [Code Root Fixup: 0.0 ms]
   [Code Root Purge: 0.0 ms]
   [Clear CT: 0.1 ms]
   [Other: 1.3 ms]
      [Choose CSet: 0.0 ms]
      [Ref Proc: 1.0 ms]
      [Ref Enq: 0.0 ms]
      [Redirty Cards: 0.1 ms]
      [Humongous Register: 0.0 ms]
      [Humongous Reclaim: 0.0 ms]
      [Free CSet: 0.1 ms]
   [Eden: 125.0M(125.0M)->0.0B(140.0M) Survivors: 19.0M->8192.0K Heap: 205.4M(250.0M)->76.0M(250.0M)]
 [Times: user=0.00 sys=0.00, real=0.01 secs]
2020-01-16T10:14:58.543+0800: 12.523: [GC pause (G1 Evacuation Pause) (young), 0.0057875 secs]
   [Parallel Time: 3.8 ms, GC Workers: 8]
      [GC Worker Start (ms): Min: 12523.2, Avg: 12523.2, Max: 12523.3, Diff: 0.1]
      [Ext Root Scanning (ms): Min: 0.2, Avg: 0.3, Max: 0.6, Diff: 0.4, Sum: 2.6]
      [Update RS (ms): Min: 1.8, Avg: 2.1, Max: 3.1, Diff: 1.4, Sum: 16.5]
         [Processed Buffers: Min: 5, Avg: 6.0, Max: 8, Diff: 3, Sum: 48]
      [Scan RS (ms): Min: 0.0, Avg: 0.0, Max: 0.0, Diff: 0.0, Sum: 0.1]
      [Code Root Scanning (ms): Min: 0.0, Avg: 0.0, Max: 0.0, Diff: 0.0, Sum: 0.1]
      [Object Copy (ms): Min: 0.0, Avg: 1.2, Max: 1.4, Diff: 1.4, Sum: 9.7]
      [Termination (ms): Min: 0.0, Avg: 0.1, Max: 0.2, Diff: 0.2, Sum: 1.0]
         [Termination Attempts: Min: 1, Avg: 20.8, Max: 33, Diff: 32, Sum: 166]
      [GC Worker Other (ms): Min: 0.0, Avg: 0.0, Max: 0.0, Diff: 0.0, Sum: 0.1]
      [GC Worker Total (ms): Min: 3.7, Avg: 3.8, Max: 3.8, Diff: 0.1, Sum: 30.0]
      [GC Worker End (ms): Min: 12527.0, Avg: 12527.0, Max: 12527.0, Diff: 0.0]
   [Code Root Fixup: 0.0 ms]
   [Code Root Purge: 0.0 ms]
   [Clear CT: 0.7 ms]
   [Other: 1.3 ms]
      [Choose CSet: 0.0 ms]
      [Ref Proc: 0.8 ms]
      [Ref Enq: 0.0 ms]
      [Redirty Cards: 0.2 ms]
      [Humongous Register: 0.0 ms]
      [Humongous Reclaim: 0.0 ms]
      [Free CSet: 0.2 ms]
   [Eden: 140.0M(140.0M)->0.0B(145.0M) Survivors: 8192.0K->5120.0K Heap: 216.0M(250.0M)->73.5M(250.0M)]
 [Times: user=0.13 sys=0.00, real=0.01 secs]
2020-01-16T10:14:58.808+0800: 12.789: [GC pause (G1 Evacuation Pause) (young), 0.0034535 secs]
   [Parallel Time: 2.2 ms, GC Workers: 8]
      [GC Worker Start (ms): Min: 12789.0, Avg: 12789.1, Max: 12789.1, Diff: 0.1]
      [Ext Root Scanning (ms): Min: 0.2, Avg: 0.3, Max: 0.7, Diff: 0.5, Sum: 2.5]
      [Update RS (ms): Min: 0.0, Avg: 0.4, Max: 0.6, Diff: 0.6, Sum: 3.2]
         [Processed Buffers: Min: 1, Avg: 1.8, Max: 2, Diff: 1, Sum: 14]
      [Scan RS (ms): Min: 0.0, Avg: 0.0, Max: 0.0, Diff: 0.0, Sum: 0.1]
      [Code Root Scanning (ms): Min: 0.0, Avg: 0.0, Max: 0.0, Diff: 0.0, Sum: 0.1]
      [Object Copy (ms): Min: 1.1, Avg: 1.3, Max: 1.3, Diff: 0.2, Sum: 10.1]
      [Termination (ms): Min: 0.0, Avg: 0.0, Max: 0.0, Diff: 0.0, Sum: 0.0]
         [Termination Attempts: Min: 1, Avg: 1.0, Max: 1, Diff: 0, Sum: 8]
      [GC Worker Other (ms): Min: 0.0, Avg: 0.0, Max: 0.0, Diff: 0.0, Sum: 0.2]
      [GC Worker Total (ms): Min: 1.9, Avg: 2.0, Max: 2.1, Diff: 0.1, Sum: 16.2]
      [GC Worker End (ms): Min: 12791.1, Avg: 12791.1, Max: 12791.1, Diff: 0.0]
   [Code Root Fixup: 0.0 ms]
   [Code Root Purge: 0.0 ms]
   [Clear CT: 0.1 ms]
   [Other: 1.1 ms]
      [Choose CSet: 0.0 ms]
      [Ref Proc: 0.8 ms]
      [Ref Enq: 0.0 ms]
      [Redirty Cards: 0.1 ms]
      [Humongous Register: 0.0 ms]
      [Humongous Reclaim: 0.0 ms]
      [Free CSet: 0.1 ms]
   [Eden: 145.0M(145.0M)->0.0B(142.0M) Survivors: 5120.0K->7168.0K Heap: 218.5M(250.0M)->75.0M(250.0M)]
 [Times: user=0.11 sys=0.00, real=0.00 secs]
2020-01-16T10:14:59.070+0800: 13.051: [GC pause (G1 Evacuation Pause) (young), 0.0032345 secs]
   [Parallel Time: 2.0 ms, GC Workers: 8]
      [GC Worker Start (ms): Min: 13050.8, Avg: 13051.1, Max: 13052.6, Diff: 1.8]
      [Ext Root Scanning (ms): Min: 0.0, Avg: 0.3, Max: 0.7, Diff: 0.7, Sum: 2.7]
      [Update RS (ms): Min: 0.0, Avg: 0.4, Max: 0.7, Diff: 0.7, Sum: 3.5]
         [Processed Buffers: Min: 0, Avg: 2.6, Max: 5, Diff: 5, Sum: 21]
      [Scan RS (ms): Min: 0.0, Avg: 0.0, Max: 0.0, Diff: 0.0, Sum: 0.1]
      [Code Root Scanning (ms): Min: 0.0, Avg: 0.0, Max: 0.0, Diff: 0.0, Sum: 0.1]
      [Object Copy (ms): Min: 0.0, Avg: 0.7, Max: 0.9, Diff: 0.9, Sum: 5.7]
      [Termination (ms): Min: 0.0, Avg: 0.0, Max: 0.1, Diff: 0.1, Sum: 0.4]
         [Termination Attempts: Min: 1, Avg: 1.4, Max: 3, Diff: 2, Sum: 11]
      [GC Worker Other (ms): Min: 0.0, Avg: 0.0, Max: 0.0, Diff: 0.0, Sum: 0.1]
      [GC Worker Total (ms): Min: 0.0, Avg: 1.6, Max: 1.8, Diff: 1.8, Sum: 12.6]
      [GC Worker End (ms): Min: 13052.6, Avg: 13052.6, Max: 13052.7, Diff: 0.0]
   [Code Root Fixup: 0.0 ms]
   [Code Root Purge: 0.0 ms]
   [Clear CT: 0.2 ms]
   [Other: 1.0 ms]
      [Choose CSet: 0.0 ms]
      [Ref Proc: 0.7 ms]
      [Ref Enq: 0.0 ms]
      [Redirty Cards: 0.2 ms]
      [Humongous Register: 0.0 ms]
      [Humongous Reclaim: 0.0 ms]
      [Free CSet: 0.1 ms]
   [Eden: 142.0M(142.0M)->0.0B(145.0M) Survivors: 7168.0K->5120.0K Heap: 217.0M(250.0M)->73.5M(250.0M)]
 [Times: user=0.00 sys=0.00, real=0.00 secs]
2020-01-16T10:15:00.121+0800: 14.102: [GC pause (G1 Evacuation Pause) (young), 0.0063042 secs]
   [Parallel Time: 3.4 ms, GC Workers: 8]
      [GC Worker Start (ms): Min: 14101.9, Avg: 14102.2, Max: 14103.3, Diff: 1.3]
      [Ext Root Scanning (ms): Min: 0.0, Avg: 0.3, Max: 1.1, Diff: 1.1, Sum: 2.6]
      [Update RS (ms): Min: 0.0, Avg: 0.6, Max: 0.9, Diff: 0.9, Sum: 4.8]
         [Processed Buffers: Min: 0, Avg: 2.8, Max: 5, Diff: 5, Sum: 22]
      [Scan RS (ms): Min: 0.0, Avg: 0.0, Max: 0.0, Diff: 0.0, Sum: 0.1]
      [Code Root Scanning (ms): Min: 0.0, Avg: 0.0, Max: 0.1, Diff: 0.1, Sum: 0.3]
      [Object Copy (ms): Min: 1.7, Avg: 1.8, Max: 1.9, Diff: 0.2, Sum: 14.6]
      [Termination (ms): Min: 0.0, Avg: 0.0, Max: 0.0, Diff: 0.0, Sum: 0.0]
         [Termination Attempts: Min: 1, Avg: 2.3, Max: 4, Diff: 3, Sum: 18]
      [GC Worker Other (ms): Min: 0.0, Avg: 0.0, Max: 0.0, Diff: 0.0, Sum: 0.2]
      [GC Worker Total (ms): Min: 1.7, Avg: 2.8, Max: 3.1, Diff: 1.3, Sum: 22.5]
      [GC Worker End (ms): Min: 14105.0, Avg: 14105.0, Max: 14105.0, Diff: 0.0]
   [Code Root Fixup: 0.0 ms]
   [Code Root Purge: 0.0 ms]
   [Clear CT: 0.4 ms]
   [Other: 2.4 ms]
      [Choose CSet: 0.0 ms]
      [Ref Proc: 1.5 ms]
      [Ref Enq: 0.0 ms]
      [Redirty Cards: 0.7 ms]
      [Humongous Register: 0.0 ms]
      [Humongous Reclaim: 0.0 ms]
      [Free CSet: 0.1 ms]
   [Eden: 145.0M(145.0M)->0.0B(136.0M) Survivors: 5120.0K->10.0M Heap: 218.5M(250.0M)->78.4M(250.0M)]
 [Times: user=0.00 sys=0.00, real=0.01 secs]
2020-01-16T10:15:00.779+0800: 14.760: [GC pause (G1 Evacuation Pause) (young), 0.0072135 secs]
   [Parallel Time: 4.8 ms, GC Workers: 8]
      [GC Worker Start (ms): Min: 14759.6, Avg: 14759.8, Max: 14760.7, Diff: 1.1]
      [Ext Root Scanning (ms): Min: 0.0, Avg: 0.5, Max: 1.3, Diff: 1.3, Sum: 3.6]
      [Update RS (ms): Min: 0.0, Avg: 0.7, Max: 1.2, Diff: 1.2, Sum: 5.9]
         [Processed Buffers: Min: 0, Avg: 3.0, Max: 6, Diff: 6, Sum: 24]
      [Scan RS (ms): Min: 0.0, Avg: 0.0, Max: 0.0, Diff: 0.0, Sum: 0.1]
      [Code Root Scanning (ms): Min: 0.0, Avg: 0.1, Max: 0.2, Diff: 0.2, Sum: 0.7]
      [Object Copy (ms): Min: 3.0, Avg: 3.2, Max: 3.4, Diff: 0.4, Sum: 25.7]
      [Termination (ms): Min: 0.0, Avg: 0.0, Max: 0.0, Diff: 0.0, Sum: 0.0]
         [Termination Attempts: Min: 1, Avg: 3.5, Max: 5, Diff: 4, Sum: 28]
      [GC Worker Other (ms): Min: 0.0, Avg: 0.0, Max: 0.0, Diff: 0.0, Sum: 0.2]
      [GC Worker Total (ms): Min: 3.6, Avg: 4.5, Max: 4.7, Diff: 1.1, Sum: 36.2]
      [GC Worker End (ms): Min: 14764.3, Avg: 14764.3, Max: 14764.3, Diff: 0.0]
   [Code Root Fixup: 0.0 ms]
   [Code Root Purge: 0.0 ms]
   [Clear CT: 0.4 ms]
   [Other: 2.0 ms]
      [Choose CSet: 0.0 ms]
      [Ref Proc: 1.2 ms]
      [Ref Enq: 0.0 ms]
      [Redirty Cards: 0.6 ms]
      [Humongous Register: 0.0 ms]
      [Humongous Reclaim: 0.0 ms]
      [Free CSet: 0.1 ms]
   [Eden: 136.0M(136.0M)->0.0B(132.0M) Survivors: 10.0M->12.0M Heap: 214.4M(250.0M)->80.0M(250.0M)]
 [Times: user=0.00 sys=0.00, real=0.01 secs]
2020-01-16T10:15:01.608+0800: 15.588: [GC pause (G1 Evacuation Pause) (young), 0.0084359 secs]
   [Parallel Time: 6.0 ms, GC Workers: 8]
      [GC Worker Start (ms): Min: 15588.3, Avg: 15588.3, Max: 15588.7, Diff: 0.4]
      [Ext Root Scanning (ms): Min: 0.0, Avg: 0.6, Max: 2.3, Diff: 2.3, Sum: 5.0]
      [Update RS (ms): Min: 0.0, Avg: 0.9, Max: 1.2, Diff: 1.2, Sum: 7.1]
         [Processed Buffers: Min: 0, Avg: 3.0, Max: 7, Diff: 7, Sum: 24]
      [Scan RS (ms): Min: 0.0, Avg: 0.0, Max: 0.0, Diff: 0.0, Sum: 0.1]
      [Code Root Scanning (ms): Min: 0.0, Avg: 0.4, Max: 2.3, Diff: 2.3, Sum: 3.0]
      [Object Copy (ms): Min: 2.0, Avg: 3.8, Max: 4.3, Diff: 2.3, Sum: 30.6]
      [Termination (ms): Min: 0.0, Avg: 0.0, Max: 0.0, Diff: 0.0, Sum: 0.0]
         [Termination Attempts: Min: 1, Avg: 5.5, Max: 8, Diff: 7, Sum: 44]
      [GC Worker Other (ms): Min: 0.0, Avg: 0.0, Max: 0.0, Diff: 0.0, Sum: 0.2]
      [GC Worker Total (ms): Min: 5.4, Avg: 5.7, Max: 5.8, Diff: 0.4, Sum: 45.9]
      [GC Worker End (ms): Min: 15594.1, Avg: 15594.1, Max: 15594.1, Diff: 0.0]
   [Code Root Fixup: 0.0 ms]
   [Code Root Purge: 0.0 ms]
   [Clear CT: 0.2 ms]
   [Other: 2.3 ms]
      [Choose CSet: 0.0 ms]
      [Ref Proc: 1.9 ms]
      [Ref Enq: 0.0 ms]
      [Redirty Cards: 0.1 ms]
      [Humongous Register: 0.0 ms]
      [Humongous Reclaim: 0.0 ms]
      [Free CSet: 0.1 ms]
   [Eden: 132.0M(132.0M)->0.0B(126.0M) Survivors: 12.0M->15.0M Heap: 212.0M(250.0M)->83.5M(250.0M)]
 [Times: user=0.00 sys=0.00, real=0.01 secs]
2020-01-16T10:15:02.023+0800: 16.004: [GC pause (G1 Evacuation Pause) (young), 0.0089747 secs]
   [Parallel Time: 5.5 ms, GC Workers: 8]
      [GC Worker Start (ms): Min: 16003.7, Avg: 16003.7, Max: 16003.8, Diff: 0.1]
      [Ext Root Scanning (ms): Min: 0.2, Avg: 0.5, Max: 1.3, Diff: 1.1, Sum: 4.2]
      [Update RS (ms): Min: 0.0, Avg: 0.7, Max: 1.1, Diff: 1.1, Sum: 5.8]
         [Processed Buffers: Min: 0, Avg: 3.3, Max: 7, Diff: 7, Sum: 26]
      [Scan RS (ms): Min: 0.0, Avg: 0.0, Max: 0.0, Diff: 0.0, Sum: 0.1]
      [Code Root Scanning (ms): Min: 0.0, Avg: 0.1, Max: 0.3, Diff: 0.3, Sum: 1.0]
      [Object Copy (ms): Min: 3.7, Avg: 3.9, Max: 4.1, Diff: 0.4, Sum: 31.6]
      [Termination (ms): Min: 0.0, Avg: 0.0, Max: 0.0, Diff: 0.0, Sum: 0.0]
         [Termination Attempts: Min: 1, Avg: 13.1, Max: 19, Diff: 18, Sum: 105]
      [GC Worker Other (ms): Min: 0.0, Avg: 0.0, Max: 0.0, Diff: 0.0, Sum: 0.1]
      [GC Worker Total (ms): Min: 5.3, Avg: 5.4, Max: 5.4, Diff: 0.1, Sum: 42.8]
      [GC Worker End (ms): Min: 16009.1, Avg: 16009.1, Max: 16009.1, Diff: 0.0]
   [Code Root Fixup: 0.1 ms]
   [Code Root Purge: 0.0 ms]
   [Clear CT: 0.1 ms]
   [Other: 3.3 ms]
      [Choose CSet: 0.0 ms]
      [Ref Proc: 2.9 ms]
      [Ref Enq: 0.0 ms]
      [Redirty Cards: 0.1 ms]
      [Humongous Register: 0.0 ms]
      [Humongous Reclaim: 0.0 ms]
      [Free CSet: 0.1 ms]
   [Eden: 126.0M(126.0M)->0.0B(119.0M) Survivors: 15.0M->18.0M Heap: 209.5M(250.0M)->87.2M(250.0M)]
 [Times: user=0.13 sys=0.00, real=0.01 secs]
2020-01-16T10:15:02.470+0800: 16.452: [GC pause (G1 Evacuation Pause) (young), 0.0097196 secs]
   [Parallel Time: 8.5 ms, GC Workers: 8]
      [GC Worker Start (ms): Min: 16451.7, Avg: 16452.2, Max: 16453.6, Diff: 1.9]
      [Ext Root Scanning (ms): Min: 0.0, Avg: 0.5, Max: 1.6, Diff: 1.6, Sum: 4.0]
      [Update RS (ms): Min: 0.0, Avg: 0.8, Max: 1.4, Diff: 1.4, Sum: 6.3]
         [Processed Buffers: Min: 0, Avg: 3.1, Max: 7, Diff: 7, Sum: 25]
      [Scan RS (ms): Min: 0.0, Avg: 0.0, Max: 0.0, Diff: 0.0, Sum: 0.1]
      [Code Root Scanning (ms): Min: 0.0, Avg: 1.5, Max: 6.5, Diff: 6.5, Sum: 12.3]
      [Object Copy (ms): Min: 0.1, Avg: 5.0, Max: 6.7, Diff: 6.6, Sum: 40.3]
      [Termination (ms): Min: 0.0, Avg: 0.1, Max: 0.1, Diff: 0.1, Sum: 0.5]
         [Termination Attempts: Min: 1, Avg: 5.5, Max: 10, Diff: 9, Sum: 44]
      [GC Worker Other (ms): Min: 0.0, Avg: 0.0, Max: 0.0, Diff: 0.0, Sum: 0.1]
      [GC Worker Total (ms): Min: 6.5, Avg: 7.9, Max: 8.4, Diff: 2.0, Sum: 63.5]
      [GC Worker End (ms): Min: 16460.1, Avg: 16460.1, Max: 16460.1, Diff: 0.0]
   [Code Root Fixup: 0.0 ms]
   [Code Root Purge: 0.0 ms]
   [Clear CT: 0.1 ms]
   [Other: 1.0 ms]
      [Choose CSet: 0.0 ms]
      [Ref Proc: 0.8 ms]
      [Ref Enq: 0.0 ms]
      [Redirty Cards: 0.1 ms]
      [Humongous Register: 0.0 ms]
      [Humongous Reclaim: 0.0 ms]
      [Free CSet: 0.1 ms]
   [Eden: 119.0M(119.0M)->0.0B(125.0M) Survivors: 18.0M->15.0M Heap: 206.2M(250.0M)->83.7M(250.0M)]
 [Times: user=0.03 sys=0.00, real=0.01 secs]
2020-01-16T10:15:02.957+0800: 16.938: [GC pause (G1 Evacuation Pause) (young), 0.0092071 secs]
   [Parallel Time: 7.7 ms, GC Workers: 8]
      [GC Worker Start (ms): Min: 16938.0, Avg: 16938.0, Max: 16938.1, Diff: 0.1]
      [Ext Root Scanning (ms): Min: 0.3, Avg: 0.5, Max: 1.5, Diff: 1.3, Sum: 4.2]
      [Update RS (ms): Min: 0.0, Avg: 0.8, Max: 1.2, Diff: 1.2, Sum: 6.5]
         [Processed Buffers: Min: 0, Avg: 3.3, Max: 6, Diff: 6, Sum: 26]
      [Scan RS (ms): Min: 0.0, Avg: 0.0, Max: 0.0, Diff: 0.0, Sum: 0.1]
      [Code Root Scanning (ms): Min: 0.0, Avg: 0.2, Max: 0.6, Diff: 0.6, Sum: 1.7]
      [Object Copy (ms): Min: 5.7, Avg: 6.0, Max: 6.3, Diff: 0.6, Sum: 48.3]
      [Termination (ms): Min: 0.0, Avg: 0.0, Max: 0.0, Diff: 0.0, Sum: 0.0]
         [Termination Attempts: Min: 1, Avg: 22.1, Max: 28, Diff: 27, Sum: 177]
      [GC Worker Other (ms): Min: 0.0, Avg: 0.0, Max: 0.0, Diff: 0.0, Sum: 0.2]
      [GC Worker Total (ms): Min: 7.6, Avg: 7.6, Max: 7.7, Diff: 0.1, Sum: 61.0]
      [GC Worker End (ms): Min: 16945.6, Avg: 16945.7, Max: 16945.7, Diff: 0.0]
   [Code Root Fixup: 0.1 ms]
   [Code Root Purge: 0.0 ms]
   [Clear CT: 0.1 ms]
   [Other: 1.2 ms]
      [Choose CSet: 0.0 ms]
      [Ref Proc: 0.9 ms]
      [Ref Enq: 0.0 ms]
      [Redirty Cards: 0.1 ms]
      [Humongous Register: 0.0 ms]
      [Humongous Reclaim: 0.0 ms]
      [Free CSet: 0.1 ms]
   [Eden: 125.0M(125.0M)->0.0B(124.0M) Survivors: 15.0M->14.0M Heap: 208.7M(250.0M)->86.9M(250.0M)]
 [Times: user=0.13 sys=0.00, real=0.01 secs]
2020-01-16T10:15:03.377+0800: 17.358: [GC pause (G1 Evacuation Pause) (young), 0.0089289 secs]
   [Parallel Time: 7.8 ms, GC Workers: 8]
      [GC Worker Start (ms): Min: 17358.3, Avg: 17358.4, Max: 17358.4, Diff: 0.1]
      [Ext Root Scanning (ms): Min: 0.3, Avg: 0.5, Max: 1.2, Diff: 1.0, Sum: 4.1]
      [Update RS (ms): Min: 1.3, Avg: 2.1, Max: 2.5, Diff: 1.2, Sum: 16.6]
         [Processed Buffers: Min: 4, Avg: 5.8, Max: 8, Diff: 4, Sum: 46]
      [Scan RS (ms): Min: 0.0, Avg: 0.0, Max: 0.0, Diff: 0.0, Sum: 0.1]
      [Code Root Scanning (ms): Min: 0.0, Avg: 0.2, Max: 0.4, Diff: 0.4, Sum: 1.7]
      [Object Copy (ms): Min: 4.6, Avg: 4.8, Max: 5.3, Diff: 0.8, Sum: 38.8]
      [Termination (ms): Min: 0.0, Avg: 0.0, Max: 0.0, Diff: 0.0, Sum: 0.0]
         [Termination Attempts: Min: 1, Avg: 11.0, Max: 16, Diff: 15, Sum: 88]
      [GC Worker Other (ms): Min: 0.0, Avg: 0.0, Max: 0.1, Diff: 0.1, Sum: 0.3]
      [GC Worker Total (ms): Min: 7.6, Avg: 7.7, Max: 7.8, Diff: 0.1, Sum: 61.5]
      [GC Worker End (ms): Min: 17366.0, Avg: 17366.1, Max: 17366.1, Diff: 0.0]
   [Code Root Fixup: 0.1 ms]
   [Code Root Purge: 0.0 ms]
   [Clear CT: 0.1 ms]
   [Other: 0.9 ms]
      [Choose CSet: 0.0 ms]
      [Ref Proc: 0.3 ms]
      [Ref Enq: 0.0 ms]
      [Redirty Cards: 0.3 ms]
      [Humongous Register: 0.0 ms]
      [Humongous Reclaim: 0.0 ms]
      [Free CSet: 0.1 ms]
   [Eden: 124.0M(124.0M)->0.0B(124.0M) Survivors: 14.0M->12.0M Heap: 210.9M(250.0M)->88.4M(250.0M)]
 [Times: user=0.00 sys=0.02, real=0.01 secs]
2020-01-16T10:15:03.744+0800: 17.724: [GC pause (G1 Evacuation Pause) (young), 0.0065600 secs]
   [Parallel Time: 5.5 ms, GC Workers: 8]
      [GC Worker Start (ms): Min: 17724.5, Avg: 17724.5, Max: 17724.6, Diff: 0.1]
      [Ext Root Scanning (ms): Min: 0.3, Avg: 0.5, Max: 1.0, Diff: 0.7, Sum: 4.0]
      [Update RS (ms): Min: 0.9, Avg: 1.6, Max: 2.1, Diff: 1.2, Sum: 13.0]
         [Processed Buffers: Min: 2, Avg: 4.1, Max: 7, Diff: 5, Sum: 33]
      [Scan RS (ms): Min: 0.0, Avg: 0.0, Max: 0.0, Diff: 0.0, Sum: 0.1]
      [Code Root Scanning (ms): Min: 0.0, Avg: 0.1, Max: 0.3, Diff: 0.3, Sum: 0.9]
      [Object Copy (ms): Min: 3.0, Avg: 3.2, Max: 3.3, Diff: 0.3, Sum: 25.3]
      [Termination (ms): Min: 0.0, Avg: 0.0, Max: 0.0, Diff: 0.0, Sum: 0.0]
         [Termination Attempts: Min: 1, Avg: 1.0, Max: 1, Diff: 0, Sum: 8]
      [GC Worker Other (ms): Min: 0.0, Avg: 0.0, Max: 0.0, Diff: 0.0, Sum: 0.2]
      [GC Worker Total (ms): Min: 5.4, Avg: 5.4, Max: 5.5, Diff: 0.1, Sum: 43.4]
      [GC Worker End (ms): Min: 17730.0, Avg: 17730.0, Max: 17730.0, Diff: 0.0]
   [Code Root Fixup: 0.0 ms]
   [Code Root Purge: 0.0 ms]
   [Clear CT: 0.2 ms]
   [Other: 0.7 ms]
      [Choose CSet: 0.0 ms]
      [Ref Proc: 0.3 ms]
      [Ref Enq: 0.0 ms]
      [Redirty Cards: 0.2 ms]
      [Humongous Register: 0.0 ms]
      [Humongous Reclaim: 0.0 ms]
      [Free CSet: 0.1 ms]
   [Eden: 124.0M(124.0M)->0.0B(123.0M) Survivors: 12.0M->11.0M Heap: 212.4M(250.0M)->91.0M(250.0M)]
 [Times: user=0.13 sys=0.00, real=0.01 secs]
2020-01-16T10:15:04.180+0800: 18.161: [GC pause (G1 Evacuation Pause) (young), 0.0067547 secs]
   [Parallel Time: 5.7 ms, GC Workers: 8]
      [GC Worker Start (ms): Min: 18161.2, Avg: 18161.2, Max: 18161.3, Diff: 0.1]
      [Ext Root Scanning (ms): Min: 0.2, Avg: 0.5, Max: 1.0, Diff: 0.8, Sum: 3.7]
      [Update RS (ms): Min: 0.4, Avg: 0.9, Max: 1.2, Diff: 0.7, Sum: 7.2]
         [Processed Buffers: Min: 2, Avg: 3.1, Max: 6, Diff: 4, Sum: 25]
      [Scan RS (ms): Min: 0.0, Avg: 0.0, Max: 0.0, Diff: 0.0, Sum: 0.1]
      [Code Root Scanning (ms): Min: 0.0, Avg: 0.1, Max: 0.3, Diff: 0.3, Sum: 1.0]
      [Object Copy (ms): Min: 4.0, Avg: 4.1, Max: 4.2, Diff: 0.2, Sum: 32.7]
      [Termination (ms): Min: 0.0, Avg: 0.0, Max: 0.0, Diff: 0.0, Sum: 0.0]
         [Termination Attempts: Min: 1, Avg: 1.0, Max: 1, Diff: 0, Sum: 8]
      [GC Worker Other (ms): Min: 0.0, Avg: 0.0, Max: 0.1, Diff: 0.0, Sum: 0.3]
      [GC Worker Total (ms): Min: 5.5, Avg: 5.6, Max: 5.6, Diff: 0.1, Sum: 44.9]
      [GC Worker End (ms): Min: 18166.8, Avg: 18166.8, Max: 18166.8, Diff: 0.0]
   [Code Root Fixup: 0.1 ms]
   [Code Root Purge: 0.0 ms]
   [Clear CT: 0.1 ms]
   [Other: 0.8 ms]
      [Choose CSet: 0.0 ms]
      [Ref Proc: 0.5 ms]
      [Ref Enq: 0.0 ms]
      [Redirty Cards: 0.1 ms]
      [Humongous Register: 0.0 ms]
      [Humongous Reclaim: 0.0 ms]
      [Free CSet: 0.1 ms]
   [Eden: 123.0M(123.0M)->0.0B(119.0M) Survivors: 11.0M->12.0M Heap: 214.0M(250.0M)->93.6M(250.0M)]
 [Times: user=0.09 sys=0.00, real=0.01 secs]
2020-01-16T10:15:04.503+0800: 18.484: [GC pause (G1 Evacuation Pause) (young), 0.0069277 secs]
   [Parallel Time: 5.8 ms, GC Workers: 8]
      [GC Worker Start (ms): Min: 18484.4, Avg: 18484.4, Max: 18484.5, Diff: 0.1]
      [Ext Root Scanning (ms): Min: 0.2, Avg: 0.5, Max: 1.1, Diff: 1.0, Sum: 4.1]
      [Update RS (ms): Min: 0.2, Avg: 0.8, Max: 1.2, Diff: 1.0, Sum: 6.6]
         [Processed Buffers: Min: 1, Avg: 2.1, Max: 7, Diff: 6, Sum: 17]
      [Scan RS (ms): Min: 0.0, Avg: 0.0, Max: 0.0, Diff: 0.0, Sum: 0.1]
      [Code Root Scanning (ms): Min: 0.0, Avg: 0.1, Max: 0.3, Diff: 0.3, Sum: 0.9]
      [Object Copy (ms): Min: 4.0, Avg: 4.2, Max: 4.5, Diff: 0.5, Sum: 33.7]
      [Termination (ms): Min: 0.0, Avg: 0.0, Max: 0.0, Diff: 0.0, Sum: 0.0]
         [Termination Attempts: Min: 1, Avg: 1.0, Max: 1, Diff: 0, Sum: 8]
      [GC Worker Other (ms): Min: 0.0, Avg: 0.0, Max: 0.0, Diff: 0.0, Sum: 0.2]
      [GC Worker Total (ms): Min: 5.7, Avg: 5.7, Max: 5.7, Diff: 0.1, Sum: 45.5]
      [GC Worker End (ms): Min: 18490.1, Avg: 18490.1, Max: 18490.1, Diff: 0.0]
   [Code Root Fixup: 0.1 ms]
   [Code Root Purge: 0.0 ms]
   [Clear CT: 0.1 ms]
   [Other: 0.9 ms]
      [Choose CSet: 0.0 ms]
      [Ref Proc: 0.6 ms]
      [Ref Enq: 0.0 ms]
      [Redirty Cards: 0.1 ms]
      [Humongous Register: 0.0 ms]
      [Humongous Reclaim: 0.0 ms]
      [Free CSet: 0.1 ms]
   [Eden: 119.0M(119.0M)->0.0B(116.0M) Survivors: 12.0M->12.0M Heap: 212.6M(250.0M)->96.9M(250.0M)]
 [Times: user=0.00 sys=0.00, real=0.01 secs]
2020-01-16T10:15:04.822+0800: 18.803: [GC pause (G1 Evacuation Pause) (young), 0.0068838 secs]
   [Parallel Time: 5.4 ms, GC Workers: 8]
      [GC Worker Start (ms): Min: 18803.3, Avg: 18803.3, Max: 18803.3, Diff: 0.1]
      [Ext Root Scanning (ms): Min: 0.2, Avg: 0.4, Max: 1.0, Diff: 0.7, Sum: 3.5]
      [Update RS (ms): Min: 0.3, Avg: 0.7, Max: 0.9, Diff: 0.7, Sum: 5.9]
         [Processed Buffers: Min: 1, Avg: 2.6, Max: 5, Diff: 4, Sum: 21]
      [Scan RS (ms): Min: 0.0, Avg: 0.0, Max: 0.0, Diff: 0.0, Sum: 0.1]
      [Code Root Scanning (ms): Min: 0.0, Avg: 0.0, Max: 0.1, Diff: 0.1, Sum: 0.4]
      [Object Copy (ms): Min: 3.9, Avg: 4.1, Max: 4.2, Diff: 0.2, Sum: 32.6]
      [Termination (ms): Min: 0.0, Avg: 0.0, Max: 0.0, Diff: 0.0, Sum: 0.0]
         [Termination Attempts: Min: 1, Avg: 1.0, Max: 1, Diff: 0, Sum: 8]
      [GC Worker Other (ms): Min: 0.0, Avg: 0.0, Max: 0.0, Diff: 0.0, Sum: 0.2]
      [GC Worker Total (ms): Min: 5.3, Avg: 5.3, Max: 5.3, Diff: 0.1, Sum: 42.5]
      [GC Worker End (ms): Min: 18808.6, Avg: 18808.6, Max: 18808.6, Diff: 0.0]
   [Code Root Fixup: 0.0 ms]
   [Code Root Purge: 0.0 ms]
   [Clear CT: 0.1 ms]
   [Other: 1.3 ms]
      [Choose CSet: 0.0 ms]
      [Ref Proc: 0.9 ms]
      [Ref Enq: 0.0 ms]
      [Redirty Cards: 0.1 ms]
      [Humongous Register: 0.0 ms]
      [Humongous Reclaim: 0.0 ms]
      [Free CSet: 0.1 ms]
   [Eden: 116.0M(116.0M)->0.0B(112.0M) Survivors: 12.0M->12.0M Heap: 212.9M(250.0M)->100.5M(250.0M)]
 [Times: user=0.13 sys=0.00, real=0.01 secs]
2020-01-16T10:15:05.367+0800: 19.347: [GC pause (G1 Evacuation Pause) (young), 0.0089622 secs]
   [Parallel Time: 7.1 ms, GC Workers: 8]
      [GC Worker Start (ms): Min: 19347.4, Avg: 19347.7, Max: 19348.4, Diff: 1.0]
      [Ext Root Scanning (ms): Min: 0.0, Avg: 0.7, Max: 1.7, Diff: 1.7, Sum: 5.4]
      [Update RS (ms): Min: 0.7, Avg: 1.4, Max: 2.0, Diff: 1.3, Sum: 11.0]
         [Processed Buffers: Min: 1, Avg: 3.3, Max: 6, Diff: 5, Sum: 26]
      [Scan RS (ms): Min: 0.0, Avg: 0.0, Max: 0.1, Diff: 0.1, Sum: 0.1]
      [Code Root Scanning (ms): Min: 0.0, Avg: 0.0, Max: 0.1, Diff: 0.1, Sum: 0.3]
      [Object Copy (ms): Min: 4.1, Avg: 4.4, Max: 4.8, Diff: 0.6, Sum: 35.5]
      [Termination (ms): Min: 0.0, Avg: 0.1, Max: 0.2, Diff: 0.2, Sum: 0.8]
         [Termination Attempts: Min: 1, Avg: 12.8, Max: 18, Diff: 17, Sum: 102]
      [GC Worker Other (ms): Min: 0.0, Avg: 0.0, Max: 0.0, Diff: 0.0, Sum: 0.1]
      [GC Worker Total (ms): Min: 5.9, Avg: 6.7, Max: 7.0, Diff: 1.2, Sum: 53.2]
      [GC Worker End (ms): Min: 19354.3, Avg: 19354.3, Max: 19354.4, Diff: 0.1]
   [Code Root Fixup: 0.0 ms]
   [Code Root Purge: 0.0 ms]
   [Clear CT: 0.1 ms]
   [Other: 1.7 ms]
      [Choose CSet: 0.0 ms]
      [Ref Proc: 1.3 ms]
      [Ref Enq: 0.0 ms]
      [Redirty Cards: 0.1 ms]
      [Humongous Register: 0.0 ms]
      [Humongous Reclaim: 0.0 ms]
      [Free CSet: 0.1 ms]
   [Eden: 112.0M(112.0M)->0.0B(107.0M) Survivors: 12.0M->12.0M Heap: 212.5M(250.0M)->105.8M(250.0M)]
 [Times: user=0.13 sys=0.00, real=0.01 secs]
2020-01-16T10:15:13.609+0800: 27.590: [GC pause (G1 Evacuation Pause) (young), 0.0104839 secs]
   [Parallel Time: 7.6 ms, GC Workers: 8]
      [GC Worker Start (ms): Min: 27590.4, Avg: 27591.4, Max: 27597.0, Diff: 6.6]
      [Ext Root Scanning (ms): Min: 0.0, Avg: 0.4, Max: 0.9, Diff: 0.9, Sum: 2.9]
      [Update RS (ms): Min: 0.0, Avg: 1.9, Max: 6.5, Diff: 6.5, Sum: 15.3]
         [Processed Buffers: Min: 0, Avg: 4.1, Max: 9, Diff: 9, Sum: 33]
      [Scan RS (ms): Min: 0.0, Avg: 0.0, Max: 0.0, Diff: 0.0, Sum: 0.1]
      [Code Root Scanning (ms): Min: 0.0, Avg: 0.0, Max: 0.1, Diff: 0.1, Sum: 0.3]
      [Object Copy (ms): Min: 0.0, Avg: 3.9, Max: 5.3, Diff: 5.3, Sum: 31.0]
      [Termination (ms): Min: 0.0, Avg: 0.3, Max: 1.0, Diff: 1.0, Sum: 2.4]
         [Termination Attempts: Min: 1, Avg: 2.0, Max: 3, Diff: 2, Sum: 16]
      [GC Worker Other (ms): Min: 0.0, Avg: 0.0, Max: 0.0, Diff: 0.0, Sum: 0.1]
      [GC Worker Total (ms): Min: 0.9, Avg: 6.5, Max: 7.5, Diff: 6.6, Sum: 52.2]
      [GC Worker End (ms): Min: 27598.0, Avg: 27598.0, Max: 27598.0, Diff: 0.0]
   [Code Root Fixup: 0.0 ms]
   [Code Root Purge: 0.0 ms]
   [Clear CT: 0.6 ms]
   [Other: 2.2 ms]
      [Choose CSet: 0.0 ms]
      [Ref Proc: 1.2 ms]
      [Ref Enq: 0.0 ms]
      [Redirty Cards: 0.8 ms]
      [Humongous Register: 0.0 ms]
      [Humongous Reclaim: 0.0 ms]
      [Free CSet: 0.1 ms]
   [Eden: 107.0M(107.0M)->0.0B(100.0M) Survivors: 12.0M->12.0M Heap: 212.8M(250.0M)->112.4M(250.0M)]
 [Times: user=0.00 sys=0.00, real=0.01 secs]
2020-01-16T10:15:13.955+0800: 27.936: [GC pause (G1 Evacuation Pause) (young), 0.0084166 secs]
   [Parallel Time: 5.9 ms, GC Workers: 8]
      [GC Worker Start (ms): Min: 27936.3, Avg: 27936.4, Max: 27936.4, Diff: 0.1]
      [Ext Root Scanning (ms): Min: 0.2, Avg: 0.4, Max: 1.0, Diff: 0.8, Sum: 3.2]
      [Update RS (ms): Min: 0.8, Avg: 1.9, Max: 5.4, Diff: 4.5, Sum: 15.5]
         [Processed Buffers: Min: 2, Avg: 4.1, Max: 9, Diff: 7, Sum: 33]
      [Scan RS (ms): Min: 0.0, Avg: 0.0, Max: 0.0, Diff: 0.0, Sum: 0.1]
      [Code Root Scanning (ms): Min: 0.0, Avg: 0.0, Max: 0.2, Diff: 0.2, Sum: 0.3]
      [Object Copy (ms): Min: 0.1, Avg: 3.1, Max: 3.7, Diff: 3.6, Sum: 25.1]
      [Termination (ms): Min: 0.0, Avg: 0.3, Max: 0.4, Diff: 0.4, Sum: 2.1]
         [Termination Attempts: Min: 1, Avg: 41.0, Max: 64, Diff: 63, Sum: 328]
      [GC Worker Other (ms): Min: 0.0, Avg: 0.0, Max: 0.0, Diff: 0.0, Sum: 0.1]
      [GC Worker Total (ms): Min: 5.7, Avg: 5.8, Max: 5.9, Diff: 0.1, Sum: 46.3]
      [GC Worker End (ms): Min: 27942.2, Avg: 27942.2, Max: 27942.2, Diff: 0.0]
   [Code Root Fixup: 0.0 ms]
   [Code Root Purge: 0.0 ms]
   [Clear CT: 0.7 ms]
   [Other: 1.8 ms]
      [Choose CSet: 0.0 ms]
      [Ref Proc: 1.1 ms]
      [Ref Enq: 0.0 ms]
      [Redirty Cards: 0.6 ms]
      [Humongous Register: 0.0 ms]
      [Humongous Reclaim: 0.0 ms]
      [Free CSet: 0.1 ms]
   [Eden: 100.0M(100.0M)->0.0B(96.0M) Survivors: 12.0M->11.0M Heap: 212.4M(250.0M)->116.9M(250.0M)]
 [Times: user=0.00 sys=0.00, real=0.01 secs]
2020-01-16T10:15:14.391+0800: 28.371: [GC pause (G1 Evacuation Pause) (young), 0.0077212 secs]
   [Parallel Time: 6.3 ms, GC Workers: 8]
      [GC Worker Start (ms): Min: 28371.3, Avg: 28371.6, Max: 28373.0, Diff: 1.7]
      [Ext Root Scanning (ms): Min: 0.0, Avg: 0.5, Max: 1.2, Diff: 1.2, Sum: 4.1]
      [Update RS (ms): Min: 0.5, Avg: 2.0, Max: 5.7, Diff: 5.2, Sum: 15.8]
         [Processed Buffers: Min: 1, Avg: 4.1, Max: 7, Diff: 6, Sum: 33]
      [Scan RS (ms): Min: 0.0, Avg: 0.0, Max: 0.0, Diff: 0.0, Sum: 0.1]
      [Code Root Scanning (ms): Min: 0.0, Avg: 0.0, Max: 0.1, Diff: 0.1, Sum: 0.3]
      [Object Copy (ms): Min: 0.1, Avg: 3.2, Max: 3.9, Diff: 3.8, Sum: 25.9]
      [Termination (ms): Min: 0.0, Avg: 0.2, Max: 0.4, Diff: 0.4, Sum: 1.9]
         [Termination Attempts: Min: 1, Avg: 22.0, Max: 40, Diff: 39, Sum: 176]
      [GC Worker Other (ms): Min: 0.0, Avg: 0.0, Max: 0.0, Diff: 0.0, Sum: 0.1]
      [GC Worker Total (ms): Min: 4.6, Avg: 6.0, Max: 6.3, Diff: 1.7, Sum: 48.2]
      [GC Worker End (ms): Min: 28377.6, Avg: 28377.6, Max: 28377.6, Diff: 0.0]
   [Code Root Fixup: 0.0 ms]
   [Code Root Purge: 0.0 ms]
   [Clear CT: 0.1 ms]
   [Other: 1.2 ms]
      [Choose CSet: 0.0 ms]
      [Ref Proc: 1.0 ms]
      [Ref Enq: 0.0 ms]
      [Redirty Cards: 0.1 ms]
      [Humongous Register: 0.0 ms]
      [Humongous Reclaim: 0.0 ms]
      [Free CSet: 0.1 ms]
   [Eden: 96.0M(96.0M)->0.0B(94.0M) Survivors: 11.0M->12.0M Heap: 212.9M(250.0M)->118.4M(250.0M)]
 [Times: user=0.00 sys=0.00, real=0.01 secs]
2020-01-16T10:15:14.787+0800: 28.767: [GC pause (G1 Evacuation Pause) (young), 0.0079462 secs]
   [Parallel Time: 6.4 ms, GC Workers: 8]
      [GC Worker Start (ms): Min: 28767.4, Avg: 28768.2, Max: 28773.7, Diff: 6.3]
      [Ext Root Scanning (ms): Min: 0.0, Avg: 0.4, Max: 1.2, Diff: 1.2, Sum: 3.3]
      [Update RS (ms): Min: 0.0, Avg: 0.9, Max: 1.3, Diff: 1.3, Sum: 7.2]
         [Processed Buffers: Min: 0, Avg: 2.5, Max: 4, Diff: 4, Sum: 20]
      [Scan RS (ms): Min: 0.0, Avg: 0.0, Max: 0.0, Diff: 0.0, Sum: 0.1]
      [Code Root Scanning (ms): Min: 0.0, Avg: 0.0, Max: 0.1, Diff: 0.1, Sum: 0.4]
      [Object Copy (ms): Min: 0.0, Avg: 4.1, Max: 4.8, Diff: 4.8, Sum: 32.9]
      [Termination (ms): Min: 0.0, Avg: 0.1, Max: 0.1, Diff: 0.1, Sum: 0.5]
         [Termination Attempts: Min: 1, Avg: 8.5, Max: 14, Diff: 13, Sum: 68]
      [GC Worker Other (ms): Min: 0.0, Avg: 0.0, Max: 0.0, Diff: 0.0, Sum: 0.1]
      [GC Worker Total (ms): Min: 0.0, Avg: 5.5, Max: 6.4, Diff: 6.3, Sum: 44.4]
      [GC Worker End (ms): Min: 28773.8, Avg: 28773.8, Max: 28773.8, Diff: 0.0]
   [Code Root Fixup: 0.0 ms]
   [Code Root Purge: 0.0 ms]
   [Clear CT: 0.1 ms]
   [Other: 1.3 ms]
      [Choose CSet: 0.0 ms]
      [Ref Proc: 1.0 ms]
      [Ref Enq: 0.0 ms]
      [Redirty Cards: 0.1 ms]
      [Humongous Register: 0.0 ms]
      [Humongous Reclaim: 0.0 ms]
      [Free CSet: 0.1 ms]
   [Eden: 94.0M(94.0M)->0.0B(93.0M) Survivors: 12.0M->11.0M Heap: 212.4M(250.0M)->119.7M(250.0M)]
 [Times: user=0.11 sys=0.00, real=0.01 secs]
2020-01-16T10:15:15.253+0800: 29.233: [GC pause (G1 Evacuation Pause) (young), 0.0099810 secs]
   [Parallel Time: 6.3 ms, GC Workers: 8]
      [GC Worker Start (ms): Min: 29233.3, Avg: 29233.3, Max: 29233.5, Diff: 0.2]
      [Ext Root Scanning (ms): Min: 0.1, Avg: 0.5, Max: 1.3, Diff: 1.1, Sum: 3.6]
      [Update RS (ms): Min: 0.9, Avg: 1.5, Max: 1.9, Diff: 1.0, Sum: 12.4]
         [Processed Buffers: Min: 2, Avg: 4.3, Max: 7, Diff: 5, Sum: 34]
      [Scan RS (ms): Min: 0.0, Avg: 0.0, Max: 0.0, Diff: 0.0, Sum: 0.1]
      [Code Root Scanning (ms): Min: 0.0, Avg: 0.0, Max: 0.2, Diff: 0.2, Sum: 0.4]
      [Object Copy (ms): Min: 3.6, Avg: 3.8, Max: 4.1, Diff: 0.5, Sum: 30.8]
      [Termination (ms): Min: 0.0, Avg: 0.1, Max: 0.2, Diff: 0.2, Sum: 1.1]
         [Termination Attempts: Min: 1, Avg: 16.4, Max: 22, Diff: 21, Sum: 131]
      [GC Worker Other (ms): Min: 0.0, Avg: 0.0, Max: 0.1, Diff: 0.0, Sum: 0.2]
      [GC Worker Total (ms): Min: 5.9, Avg: 6.1, Max: 6.1, Diff: 0.2, Sum: 48.5]
      [GC Worker End (ms): Min: 29239.4, Avg: 29239.4, Max: 29239.4, Diff: 0.0]
   [Code Root Fixup: 0.0 ms]
   [Code Root Purge: 0.0 ms]
   [Clear CT: 2.2 ms]
   [Other: 1.3 ms]
      [Choose CSet: 0.0 ms]
      [Ref Proc: 0.9 ms]
      [Ref Enq: 0.1 ms]
      [Redirty Cards: 0.1 ms]
      [Humongous Register: 0.0 ms]
      [Humongous Reclaim: 0.0 ms]
      [Free CSet: 0.2 ms]
   [Eden: 93.0M(93.0M)->0.0B(92.0M) Survivors: 11.0M->10.0M Heap: 212.7M(250.0M)->122.3M(250.0M)]
 [Times: user=0.02 sys=0.00, real=0.01 secs]
2020-01-16T10:15:15.571+0800: 29.552: [GC pause (G1 Evacuation Pause) (young) (initial-mark), 0.0120434 secs]
   [Parallel Time: 7.2 ms, GC Workers: 8]
      [GC Worker Start (ms): Min: 29552.1, Avg: 29552.2, Max: 29552.8, Diff: 0.7]
      [Ext Root Scanning (ms): Min: 0.7, Avg: 1.2, Max: 1.4, Diff: 0.7, Sum: 9.5]
      [Update RS (ms): Min: 1.6, Avg: 1.8, Max: 2.3, Diff: 0.7, Sum: 14.6]
         [Processed Buffers: Min: 2, Avg: 3.9, Max: 6, Diff: 4, Sum: 31]
      [Scan RS (ms): Min: 0.0, Avg: 0.0, Max: 0.0, Diff: 0.0, Sum: 0.1]
      [Code Root Scanning (ms): Min: 0.0, Avg: 0.3, Max: 2.1, Diff: 2.1, Sum: 2.2]
      [Object Copy (ms): Min: 1.9, Avg: 3.6, Max: 4.0, Diff: 2.1, Sum: 28.8]
      [Termination (ms): Min: 0.0, Avg: 0.0, Max: 0.0, Diff: 0.0, Sum: 0.0]
         [Termination Attempts: Min: 1, Avg: 20.9, Max: 32, Diff: 31, Sum: 167]
      [GC Worker Other (ms): Min: 0.0, Avg: 0.0, Max: 0.0, Diff: 0.0, Sum: 0.1]
      [GC Worker Total (ms): Min: 6.3, Avg: 6.9, Max: 7.0, Diff: 0.7, Sum: 55.3]
      [GC Worker End (ms): Min: 29559.1, Avg: 29559.1, Max: 29559.1, Diff: 0.0]
   [Code Root Fixup: 0.0 ms]
   [Code Root Purge: 0.0 ms]
   [Clear CT: 0.6 ms]
   [Other: 4.2 ms]
      [Choose CSet: 0.0 ms]
      [Ref Proc: 3.3 ms]
      [Ref Enq: 0.0 ms]
      [Redirty Cards: 0.7 ms]
      [Humongous Register: 0.0 ms]
      [Humongous Reclaim: 0.0 ms]
      [Free CSet: 0.1 ms]
   [Eden: 92.0M(92.0M)->0.0B(88.0M) Survivors: 10.0M->12.0M Heap: 214.3M(250.0M)->124.8M(250.0M)]
 [Times: user=0.13 sys=0.00, real=0.01 secs]
2020-01-16T10:15:15.584+0800: 29.564: [GC concurrent-root-region-scan-start]
2020-01-16T10:15:15.592+0800: 29.572: [GC concurrent-root-region-scan-end, 0.0081426 secs]
2020-01-16T10:15:15.592+0800: 29.572: [GC concurrent-mark-start]
2020-01-16T10:15:15.634+0800: 29.614: [GC concurrent-mark-end, 0.0419056 secs]
2020-01-16T10:15:15.634+0800: 29.614: [GC remark 2020-01-16T10:15:15.634+0800: 29.614: [Finalize Marking, 0.0002210 secs] 2020-01-16T10:15:15.634+0800: 29.615: [GC ref-proc, 0.0017149 secs] 2020-01-16T10:15:15.636+0800: 29.616: [Unloading, 0.0070750 secs], 0.0093065 secs]
 [Times: user=0.13 sys=0.00, real=0.01 secs]
2020-01-16T10:15:15.644+0800: 29.624: [GC cleanup 138M->128M(250M), 0.0009218 secs]
 [Times: user=0.00 sys=0.00, real=0.00 secs]
2020-01-16T10:15:15.645+0800: 29.625: [GC concurrent-cleanup-start]
2020-01-16T10:15:15.645+0800: 29.625: [GC concurrent-cleanup-end, 0.0000161 secs]
2020-01-16T10:15:16.536+0800: 30.517: [GC pause (G1 Evacuation Pause) (young), 0.0082913 secs]
   [Parallel Time: 5.0 ms, GC Workers: 8]
      [GC Worker Start (ms): Min: 30517.4, Avg: 30517.5, Max: 30517.5, Diff: 0.1]
      [Ext Root Scanning (ms): Min: 0.4, Avg: 0.7, Max: 1.5, Diff: 1.1, Sum: 5.4]
      [Update RS (ms): Min: 0.4, Avg: 0.8, Max: 1.1, Diff: 0.7, Sum: 6.8]
         [Processed Buffers: Min: 1, Avg: 3.3, Max: 8, Diff: 7, Sum: 26]
      [Scan RS (ms): Min: 0.0, Avg: 0.0, Max: 0.0, Diff: 0.0, Sum: 0.1]
      [Code Root Scanning (ms): Min: 0.0, Avg: 0.0, Max: 0.1, Diff: 0.1, Sum: 0.2]
      [Object Copy (ms): Min: 2.8, Avg: 3.1, Max: 3.2, Diff: 0.5, Sum: 24.6]
      [Termination (ms): Min: 0.0, Avg: 0.0, Max: 0.0, Diff: 0.0, Sum: 0.0]
         [Termination Attempts: Min: 1, Avg: 1.0, Max: 1, Diff: 0, Sum: 8]
      [GC Worker Other (ms): Min: 0.0, Avg: 0.0, Max: 0.0, Diff: 0.0, Sum: 0.1]
      [GC Worker Total (ms): Min: 4.6, Avg: 4.6, Max: 4.7, Diff: 0.1, Sum: 37.2]
      [GC Worker End (ms): Min: 30522.1, Avg: 30522.1, Max: 30522.1, Diff: 0.0]
   [Code Root Fixup: 0.0 ms]
   [Code Root Purge: 0.0 ms]
   [Clear CT: 0.7 ms]
   [Other: 2.7 ms]
      [Choose CSet: 0.0 ms]
      [Ref Proc: 1.8 ms]
      [Ref Enq: 0.0 ms]
      [Redirty Cards: 0.6 ms]
      [Humongous Register: 0.0 ms]
      [Humongous Reclaim: 0.0 ms]
      [Free CSet: 0.1 ms]
   [Eden: 88.0M(88.0M)->0.0B(1024.0K) Survivors: 12.0M->12.0M Heap: 202.8M(250.0M)->114.3M(250.0M)]
 [Times: user=0.02 sys=0.00, real=0.01 secs]
2020-01-16T10:15:16.557+0800: 30.538: [GC pause (G1 Evacuation Pause) (mixed), 0.0079667 secs]
   [Parallel Time: 5.9 ms, GC Workers: 8]
      [GC Worker Start (ms): Min: 30537.9, Avg: 30537.9, Max: 30538.0, Diff: 0.1]
      [Ext Root Scanning (ms): Min: 0.3, Avg: 0.5, Max: 1.4, Diff: 1.2, Sum: 4.1]
      [Update RS (ms): Min: 0.0, Avg: 0.7, Max: 1.0, Diff: 1.0, Sum: 5.9]
         [Processed Buffers: Min: 0, Avg: 2.1, Max: 4, Diff: 4, Sum: 17]
      [Scan RS (ms): Min: 0.3, Avg: 0.5, Max: 0.7, Diff: 0.3, Sum: 3.8]
      [Code Root Scanning (ms): Min: 0.0, Avg: 0.0, Max: 0.1, Diff: 0.1, Sum: 0.3]
      [Object Copy (ms): Min: 3.7, Avg: 4.0, Max: 4.1, Diff: 0.3, Sum: 31.7]
      [Termination (ms): Min: 0.0, Avg: 0.0, Max: 0.0, Diff: 0.0, Sum: 0.0]
         [Termination Attempts: Min: 1, Avg: 6.9, Max: 11, Diff: 10, Sum: 55]
      [GC Worker Other (ms): Min: 0.0, Avg: 0.0, Max: 0.0, Diff: 0.0, Sum: 0.1]
      [GC Worker Total (ms): Min: 5.7, Avg: 5.7, Max: 5.8, Diff: 0.1, Sum: 46.0]
      [GC Worker End (ms): Min: 30543.7, Avg: 30543.7, Max: 30543.7, Diff: 0.0]
   [Code Root Fixup: 0.0 ms]
   [Code Root Purge: 0.0 ms]
   [Clear CT: 0.7 ms]
   [Other: 1.4 ms]
      [Choose CSet: 0.0 ms]
      [Ref Proc: 0.5 ms]
      [Ref Enq: 0.0 ms]
      [Redirty Cards: 0.6 ms]
      [Humongous Register: 0.0 ms]
      [Humongous Reclaim: 0.0 ms]
      [Free CSet: 0.1 ms]
   [Eden: 1024.0K(1024.0K)->0.0B(10.0M) Survivors: 12.0M->2048.0K Heap: 115.3M(250.0M)->88.5M(250.0M)]
 [Times: user=0.13 sys=0.00, real=0.01 secs]
2020-01-16T10:15:16.599+0800: 30.580: [GC pause (G1 Evacuation Pause) (mixed), 0.0113366 secs]
   [Parallel Time: 9.8 ms, GC Workers: 8]
      [GC Worker Start (ms): Min: 30580.1, Avg: 30580.2, Max: 30580.3, Diff: 0.2]
      [Ext Root Scanning (ms): Min: 0.4, Avg: 0.6, Max: 1.2, Diff: 0.8, Sum: 4.6]
      [Update RS (ms): Min: 3.7, Avg: 4.0, Max: 4.4, Diff: 0.7, Sum: 32.1]
         [Processed Buffers: Min: 7, Avg: 9.9, Max: 13, Diff: 6, Sum: 79]
      [Scan RS (ms): Min: 0.9, Avg: 1.1, Max: 1.3, Diff: 0.4, Sum: 8.8]
      [Code Root Scanning (ms): Min: 0.0, Avg: 0.1, Max: 0.2, Diff: 0.2, Sum: 0.9]
      [Object Copy (ms): Min: 3.7, Avg: 3.8, Max: 4.0, Diff: 0.3, Sum: 30.6]
      [Termination (ms): Min: 0.0, Avg: 0.0, Max: 0.0, Diff: 0.0, Sum: 0.0]
         [Termination Attempts: Min: 1, Avg: 23.1, Max: 33, Diff: 32, Sum: 185]
      [GC Worker Other (ms): Min: 0.0, Avg: 0.0, Max: 0.0, Diff: 0.0, Sum: 0.1]
      [GC Worker Total (ms): Min: 9.6, Avg: 9.6, Max: 9.8, Diff: 0.2, Sum: 77.1]
      [GC Worker End (ms): Min: 30589.9, Avg: 30589.9, Max: 30589.9, Diff: 0.0]
   [Code Root Fixup: 0.1 ms]
   [Code Root Purge: 0.0 ms]
   [Clear CT: 0.2 ms]
   [Other: 1.2 ms]
      [Choose CSet: 0.1 ms]
      [Ref Proc: 0.3 ms]
      [Ref Enq: 0.0 ms]
      [Redirty Cards: 0.6 ms]
      [Humongous Register: 0.0 ms]
      [Humongous Reclaim: 0.0 ms]
      [Free CSet: 0.1 ms]
   [Eden: 10.0M(10.0M)->0.0B(10.0M) Survivors: 2048.0K->2048.0K Heap: 98.5M(250.0M)->75.5M(250.0M)]
 [Times: user=0.13 sys=0.00, real=0.01 secs]
2020-01-16T10:15:16.748+0800: 30.729: [GC pause (G1 Evacuation Pause) (mixed), 0.0113772 secs]
   [Parallel Time: 9.3 ms, GC Workers: 8]
      [GC Worker Start (ms): Min: 30729.1, Avg: 30729.3, Max: 30729.5, Diff: 0.4]
      [Ext Root Scanning (ms): Min: 1.2, Avg: 1.6, Max: 2.3, Diff: 1.2, Sum: 12.8]
      [Update RS (ms): Min: 4.7, Avg: 5.3, Max: 5.6, Diff: 0.8, Sum: 42.5]
         [Processed Buffers: Min: 9, Avg: 11.0, Max: 14, Diff: 5, Sum: 88]
      [Scan RS (ms): Min: 0.2, Avg: 0.3, Max: 0.5, Diff: 0.3, Sum: 2.8]
      [Code Root Scanning (ms): Min: 0.0, Avg: 0.0, Max: 0.2, Diff: 0.2, Sum: 0.2]
      [Object Copy (ms): Min: 1.3, Avg: 1.6, Max: 1.8, Diff: 0.5, Sum: 12.7]
      [Termination (ms): Min: 0.0, Avg: 0.0, Max: 0.0, Diff: 0.0, Sum: 0.0]
         [Termination Attempts: Min: 1, Avg: 2.4, Max: 3, Diff: 2, Sum: 19]
      [GC Worker Other (ms): Min: 0.0, Avg: 0.0, Max: 0.1, Diff: 0.1, Sum: 0.2]
      [GC Worker Total (ms): Min: 8.7, Avg: 8.9, Max: 9.0, Diff: 0.4, Sum: 71.1]
      [GC Worker End (ms): Min: 30738.2, Avg: 30738.2, Max: 30738.2, Diff: 0.0]
   [Code Root Fixup: 0.0 ms]
   [Code Root Purge: 0.0 ms]
   [Clear CT: 0.7 ms]
   [Other: 1.4 ms]
      [Choose CSet: 0.0 ms]
      [Ref Proc: 0.7 ms]
      [Ref Enq: 0.0 ms]
      [Redirty Cards: 0.6 ms]
      [Humongous Register: 0.0 ms]
      [Humongous Reclaim: 0.0 ms]
      [Free CSet: 0.0 ms]
   [Eden: 10.0M(10.0M)->0.0B(143.0M) Survivors: 2048.0K->2048.0K Heap: 85.5M(250.0M)->77.5M(250.0M)]
 [Times: user=0.00 sys=0.00, real=0.01 secs]
2020-01-16T10:15:17.554+0800: 31.535: [GC pause (G1 Evacuation Pause) (young), 0.0135535 secs]
   [Parallel Time: 7.8 ms, GC Workers: 8]
      [GC Worker Start (ms): Min: 31535.0, Avg: 31535.7, Max: 31536.6, Diff: 1.6]
      [Ext Root Scanning (ms): Min: 0.0, Avg: 0.7, Max: 1.5, Diff: 1.5, Sum: 5.7]
      [Update RS (ms): Min: 1.9, Avg: 2.1, Max: 2.2, Diff: 0.3, Sum: 17.1]
         [Processed Buffers: Min: 3, Avg: 7.0, Max: 17, Diff: 14, Sum: 56]
      [Scan RS (ms): Min: 0.0, Avg: 0.0, Max: 0.1, Diff: 0.1, Sum: 0.1]
      [Code Root Scanning (ms): Min: 0.0, Avg: 0.0, Max: 0.1, Diff: 0.1, Sum: 0.1]
      [Object Copy (ms): Min: 4.0, Avg: 4.1, Max: 4.4, Diff: 0.4, Sum: 33.0]
      [Termination (ms): Min: 0.0, Avg: 0.0, Max: 0.0, Diff: 0.0, Sum: 0.0]
         [Termination Attempts: Min: 1, Avg: 1.1, Max: 2, Diff: 1, Sum: 9]
      [GC Worker Other (ms): Min: 0.0, Avg: 0.0, Max: 0.0, Diff: 0.0, Sum: 0.2]
      [GC Worker Total (ms): Min: 6.1, Avg: 7.0, Max: 7.7, Diff: 1.6, Sum: 56.2]
      [GC Worker End (ms): Min: 31542.7, Avg: 31542.7, Max: 31542.7, Diff: 0.0]
   [Code Root Fixup: 0.0 ms]
   [Code Root Purge: 0.0 ms]
   [Clear CT: 0.1 ms]
   [Other: 5.6 ms]
      [Choose CSet: 0.0 ms]
      [Ref Proc: 5.1 ms]
      [Ref Enq: 0.0 ms]
      [Redirty Cards: 0.1 ms]
      [Humongous Register: 0.0 ms]
      [Humongous Reclaim: 0.0 ms]
      [Free CSet: 0.1 ms]
   [Eden: 143.0M(143.0M)->0.0B(110.0M) Survivors: 2048.0K->19.0M Heap: 220.5M(250.0M)->95.4M(250.0M)]
 [Times: user=0.13 sys=0.00, real=0.01 secs]
2020-01-16T10:15:18.129+0800: 32.110: [GC pause (G1 Evacuation Pause) (young), 0.0104476 secs]
   [Parallel Time: 8.9 ms, GC Workers: 8]
      [GC Worker Start (ms): Min: 32110.3, Avg: 32110.3, Max: 32110.3, Diff: 0.1]
      [Ext Root Scanning (ms): Min: 0.4, Avg: 1.0, Max: 4.3, Diff: 3.9, Sum: 7.9]
      [Update RS (ms): Min: 0.0, Avg: 2.5, Max: 8.1, Diff: 8.1, Sum: 19.8]
         [Processed Buffers: Min: 0, Avg: 3.5, Max: 10, Diff: 10, Sum: 28]
      [Scan RS (ms): Min: 0.0, Avg: 0.0, Max: 0.1, Diff: 0.1, Sum: 0.2]
      [Code Root Scanning (ms): Min: 0.0, Avg: 0.1, Max: 0.3, Diff: 0.3, Sum: 0.4]
      [Object Copy (ms): Min: 0.1, Avg: 5.1, Max: 6.7, Diff: 6.5, Sum: 41.2]
      [Termination (ms): Min: 0.0, Avg: 0.1, Max: 0.1, Diff: 0.1, Sum: 0.7]
         [Termination Attempts: Min: 1, Avg: 16.1, Max: 24, Diff: 23, Sum: 129]
      [GC Worker Other (ms): Min: 0.0, Avg: 0.0, Max: 0.0, Diff: 0.0, Sum: 0.1]
      [GC Worker Total (ms): Min: 8.7, Avg: 8.8, Max: 8.8, Diff: 0.1, Sum: 70.2]
      [GC Worker End (ms): Min: 32119.1, Avg: 32119.1, Max: 32119.1, Diff: 0.1]
   [Code Root Fixup: 0.0 ms]
   [Code Root Purge: 0.0 ms]
   [Clear CT: 0.1 ms]
   [Other: 1.4 ms]
      [Choose CSet: 0.0 ms]
      [Ref Proc: 1.0 ms]
      [Ref Enq: 0.0 ms]
      [Redirty Cards: 0.2 ms]
      [Humongous Register: 0.0 ms]
      [Humongous Reclaim: 0.0 ms]
      [Free CSet: 0.1 ms]
   [Eden: 110.0M(110.0M)->0.0B(120.0M) Survivors: 19.0M->13.0M Heap: 205.4M(250.0M)->91.9M(250.0M)]
 [Times: user=0.13 sys=0.00, real=0.01 secs]
2020-01-16T10:15:18.647+0800: 32.627: [GC pause (G1 Evacuation Pause) (young), 0.0108485 secs]
   [Parallel Time: 8.5 ms, GC Workers: 8]
      [GC Worker Start (ms): Min: 32627.4, Avg: 32627.5, Max: 32628.0, Diff: 0.6]
      [Ext Root Scanning (ms): Min: 0.0, Avg: 0.5, Max: 1.2, Diff: 1.2, Sum: 3.8]
      [Update RS (ms): Min: 1.5, Avg: 1.8, Max: 2.3, Diff: 0.8, Sum: 14.7]
         [Processed Buffers: Min: 1, Avg: 4.0, Max: 6, Diff: 5, Sum: 32]
      [Scan RS (ms): Min: 0.0, Avg: 0.0, Max: 0.0, Diff: 0.0, Sum: 0.1]
      [Code Root Scanning (ms): Min: 0.0, Avg: 0.8, Max: 6.2, Diff: 6.2, Sum: 6.3]
      [Object Copy (ms): Min: 0.0, Avg: 5.0, Max: 5.9, Diff: 5.9, Sum: 40.0]
      [Termination (ms): Min: 0.0, Avg: 0.2, Max: 0.2, Diff: 0.2, Sum: 1.3]
         [Termination Attempts: Min: 1, Avg: 22.0, Max: 29, Diff: 28, Sum: 176]
      [GC Worker Other (ms): Min: 0.0, Avg: 0.0, Max: 0.0, Diff: 0.0, Sum: 0.1]
      [GC Worker Total (ms): Min: 7.7, Avg: 8.3, Max: 8.4, Diff: 0.7, Sum: 66.1]
      [GC Worker End (ms): Min: 32635.8, Avg: 32635.8, Max: 32635.8, Diff: 0.0]
   [Code Root Fixup: 0.0 ms]
   [Code Root Purge: 0.0 ms]
   [Clear CT: 0.2 ms]
   [Other: 2.1 ms]
      [Choose CSet: 0.0 ms]
      [Ref Proc: 1.8 ms]
      [Ref Enq: 0.0 ms]
      [Redirty Cards: 0.1 ms]
      [Humongous Register: 0.0 ms]
      [Humongous Reclaim: 0.0 ms]
      [Free CSet: 0.1 ms]
   [Eden: 120.0M(120.0M)->0.0B(119.0M) Survivors: 13.0M->9216.0K Heap: 211.9M(250.0M)->96.3M(250.0M)]
 [Times: user=0.13 sys=0.00, real=0.01 secs]
2020-01-16T10:15:19.200+0800: 33.181: [GC pause (G1 Evacuation Pause) (young), 0.0086065 secs]
   [Parallel Time: 7.2 ms, GC Workers: 8]
      [GC Worker Start (ms): Min: 33181.0, Avg: 33181.1, Max: 33181.1, Diff: 0.1]
      [Ext Root Scanning (ms): Min: 0.4, Avg: 0.6, Max: 1.3, Diff: 0.9, Sum: 4.8]
      [Update RS (ms): Min: 3.2, Avg: 3.9, Max: 4.1, Diff: 0.9, Sum: 30.8]
         [Processed Buffers: Min: 3, Avg: 8.4, Max: 15, Diff: 12, Sum: 67]
      [Scan RS (ms): Min: 0.0, Avg: 0.0, Max: 0.1, Diff: 0.1, Sum: 0.2]
      [Code Root Scanning (ms): Min: 0.0, Avg: 0.0, Max: 0.0, Diff: 0.0, Sum: 0.1]
      [Object Copy (ms): Min: 2.3, Avg: 2.6, Max: 2.8, Diff: 0.4, Sum: 20.7]
      [Termination (ms): Min: 0.0, Avg: 0.0, Max: 0.0, Diff: 0.0, Sum: 0.1]
         [Termination Attempts: Min: 1, Avg: 86.1, Max: 109, Diff: 108, Sum: 689]
      [GC Worker Other (ms): Min: 0.0, Avg: 0.0, Max: 0.0, Diff: 0.0, Sum: 0.1]
      [GC Worker Total (ms): Min: 7.1, Avg: 7.1, Max: 7.1, Diff: 0.1, Sum: 56.9]
      [GC Worker End (ms): Min: 33188.2, Avg: 33188.2, Max: 33188.2, Diff: 0.0]
   [Code Root Fixup: 0.0 ms]
   [Code Root Purge: 0.0 ms]
   [Clear CT: 0.1 ms]
   [Other: 1.2 ms]
      [Choose CSet: 0.0 ms]
      [Ref Proc: 1.0 ms]
      [Ref Enq: 0.0 ms]
      [Redirty Cards: 0.1 ms]
      [Humongous Register: 0.0 ms]
      [Humongous Reclaim: 0.0 ms]
      [Free CSet: 0.1 ms]
   [Eden: 119.0M(119.0M)->0.0B(121.0M) Survivors: 9216.0K->8192.0K Heap: 215.3M(250.0M)->95.8M(250.0M)]
 [Times: user=0.00 sys=0.00, real=0.01 secs]
2020-01-16T10:15:19.764+0800: 33.745: [GC pause (G1 Evacuation Pause) (young), 0.0121796 secs]
   [Parallel Time: 8.9 ms, GC Workers: 8]
      [GC Worker Start (ms): Min: 33744.9, Avg: 33745.5, Max: 33746.6, Diff: 1.7]
      [Ext Root Scanning (ms): Min: 0.0, Avg: 1.2, Max: 3.1, Diff: 3.1, Sum: 10.0]
      [Update RS (ms): Min: 1.4, Avg: 2.5, Max: 3.1, Diff: 1.8, Sum: 20.1]
         [Processed Buffers: Min: 2, Avg: 3.5, Max: 7, Diff: 5, Sum: 28]
      [Scan RS (ms): Min: 0.0, Avg: 0.0, Max: 0.0, Diff: 0.0, Sum: 0.1]
      [Code Root Scanning (ms): Min: 0.0, Avg: 0.0, Max: 0.2, Diff: 0.2, Sum: 0.2]
      [Object Copy (ms): Min: 4.0, Avg: 4.3, Max: 4.6, Diff: 0.6, Sum: 34.5]
      [Termination (ms): Min: 0.0, Avg: 0.0, Max: 0.0, Diff: 0.0, Sum: 0.1]
         [Termination Attempts: Min: 1, Avg: 56.4, Max: 74, Diff: 73, Sum: 451]
      [GC Worker Other (ms): Min: 0.0, Avg: 0.0, Max: 0.0, Diff: 0.0, Sum: 0.2]
      [GC Worker Total (ms): Min: 7.0, Avg: 8.1, Max: 8.7, Diff: 1.7, Sum: 65.1]
      [GC Worker End (ms): Min: 33753.7, Avg: 33753.7, Max: 33753.7, Diff: 0.0]
   [Code Root Fixup: 0.0 ms]
   [Code Root Purge: 0.0 ms]
   [Clear CT: 0.1 ms]
   [Other: 3.1 ms]
      [Choose CSet: 0.0 ms]
      [Ref Proc: 2.6 ms]
      [Ref Enq: 0.1 ms]
      [Redirty Cards: 0.1 ms]
      [Humongous Register: 0.0 ms]
      [Humongous Reclaim: 0.0 ms]
      [Free CSet: 0.1 ms]
   [Eden: 121.0M(121.0M)->0.0B(107.0M) Survivors: 8192.0K->15.0M Heap: 216.8M(250.0M)->102.3M(250.0M)]
 [Times: user=0.00 sys=0.00, real=0.01 secs]
2020-01-16T10:15:20.276+0800: 34.257: [GC pause (G1 Evacuation Pause) (young), 0.0103635 secs]
   [Parallel Time: 8.7 ms, GC Workers: 8]
      [GC Worker Start (ms): Min: 34257.3, Avg: 34257.3, Max: 34257.4, Diff: 0.1]
      [Ext Root Scanning (ms): Min: 0.1, Avg: 0.5, Max: 1.2, Diff: 1.2, Sum: 3.9]
      [Update RS (ms): Min: 0.3, Avg: 1.6, Max: 2.3, Diff: 1.9, Sum: 12.5]
         [Processed Buffers: Min: 1, Avg: 5.4, Max: 20, Diff: 19, Sum: 43]
      [Scan RS (ms): Min: 0.0, Avg: 0.0, Max: 0.0, Diff: 0.0, Sum: 0.1]
      [Code Root Scanning (ms): Min: 0.0, Avg: 0.0, Max: 0.1, Diff: 0.1, Sum: 0.1]
      [Object Copy (ms): Min: 5.8, Avg: 6.5, Max: 8.1, Diff: 2.3, Sum: 52.4]
      [Termination (ms): Min: 0.0, Avg: 0.0, Max: 0.0, Diff: 0.0, Sum: 0.1]
         [Termination Attempts: Min: 1, Avg: 51.8, Max: 65, Diff: 64, Sum: 414]
      [GC Worker Other (ms): Min: 0.0, Avg: 0.0, Max: 0.0, Diff: 0.0, Sum: 0.2]
      [GC Worker Total (ms): Min: 8.6, Avg: 8.6, Max: 8.7, Diff: 0.1, Sum: 69.1]
      [GC Worker End (ms): Min: 34265.9, Avg: 34266.0, Max: 34266.0, Diff: 0.0]
   [Code Root Fixup: 0.1 ms]
   [Code Root Purge: 0.0 ms]
   [Clear CT: 0.1 ms]
   [Other: 1.4 ms]
      [Choose CSet: 0.0 ms]
      [Ref Proc: 1.1 ms]
      [Ref Enq: 0.0 ms]
      [Redirty Cards: 0.1 ms]
      [Humongous Register: 0.0 ms]
      [Humongous Reclaim: 0.0 ms]
      [Free CSet: 0.1 ms]
   [Eden: 107.0M(107.0M)->0.0B(115.0M) Survivors: 15.0M->11.0M Heap: 209.3M(250.0M)->98.3M(250.0M)]
 [Times: user=0.11 sys=0.00, real=0.01 secs]
2020-01-16T10:15:20.967+0800: 34.947: [GC pause (G1 Evacuation Pause) (young), 0.0117555 secs]
   [Parallel Time: 8.4 ms, GC Workers: 8]
      [GC Worker Start (ms): Min: 34947.5, Avg: 34947.9, Max: 34949.0, Diff: 1.6]
      [Ext Root Scanning (ms): Min: 0.0, Avg: 0.7, Max: 1.9, Diff: 1.9, Sum: 5.4]
      [Update RS (ms): Min: 1.4, Avg: 2.0, Max: 2.6, Diff: 1.2, Sum: 16.1]
         [Processed Buffers: Min: 1, Avg: 4.0, Max: 9, Diff: 8, Sum: 32]
      [Scan RS (ms): Min: 0.0, Avg: 0.0, Max: 0.0, Diff: 0.0, Sum: 0.1]
      [Code Root Scanning (ms): Min: 0.0, Avg: 0.0, Max: 0.1, Diff: 0.1, Sum: 0.1]
      [Object Copy (ms): Min: 4.6, Avg: 5.1, Max: 5.5, Diff: 0.9, Sum: 40.9]
      [Termination (ms): Min: 0.0, Avg: 0.0, Max: 0.0, Diff: 0.0, Sum: 0.1]
         [Termination Attempts: Min: 1, Avg: 92.0, Max: 115, Diff: 114, Sum: 736]
      [GC Worker Other (ms): Min: 0.0, Avg: 0.0, Max: 0.1, Diff: 0.1, Sum: 0.4]
      [GC Worker Total (ms): Min: 6.7, Avg: 7.9, Max: 8.3, Diff: 1.6, Sum: 63.2]
      [GC Worker End (ms): Min: 34955.8, Avg: 34955.8, Max: 34955.8, Diff: 0.0]
   [Code Root Fixup: 0.0 ms]
   [Code Root Purge: 0.0 ms]
   [Clear CT: 0.2 ms]
   [Other: 3.2 ms]
      [Choose CSet: 0.0 ms]
      [Ref Proc: 2.3 ms]
      [Ref Enq: 0.2 ms]
      [Redirty Cards: 0.1 ms]
      [Humongous Register: 0.0 ms]
      [Humongous Reclaim: 0.0 ms]
      [Free CSet: 0.3 ms]
   [Eden: 115.0M(115.0M)->0.0B(111.0M) Survivors: 11.0M->13.0M Heap: 213.3M(250.0M)->100.8M(250.0M)]
 [Times: user=0.00 sys=0.00, real=0.01 secs]
2020-01-16T10:15:21.606+0800: 35.587: [GC pause (G1 Evacuation Pause) (young), 0.0104200 secs]
   [Parallel Time: 7.9 ms, GC Workers: 8]
      [GC Worker Start (ms): Min: 35586.8, Avg: 35586.8, Max: 35586.9, Diff: 0.1]
      [Ext Root Scanning (ms): Min: 0.4, Avg: 0.6, Max: 1.5, Diff: 1.2, Sum: 4.5]
      [Update RS (ms): Min: 1.3, Avg: 1.7, Max: 2.1, Diff: 0.8, Sum: 13.5]
         [Processed Buffers: Min: 2, Avg: 5.3, Max: 17, Diff: 15, Sum: 42]
      [Scan RS (ms): Min: 0.0, Avg: 0.0, Max: 0.0, Diff: 0.0, Sum: 0.1]
      [Code Root Scanning (ms): Min: 0.0, Avg: 0.0, Max: 0.1, Diff: 0.1, Sum: 0.2]
      [Object Copy (ms): Min: 5.0, Avg: 5.5, Max: 5.6, Diff: 0.6, Sum: 43.6]
      [Termination (ms): Min: 0.0, Avg: 0.0, Max: 0.0, Diff: 0.0, Sum: 0.0]
         [Termination Attempts: Min: 1, Avg: 3.8, Max: 6, Diff: 5, Sum: 30]
      [GC Worker Other (ms): Min: 0.0, Avg: 0.0, Max: 0.0, Diff: 0.0, Sum: 0.1]
      [GC Worker Total (ms): Min: 7.7, Avg: 7.8, Max: 7.8, Diff: 0.1, Sum: 62.0]
      [GC Worker End (ms): Min: 35594.6, Avg: 35594.6, Max: 35594.6, Diff: 0.0]
   [Code Root Fixup: 0.0 ms]
   [Code Root Purge: 0.0 ms]
   [Clear CT: 0.1 ms]
   [Other: 2.4 ms]
      [Choose CSet: 0.0 ms]
      [Ref Proc: 2.0 ms]
      [Ref Enq: 0.0 ms]
      [Redirty Cards: 0.1 ms]
      [Humongous Register: 0.0 ms]
      [Humongous Reclaim: 0.0 ms]
      [Free CSet: 0.1 ms]
   [Eden: 111.0M(111.0M)->0.0B(110.0M) Survivors: 13.0M->13.0M Heap: 211.8M(250.0M)->101.4M(250.0M)]
 [Times: user=0.00 sys=0.00, real=0.01 secs]
2020-01-16T10:15:22.016+0800: 35.997: [GC pause (G1 Evacuation Pause) (young), 0.0108304 secs]
   [Parallel Time: 9.4 ms, GC Workers: 8]
      [GC Worker Start (ms): Min: 35997.0, Avg: 35997.1, Max: 35997.2, Diff: 0.2]
      [Ext Root Scanning (ms): Min: 0.1, Avg: 0.5, Max: 1.4, Diff: 1.3, Sum: 4.2]
      [Update RS (ms): Min: 1.6, Avg: 2.4, Max: 2.9, Diff: 1.3, Sum: 19.4]
         [Processed Buffers: Min: 4, Avg: 6.3, Max: 11, Diff: 7, Sum: 50]
      [Scan RS (ms): Min: 0.0, Avg: 0.0, Max: 0.0, Diff: 0.0, Sum: 0.1]
      [Code Root Scanning (ms): Min: 0.0, Avg: 0.0, Max: 0.0, Diff: 0.0, Sum: 0.1]
      [Object Copy (ms): Min: 5.9, Avg: 6.3, Max: 6.9, Diff: 1.0, Sum: 50.4]
      [Termination (ms): Min: 0.0, Avg: 0.0, Max: 0.0, Diff: 0.0, Sum: 0.0]
         [Termination Attempts: Min: 1, Avg: 39.0, Max: 53, Diff: 52, Sum: 312]
      [GC Worker Other (ms): Min: 0.0, Avg: 0.0, Max: 0.0, Diff: 0.0, Sum: 0.1]
      [GC Worker Total (ms): Min: 9.2, Avg: 9.3, Max: 9.3, Diff: 0.2, Sum: 74.4]
      [GC Worker End (ms): Min: 36006.4, Avg: 36006.4, Max: 36006.4, Diff: 0.0]
   [Code Root Fixup: 0.0 ms]
   [Code Root Purge: 0.0 ms]
   [Clear CT: 0.3 ms]
   [Other: 1.1 ms]
      [Choose CSet: 0.0 ms]
      [Ref Proc: 0.7 ms]
      [Ref Enq: 0.0 ms]
      [Redirty Cards: 0.3 ms]
      [Humongous Register: 0.0 ms]
      [Humongous Reclaim: 0.0 ms]
      [Free CSet: 0.1 ms]
   [Eden: 110.0M(110.0M)->0.0B(112.0M) Survivors: 13.0M->11.0M Heap: 211.4M(250.0M)->101.7M(250.0M)]
 [Times: user=0.00 sys=0.00, real=0.01 secs]
2020-01-16T10:15:22.359+0800: 36.340: [GC pause (G1 Evacuation Pause) (young), 0.0123216 secs]
   [Parallel Time: 10.5 ms, GC Workers: 8]
      [GC Worker Start (ms): Min: 36340.0, Avg: 36340.0, Max: 36340.1, Diff: 0.1]
      [Ext Root Scanning (ms): Min: 0.3, Avg: 0.6, Max: 1.9, Diff: 1.5, Sum: 5.0]
      [Update RS (ms): Min: 1.6, Avg: 3.0, Max: 4.4, Diff: 2.7, Sum: 24.3]
         [Processed Buffers: Min: 3, Avg: 5.9, Max: 11, Diff: 8, Sum: 47]
      [Scan RS (ms): Min: 0.0, Avg: 0.0, Max: 0.0, Diff: 0.0, Sum: 0.1]
      [Code Root Scanning (ms): Min: 0.0, Avg: 0.1, Max: 0.4, Diff: 0.4, Sum: 0.5]
      [Object Copy (ms): Min: 5.6, Avg: 6.6, Max: 7.0, Diff: 1.4, Sum: 53.0]
      [Termination (ms): Min: 0.0, Avg: 0.0, Max: 0.0, Diff: 0.0, Sum: 0.0]
         [Termination Attempts: Min: 1, Avg: 15.4, Max: 22, Diff: 21, Sum: 123]
      [GC Worker Other (ms): Min: 0.0, Avg: 0.0, Max: 0.0, Diff: 0.0, Sum: 0.2]
      [GC Worker Total (ms): Min: 10.4, Avg: 10.4, Max: 10.4, Diff: 0.1, Sum: 83.1]
      [GC Worker End (ms): Min: 36350.4, Avg: 36350.4, Max: 36350.4, Diff: 0.0]
   [Code Root Fixup: 0.0 ms]
   [Code Root Purge: 0.0 ms]
   [Clear CT: 0.2 ms]
   [Other: 1.6 ms]
      [Choose CSet: 0.0 ms]
      [Ref Proc: 1.2 ms]
      [Ref Enq: 0.0 ms]
      [Redirty Cards: 0.2 ms]
      [Humongous Register: 0.0 ms]
      [Humongous Reclaim: 0.0 ms]
      [Free CSet: 0.1 ms]
   [Eden: 112.0M(112.0M)->0.0B(106.0M) Survivors: 11.0M->13.0M Heap: 213.7M(250.0M)->105.6M(250.0M)]
 [Times: user=0.03 sys=0.00, real=0.01 secs]
2020-01-16T10:15:22.675+0800: 36.656: [GC pause (G1 Evacuation Pause) (young), 0.0120190 secs]
   [Parallel Time: 10.0 ms, GC Workers: 8]
      [GC Worker Start (ms): Min: 36655.9, Avg: 36656.0, Max: 36656.1, Diff: 0.1]
      [Ext Root Scanning (ms): Min: 0.1, Avg: 0.6, Max: 1.5, Diff: 1.4, Sum: 5.0]
      [Update RS (ms): Min: 2.7, Avg: 3.1, Max: 3.5, Diff: 0.8, Sum: 25.0]
         [Processed Buffers: Min: 1, Avg: 5.4, Max: 7, Diff: 6, Sum: 43]
      [Scan RS (ms): Min: 0.0, Avg: 0.0, Max: 0.0, Diff: 0.0, Sum: 0.1]
      [Code Root Scanning (ms): Min: 0.0, Avg: 0.3, Max: 2.0, Diff: 2.0, Sum: 2.2]
      [Object Copy (ms): Min: 4.3, Avg: 5.8, Max: 6.4, Diff: 2.1, Sum: 46.4]
      [Termination (ms): Min: 0.0, Avg: 0.0, Max: 0.0, Diff: 0.0, Sum: 0.0]
         [Termination Attempts: Min: 2, Avg: 11.3, Max: 19, Diff: 17, Sum: 90]
      [GC Worker Other (ms): Min: 0.0, Avg: 0.0, Max: 0.0, Diff: 0.0, Sum: 0.2]
      [GC Worker Total (ms): Min: 9.8, Avg: 9.9, Max: 9.9, Diff: 0.1, Sum: 78.9]
      [GC Worker End (ms): Min: 36665.8, Avg: 36665.9, Max: 36665.9, Diff: 0.0]
   [Code Root Fixup: 0.0 ms]
   [Code Root Purge: 0.0 ms]
   [Clear CT: 0.2 ms]
   [Other: 1.8 ms]
      [Choose CSet: 0.0 ms]
      [Ref Proc: 1.4 ms]
      [Ref Enq: 0.0 ms]
      [Redirty Cards: 0.1 ms]
      [Humongous Register: 0.0 ms]
      [Humongous Reclaim: 0.0 ms]
      [Free CSet: 0.1 ms]
   [Eden: 106.0M(106.0M)->0.0B(107.0M) Survivors: 13.0M->11.0M Heap: 211.6M(250.0M)->107.0M(250.0M)]
 [Times: user=0.13 sys=0.00, real=0.01 secs]
2020-01-16T10:15:22.997+0800: 36.978: [GC pause (G1 Evacuation Pause) (young), 0.0117514 secs]
   [Parallel Time: 9.7 ms, GC Workers: 8]
      [GC Worker Start (ms): Min: 36977.8, Avg: 36977.9, Max: 36977.9, Diff: 0.2]
      [Ext Root Scanning (ms): Min: 0.4, Avg: 0.7, Max: 1.6, Diff: 1.2, Sum: 5.9]
      [Update RS (ms): Min: 3.0, Avg: 3.8, Max: 4.3, Diff: 1.3, Sum: 30.8]
         [Processed Buffers: Min: 4, Avg: 7.8, Max: 14, Diff: 10, Sum: 62]
      [Scan RS (ms): Min: 0.0, Avg: 0.0, Max: 0.0, Diff: 0.0, Sum: 0.1]
      [Code Root Scanning (ms): Min: 0.0, Avg: 0.0, Max: 0.1, Diff: 0.1, Sum: 0.1]
      [Object Copy (ms): Min: 4.7, Avg: 4.9, Max: 5.3, Diff: 0.6, Sum: 39.3]
      [Termination (ms): Min: 0.0, Avg: 0.0, Max: 0.0, Diff: 0.0, Sum: 0.0]
         [Termination Attempts: Min: 1, Avg: 2.8, Max: 6, Diff: 5, Sum: 22]
      [GC Worker Other (ms): Min: 0.0, Avg: 0.0, Max: 0.0, Diff: 0.0, Sum: 0.2]
      [GC Worker Total (ms): Min: 9.5, Avg: 9.5, Max: 9.7, Diff: 0.2, Sum: 76.4]
      [GC Worker End (ms): Min: 36987.4, Avg: 36987.4, Max: 36987.4, Diff: 0.0]
   [Code Root Fixup: 0.0 ms]
   [Code Root Purge: 0.0 ms]
   [Clear CT: 0.6 ms]
   [Other: 1.3 ms]
      [Choose CSet: 0.0 ms]
      [Ref Proc: 0.5 ms]
      [Ref Enq: 0.0 ms]
      [Redirty Cards: 0.7 ms]
      [Humongous Register: 0.0 ms]
      [Humongous Reclaim: 0.0 ms]
      [Free CSet: 0.1 ms]
   [Eden: 107.0M(107.0M)->0.0B(109.0M) Survivors: 11.0M->10.0M Heap: 214.0M(250.0M)->106.0M(250.0M)]
 [Times: user=0.00 sys=0.00, real=0.01 secs]
2020-01-16T10:15:23.418+0800: 37.399: [GC pause (G1 Evacuation Pause) (young), 0.0113741 secs]
   [Parallel Time: 9.5 ms, GC Workers: 8]
      [GC Worker Start (ms): Min: 37399.2, Avg: 37400.4, Max: 37408.6, Diff: 9.4]
      [Ext Root Scanning (ms): Min: 0.0, Avg: 0.6, Max: 1.4, Diff: 1.3, Sum: 5.0]
      [Update RS (ms): Min: 0.0, Avg: 1.9, Max: 2.5, Diff: 2.5, Sum: 15.5]
         [Processed Buffers: Min: 0, Avg: 5.0, Max: 12, Diff: 12, Sum: 40]
      [Scan RS (ms): Min: 0.0, Avg: 0.0, Max: 0.0, Diff: 0.0, Sum: 0.1]
      [Code Root Scanning (ms): Min: 0.0, Avg: 0.0, Max: 0.1, Diff: 0.1, Sum: 0.1]
      [Object Copy (ms): Min: 0.0, Avg: 5.5, Max: 6.6, Diff: 6.6, Sum: 44.1]
      [Termination (ms): Min: 0.0, Avg: 0.1, Max: 0.1, Diff: 0.1, Sum: 0.6]
         [Termination Attempts: Min: 1, Avg: 3.1, Max: 5, Diff: 4, Sum: 25]
      [GC Worker Other (ms): Min: 0.0, Avg: 0.0, Max: 0.0, Diff: 0.0, Sum: 0.1]
      [GC Worker Total (ms): Min: 0.0, Avg: 8.2, Max: 9.4, Diff: 9.4, Sum: 65.4]
      [GC Worker End (ms): Min: 37408.6, Avg: 37408.6, Max: 37408.6, Diff: 0.0]
   [Code Root Fixup: 0.0 ms]
   [Code Root Purge: 0.0 ms]
   [Clear CT: 0.7 ms]
   [Other: 1.2 ms]
      [Choose CSet: 0.0 ms]
      [Ref Proc: 0.8 ms]
      [Ref Enq: 0.0 ms]
      [Redirty Cards: 0.1 ms]
      [Humongous Register: 0.0 ms]
      [Humongous Reclaim: 0.0 ms]
      [Free CSet: 0.1 ms]
   [Eden: 109.0M(109.0M)->0.0B(106.0M) Survivors: 10.0M->10.0M Heap: 215.0M(250.0M)->108.1M(250.0M)]
 [Times: user=0.00 sys=0.00, real=0.01 secs]
2020-01-16T10:15:23.923+0800: 37.904: [GC pause (G1 Evacuation Pause) (young), 0.0109049 secs]
   [Parallel Time: 9.5 ms, GC Workers: 8]
      [GC Worker Start (ms): Min: 37904.0, Avg: 37904.0, Max: 37904.1, Diff: 0.1]
      [Ext Root Scanning (ms): Min: 0.3, Avg: 0.5, Max: 1.2, Diff: 1.0, Sum: 4.0]
      [Update RS (ms): Min: 1.9, Avg: 2.7, Max: 3.1, Diff: 1.1, Sum: 21.9]
         [Processed Buffers: Min: 3, Avg: 6.1, Max: 10, Diff: 7, Sum: 49]
      [Scan RS (ms): Min: 0.0, Avg: 0.0, Max: 0.0, Diff: 0.0, Sum: 0.1]
      [Code Root Scanning (ms): Min: 0.0, Avg: 0.0, Max: 0.0, Diff: 0.0, Sum: 0.1]
      [Object Copy (ms): Min: 5.9, Avg: 6.2, Max: 6.3, Diff: 0.4, Sum: 49.3]
      [Termination (ms): Min: 0.0, Avg: 0.0, Max: 0.0, Diff: 0.0, Sum: 0.0]
         [Termination Attempts: Min: 1, Avg: 17.0, Max: 24, Diff: 23, Sum: 136]
      [GC Worker Other (ms): Min: 0.0, Avg: 0.0, Max: 0.0, Diff: 0.0, Sum: 0.2]
      [GC Worker Total (ms): Min: 9.4, Avg: 9.4, Max: 9.5, Diff: 0.1, Sum: 75.4]
      [GC Worker End (ms): Min: 37913.4, Avg: 37913.4, Max: 37913.5, Diff: 0.0]
   [Code Root Fixup: 0.0 ms]
   [Code Root Purge: 0.0 ms]
   [Clear CT: 0.2 ms]
   [Other: 1.1 ms]
      [Choose CSet: 0.0 ms]
      [Ref Proc: 0.6 ms]
      [Ref Enq: 0.0 ms]
      [Redirty Cards: 0.3 ms]
      [Humongous Register: 0.0 ms]
      [Humongous Reclaim: 0.0 ms]
      [Free CSet: 0.1 ms]
   [Eden: 106.0M(106.0M)->0.0B(102.0M) Survivors: 10.0M->12.0M Heap: 214.1M(250.0M)->109.6M(250.0M)]
 [Times: user=0.05 sys=0.00, real=0.01 secs]
2020-01-16T10:15:24.325+0800: 38.306: [GC pause (G1 Evacuation Pause) (young), 0.0109513 secs]
   [Parallel Time: 8.9 ms, GC Workers: 8]
      [GC Worker Start (ms): Min: 38305.7, Avg: 38305.8, Max: 38305.9, Diff: 0.2]
      [Ext Root Scanning (ms): Min: 0.4, Avg: 0.6, Max: 1.4, Diff: 1.1, Sum: 4.7]
      [Update RS (ms): Min: 1.4, Avg: 2.0, Max: 2.4, Diff: 1.0, Sum: 15.7]
         [Processed Buffers: Min: 3, Avg: 5.3, Max: 14, Diff: 11, Sum: 42]
      [Scan RS (ms): Min: 0.0, Avg: 0.0, Max: 0.0, Diff: 0.0, Sum: 0.1]
      [Code Root Scanning (ms): Min: 0.0, Avg: 0.0, Max: 0.0, Diff: 0.0, Sum: 0.1]
      [Object Copy (ms): Min: 5.8, Avg: 6.1, Max: 6.2, Diff: 0.5, Sum: 48.7]
      [Termination (ms): Min: 0.0, Avg: 0.0, Max: 0.0, Diff: 0.0, Sum: 0.1]
         [Termination Attempts: Min: 1, Avg: 75.5, Max: 94, Diff: 93, Sum: 604]
      [GC Worker Other (ms): Min: 0.0, Avg: 0.0, Max: 0.0, Diff: 0.0, Sum: 0.2]
      [GC Worker Total (ms): Min: 8.6, Avg: 8.7, Max: 8.8, Diff: 0.2, Sum: 69.5]
      [GC Worker End (ms): Min: 38314.5, Avg: 38314.5, Max: 38314.5, Diff: 0.0]
   [Code Root Fixup: 0.0 ms]
   [Code Root Purge: 0.0 ms]
   [Clear CT: 0.5 ms]
   [Other: 1.6 ms]
      [Choose CSet: 0.0 ms]
      [Ref Proc: 0.8 ms]
      [Ref Enq: 0.0 ms]
      [Redirty Cards: 0.6 ms]
      [Humongous Register: 0.0 ms]
      [Humongous Reclaim: 0.0 ms]
      [Free CSet: 0.1 ms]
   [Eden: 102.0M(102.0M)->0.0B(103.0M) Survivors: 12.0M->11.0M Heap: 211.6M(250.0M)->110.7M(250.0M)]
 [Times: user=0.00 sys=0.00, real=0.01 secs]
2020-01-16T10:15:24.713+0800: 38.694: [GC pause (G1 Evacuation Pause) (young), 0.0116053 secs]
   [Parallel Time: 9.3 ms, GC Workers: 8]
      [GC Worker Start (ms): Min: 38694.2, Avg: 38694.3, Max: 38694.4, Diff: 0.2]
      [Ext Root Scanning (ms): Min: 0.4, Avg: 0.5, Max: 1.3, Diff: 1.0, Sum: 4.3]
      [Update RS (ms): Min: 2.1, Avg: 2.8, Max: 3.2, Diff: 1.1, Sum: 22.7]
         [Processed Buffers: Min: 5, Avg: 6.0, Max: 10, Diff: 5, Sum: 48]
      [Scan RS (ms): Min: 0.0, Avg: 0.0, Max: 0.0, Diff: 0.0, Sum: 0.1]
      [Code Root Scanning (ms): Min: 0.0, Avg: 0.0, Max: 0.0, Diff: 0.0, Sum: 0.1]
      [Object Copy (ms): Min: 5.4, Avg: 5.7, Max: 5.8, Diff: 0.4, Sum: 45.4]
      [Termination (ms): Min: 0.0, Avg: 0.0, Max: 0.0, Diff: 0.0, Sum: 0.1]
         [Termination Attempts: Min: 1, Avg: 96.1, Max: 126, Diff: 125, Sum: 769]
      [GC Worker Other (ms): Min: 0.0, Avg: 0.0, Max: 0.0, Diff: 0.0, Sum: 0.1]
      [GC Worker Total (ms): Min: 9.0, Avg: 9.1, Max: 9.2, Diff: 0.2, Sum: 72.7]
      [GC Worker End (ms): Min: 38703.4, Avg: 38703.4, Max: 38703.4, Diff: 0.0]
   [Code Root Fixup: 0.0 ms]
   [Code Root Purge: 0.0 ms]
   [Clear CT: 0.5 ms]
   [Other: 1.8 ms]
      [Choose CSet: 0.0 ms]
      [Ref Proc: 1.0 ms]
      [Ref Enq: 0.0 ms]
      [Redirty Cards: 0.5 ms]
      [Humongous Register: 0.0 ms]
      [Humongous Reclaim: 0.0 ms]
      [Free CSet: 0.1 ms]
   [Eden: 103.0M(103.0M)->0.0B(99.0M) Survivors: 11.0M->12.0M Heap: 213.7M(250.0M)->113.0M(250.0M)]
 [Times: user=0.13 sys=0.00, real=0.01 secs]
2020-01-16T10:15:24.994+0800: 38.975: [GC pause (G1 Evacuation Pause) (young), 0.0115680 secs]
   [Parallel Time: 10.5 ms, GC Workers: 8]
      [GC Worker Start (ms): Min: 38974.8, Avg: 38974.9, Max: 38975.0, Diff: 0.2]
      [Ext Root Scanning (ms): Min: 0.2, Avg: 0.6, Max: 1.2, Diff: 1.1, Sum: 4.4]
      [Update RS (ms): Min: 2.9, Avg: 4.1, Max: 8.7, Diff: 5.8, Sum: 32.6]
         [Processed Buffers: Min: 3, Avg: 6.3, Max: 15, Diff: 12, Sum: 50]
      [Scan RS (ms): Min: 0.0, Avg: 0.0, Max: 0.0, Diff: 0.0, Sum: 0.1]
      [Code Root Scanning (ms): Min: 0.0, Avg: 0.0, Max: 0.0, Diff: 0.0, Sum: 0.1]
      [Object Copy (ms): Min: 1.4, Avg: 5.4, Max: 6.2, Diff: 4.8, Sum: 43.5]
      [Termination (ms): Min: 0.0, Avg: 0.2, Max: 0.4, Diff: 0.4, Sum: 1.8]
         [Termination Attempts: Min: 1, Avg: 92.4, Max: 123, Diff: 122, Sum: 739]
      [GC Worker Other (ms): Min: 0.0, Avg: 0.0, Max: 0.0, Diff: 0.0, Sum: 0.1]
      [GC Worker Total (ms): Min: 10.2, Avg: 10.3, Max: 10.4, Diff: 0.2, Sum: 82.4]
      [GC Worker End (ms): Min: 38985.2, Avg: 38985.2, Max: 38985.2, Diff: 0.0]
   [Code Root Fixup: 0.0 ms]
   [Code Root Purge: 0.0 ms]
   [Clear CT: 0.3 ms]
   [Other: 0.7 ms]
      [Choose CSet: 0.0 ms]
      [Ref Proc: 0.3 ms]
      [Ref Enq: 0.0 ms]
      [Redirty Cards: 0.3 ms]
      [Humongous Register: 0.0 ms]
      [Humongous Reclaim: 0.0 ms]
      [Free CSet: 0.0 ms]
   [Eden: 99.0M(99.0M)->0.0B(97.0M) Survivors: 12.0M->12.0M Heap: 212.0M(250.0M)->115.0M(250.0M)]
 [Times: user=0.13 sys=0.00, real=0.01 secs]
2020-01-16T10:15:25.407+0800: 39.388: [GC pause (G1 Evacuation Pause) (young), 0.0129564 secs]
   [Parallel Time: 10.8 ms, GC Workers: 8]
      [GC Worker Start (ms): Min: 39388.4, Avg: 39388.5, Max: 39388.6, Diff: 0.2]
      [Ext Root Scanning (ms): Min: 0.2, Avg: 0.6, Max: 1.4, Diff: 1.2, Sum: 4.6]
      [Update RS (ms): Min: 2.6, Avg: 3.8, Max: 10.0, Diff: 7.4, Sum: 30.1]
         [Processed Buffers: Min: 3, Avg: 5.8, Max: 8, Diff: 5, Sum: 46]
      [Scan RS (ms): Min: 0.0, Avg: 0.0, Max: 0.0, Diff: 0.0, Sum: 0.1]
      [Code Root Scanning (ms): Min: 0.0, Avg: 0.0, Max: 0.0, Diff: 0.0, Sum: 0.1]
      [Object Copy (ms): Min: 0.1, Avg: 5.6, Max: 7.0, Diff: 6.9, Sum: 45.0]
      [Termination (ms): Min: 0.0, Avg: 0.6, Max: 0.8, Diff: 0.8, Sum: 4.8]
         [Termination Attempts: Min: 1, Avg: 57.1, Max: 103, Diff: 102, Sum: 457]
      [GC Worker Other (ms): Min: 0.0, Avg: 0.0, Max: 0.0, Diff: 0.0, Sum: 0.1]
      [GC Worker Total (ms): Min: 10.5, Avg: 10.6, Max: 10.7, Diff: 0.2, Sum: 84.7]
      [GC Worker End (ms): Min: 39399.1, Avg: 39399.1, Max: 39399.1, Diff: 0.0]
   [Code Root Fixup: 0.0 ms]
   [Code Root Purge: 0.0 ms]
   [Clear CT: 0.6 ms]
   [Other: 1.6 ms]
      [Choose CSet: 0.0 ms]
      [Ref Proc: 0.7 ms]
      [Ref Enq: 0.0 ms]
      [Redirty Cards: 0.7 ms]
      [Humongous Register: 0.0 ms]
      [Humongous Reclaim: 0.0 ms]
      [Free CSet: 0.0 ms]
   [Eden: 97.0M(97.0M)->0.0B(97.0M) Survivors: 12.0M->11.0M Heap: 212.0M(250.0M)->115.6M(250.0M)]
 [Times: user=0.13 sys=0.00, real=0.01 secs]
2020-01-16T10:15:25.739+0800: 39.720: [GC pause (G1 Evacuation Pause) (young), 0.0105076 secs]
   [Parallel Time: 9.5 ms, GC Workers: 8]
      [GC Worker Start (ms): Min: 39720.4, Avg: 39720.4, Max: 39720.5, Diff: 0.1]
      [Ext Root Scanning (ms): Min: 0.4, Avg: 0.6, Max: 1.3, Diff: 0.9, Sum: 4.9]
      [Update RS (ms): Min: 2.3, Avg: 2.9, Max: 3.3, Diff: 1.0, Sum: 23.5]
         [Processed Buffers: Min: 3, Avg: 5.4, Max: 10, Diff: 7, Sum: 43]
      [Scan RS (ms): Min: 0.0, Avg: 0.0, Max: 0.0, Diff: 0.0, Sum: 0.1]
      [Code Root Scanning (ms): Min: 0.0, Avg: 0.0, Max: 0.0, Diff: 0.0, Sum: 0.1]
      [Object Copy (ms): Min: 5.6, Avg: 5.8, Max: 6.0, Diff: 0.4, Sum: 46.2]
      [Termination (ms): Min: 0.0, Avg: 0.0, Max: 0.0, Diff: 0.0, Sum: 0.1]
         [Termination Attempts: Min: 1, Avg: 61.8, Max: 80, Diff: 79, Sum: 494]
      [GC Worker Other (ms): Min: 0.0, Avg: 0.0, Max: 0.0, Diff: 0.0, Sum: 0.1]
      [GC Worker Total (ms): Min: 9.3, Avg: 9.4, Max: 9.4, Diff: 0.1, Sum: 74.9]
      [GC Worker End (ms): Min: 39729.8, Avg: 39729.8, Max: 39729.8, Diff: 0.0]
   [Code Root Fixup: 0.0 ms]
   [Code Root Purge: 0.0 ms]
   [Clear CT: 0.1 ms]
   [Other: 0.9 ms]
      [Choose CSet: 0.0 ms]
      [Ref Proc: 0.5 ms]
      [Ref Enq: 0.0 ms]
      [Redirty Cards: 0.1 ms]
      [Humongous Register: 0.0 ms]
      [Humongous Reclaim: 0.0 ms]
      [Free CSet: 0.1 ms]
   [Eden: 97.0M(97.0M)->0.0B(98.0M) Survivors: 11.0M->10.0M Heap: 212.6M(250.0M)->116.4M(250.0M)]
 [Times: user=0.08 sys=0.00, real=0.01 secs]
2020-01-16T10:15:26.241+0800: 40.222: [GC pause (G1 Evacuation Pause) (young), 0.0100132 secs]
   [Parallel Time: 8.9 ms, GC Workers: 8]
      [GC Worker Start (ms): Min: 40222.1, Avg: 40222.1, Max: 40222.2, Diff: 0.1]
      [Ext Root Scanning (ms): Min: 0.4, Avg: 0.5, Max: 1.3, Diff: 0.9, Sum: 4.4]
      [Update RS (ms): Min: 2.3, Avg: 3.0, Max: 3.3, Diff: 1.0, Sum: 23.8]
         [Processed Buffers: Min: 4, Avg: 6.6, Max: 17, Diff: 13, Sum: 53]
      [Scan RS (ms): Min: 0.0, Avg: 0.0, Max: 0.0, Diff: 0.0, Sum: 0.1]
      [Code Root Scanning (ms): Min: 0.0, Avg: 0.0, Max: 0.0, Diff: 0.0, Sum: 0.1]
      [Object Copy (ms): Min: 5.0, Avg: 5.2, Max: 5.4, Diff: 0.5, Sum: 41.5]
      [Termination (ms): Min: 0.0, Avg: 0.0, Max: 0.0, Diff: 0.0, Sum: 0.0]
         [Termination Attempts: Min: 1, Avg: 3.0, Max: 6, Diff: 5, Sum: 24]
      [GC Worker Other (ms): Min: 0.0, Avg: 0.0, Max: 0.0, Diff: 0.0, Sum: 0.1]
      [GC Worker Total (ms): Min: 8.7, Avg: 8.7, Max: 8.8, Diff: 0.1, Sum: 70.0]
      [GC Worker End (ms): Min: 40230.9, Avg: 40230.9, Max: 40230.9, Diff: 0.0]
   [Code Root Fixup: 0.0 ms]
   [Code Root Purge: 0.0 ms]
   [Clear CT: 0.1 ms]
   [Other: 1.0 ms]
      [Choose CSet: 0.0 ms]
      [Ref Proc: 0.7 ms]
      [Ref Enq: 0.0 ms]
      [Redirty Cards: 0.1 ms]
      [Humongous Register: 0.0 ms]
      [Humongous Reclaim: 0.0 ms]
      [Free CSet: 0.1 ms]
   [Eden: 98.0M(98.0M)->0.0B(96.0M) Survivors: 10.0M->10.0M Heap: 214.4M(250.0M)->118.4M(250.0M)]
 [Times: user=0.13 sys=0.00, real=0.01 secs]
2020-01-16T10:15:26.593+0800: 40.574: [GC pause (G1 Evacuation Pause) (young), 0.0096169 secs]
   [Parallel Time: 8.7 ms, GC Workers: 8]
      [GC Worker Start (ms): Min: 40573.8, Avg: 40573.8, Max: 40573.9, Diff: 0.1]
      [Ext Root Scanning (ms): Min: 0.4, Avg: 0.6, Max: 1.3, Diff: 0.9, Sum: 4.7]
      [Update RS (ms): Min: 2.4, Avg: 3.1, Max: 3.4, Diff: 1.0, Sum: 24.8]
         [Processed Buffers: Min: 4, Avg: 5.9, Max: 13, Diff: 9, Sum: 47]
      [Scan RS (ms): Min: 0.0, Avg: 0.0, Max: 0.0, Diff: 0.0, Sum: 0.1]
      [Code Root Scanning (ms): Min: 0.0, Avg: 0.0, Max: 0.0, Diff: 0.0, Sum: 0.1]
      [Object Copy (ms): Min: 4.3, Avg: 4.6, Max: 4.8, Diff: 0.5, Sum: 37.0]
      [Termination (ms): Min: 0.0, Avg: 0.0, Max: 0.0, Diff: 0.0, Sum: 0.0]
         [Termination Attempts: Min: 1, Avg: 7.1, Max: 12, Diff: 11, Sum: 57]
      [GC Worker Other (ms): Min: 0.0, Avg: 0.0, Max: 0.1, Diff: 0.1, Sum: 0.3]
      [GC Worker Total (ms): Min: 8.3, Avg: 8.4, Max: 8.4, Diff: 0.1, Sum: 66.9]
      [GC Worker End (ms): Min: 40582.2, Avg: 40582.2, Max: 40582.2, Diff: 0.1]
   [Code Root Fixup: 0.0 ms]
   [Code Root Purge: 0.0 ms]
   [Clear CT: 0.1 ms]
   [Other: 0.8 ms]
      [Choose CSet: 0.0 ms]
      [Ref Proc: 0.5 ms]
      [Ref Enq: 0.0 ms]
      [Redirty Cards: 0.1 ms]
      [Humongous Register: 0.0 ms]
      [Humongous Reclaim: 0.0 ms]
      [Free CSet: 0.1 ms]
   [Eden: 96.0M(96.0M)->0.0B(96.0M) Survivors: 10.0M->9216.0K Heap: 214.4M(250.0M)->119.6M(250.0M)]
 [Times: user=0.00 sys=0.00, real=0.01 secs]
2020-01-16T10:15:26.868+0800: 40.850: [GC pause (G1 Evacuation Pause) (young), 0.0086539 secs]
   [Parallel Time: 7.6 ms, GC Workers: 8]
      [GC Worker Start (ms): Min: 40849.7, Avg: 40849.8, Max: 40849.8, Diff: 0.1]
      [Ext Root Scanning (ms): Min: 0.4, Avg: 0.5, Max: 1.2, Diff: 0.8, Sum: 4.1]
      [Update RS (ms): Min: 2.1, Avg: 2.7, Max: 3.1, Diff: 1.0, Sum: 21.6]
         [Processed Buffers: Min: 4, Avg: 5.9, Max: 8, Diff: 4, Sum: 47]
      [Scan RS (ms): Min: 0.0, Avg: 0.0, Max: 0.0, Diff: 0.0, Sum: 0.1]
      [Code Root Scanning (ms): Min: 0.0, Avg: 0.0, Max: 0.2, Diff: 0.2, Sum: 0.2]
      [Object Copy (ms): Min: 4.0, Avg: 4.2, Max: 4.4, Diff: 0.4, Sum: 33.7]
      [Termination (ms): Min: 0.0, Avg: 0.0, Max: 0.0, Diff: 0.0, Sum: 0.0]
         [Termination Attempts: Min: 1, Avg: 1.0, Max: 1, Diff: 0, Sum: 8]
      [GC Worker Other (ms): Min: 0.0, Avg: 0.0, Max: 0.1, Diff: 0.1, Sum: 0.3]
      [GC Worker Total (ms): Min: 7.4, Avg: 7.5, Max: 7.5, Diff: 0.1, Sum: 60.0]
      [GC Worker End (ms): Min: 40857.3, Avg: 40857.3, Max: 40857.3, Diff: 0.1]
   [Code Root Fixup: 0.0 ms]
   [Code Root Purge: 0.0 ms]
   [Clear CT: 0.2 ms]
   [Other: 0.8 ms]
      [Choose CSet: 0.0 ms]
      [Ref Proc: 0.4 ms]
      [Ref Enq: 0.0 ms]
      [Redirty Cards: 0.2 ms]
      [Humongous Register: 0.0 ms]
      [Humongous Reclaim: 0.0 ms]
      [Free CSet: 0.1 ms]
   [Eden: 96.0M(96.0M)->0.0B(94.0M) Survivors: 9216.0K->9216.0K Heap: 215.6M(250.0M)->121.5M(250.0M)]
 [Times: user=0.13 sys=0.00, real=0.01 secs]