Java HotSpot(TM) 64-Bit Server VM (25.162-b12) for windows-amd64 JRE (1.8.0_162-b12), built on Dec 19 2017 20:00:03 by "java_re" with MS VC++ 10.0 (VS2010)
Memory: 4k page, physical 16364460k(7483412k free), swap 16364460k(5874396k free)
CommandLine flags: -XX:InitialHeapSize=261831360 -XX:+ManagementServer -XX:MaxHeapSize=2147483648 -XX:MetaspaceSize=134217728 -XX:+PrintGC -XX:+PrintGCDateStamps -XX:+PrintGCDetails -XX:+PrintGCTimeStamps -XX:+UseCompressedClassPointers -XX:+UseCompressedOops -XX:-UseLargePagesIndividualAllocation -XX:+UseParallelGC 
2020-01-16T10:26:07.436+0800: 2.122: [GC (Allocation Failure) [PSYoungGen: 64512K->8969K(74752K)] 64512K->9058K(245760K), 0.0082781 secs] [Times: user=0.00 sys=0.00, real=0.01 secs] 
2020-01-16T10:26:07.695+0800: 2.381: [GC (Allocation Failure) [PSYoungGen: 73481K->10229K(74752K)] 73570K->10363K(245760K), 0.0082101 secs] [Times: user=0.08 sys=0.05, real=0.01 secs] 
2020-01-16T10:26:08.053+0800: 2.740: [GC (Allocation Failure) [PSYoungGen: 74741K->10226K(74752K)] 74875K->15298K(245760K), 0.0090808 secs] [Times: user=0.13 sys=0.00, real=0.01 secs] 
2020-01-16T10:26:08.245+0800: 2.931: [GC (Allocation Failure) [PSYoungGen: 74738K->10231K(139264K)] 79810K->19487K(310272K), 0.0089561 secs] [Times: user=0.13 sys=0.00, real=0.01 secs] 
2020-01-16T10:26:08.606+0800: 3.292: [GC (Allocation Failure) [PSYoungGen: 139255K->10229K(139264K)] 148511K->32055K(310272K), 0.0127213 secs] [Times: user=0.00 sys=0.00, real=0.01 secs] 
2020-01-16T10:26:08.883+0800: 3.569: [GC (Allocation Failure) [PSYoungGen: 139253K->19550K(280064K)] 161079K->41383K(451072K), 0.0150061 secs] [Times: user=0.13 sys=0.00, real=0.02 secs] 
2020-01-16T10:26:09.588+0800: 4.275: [GC (Allocation Failure) [PSYoungGen: 276062K->25074K(281600K)] 297895K->57903K(452608K), 0.0257940 secs] [Times: user=0.14 sys=0.03, real=0.03 secs] 
2020-01-16T10:26:10.207+0800: 4.893: [GC (Allocation Failure) [PSYoungGen: 281586K->23370K(546816K)] 314415K->58704K(717824K), 0.0188563 secs] [Times: user=0.05 sys=0.00, real=0.02 secs] 
2020-01-16T10:26:11.345+0800: 6.031: [GC (Allocation Failure) [PSYoungGen: 535882K->34800K(547328K)] 571216K->82392K(718336K), 0.0325579 secs] [Times: user=0.05 sys=0.02, real=0.03 secs] 
2020-01-16T10:26:12.244+0800: 6.931: [GC (Allocation Failure) [PSYoungGen: 547312K->44542K(628736K)] 594904K->110073K(799744K), 0.0364377 secs] [Times: user=0.16 sys=0.00, real=0.04 secs] 
2020-01-16T10:26:13.395+0800: 8.081: [GC (Allocation Failure) [PSYoungGen: 628734K->57333K(641536K)] 694265K->141068K(812544K), 0.0460203 secs] [Times: user=0.08 sys=0.03, real=0.05 secs] 
2020-01-16T10:26:15.250+0800: 9.936: [GC (Allocation Failure) [PSYoungGen: 641525K->26528K(617984K)] 725260K->112222K(788992K), 0.0228732 secs] [Times: user=0.05 sys=0.00, real=0.02 secs] 
2020-01-16T10:26:17.487+0800: 12.173: [GC (Allocation Failure) [PSYoungGen: 587168K->29795K(629760K)] 672862K->120425K(800768K), 0.0226155 secs] [Times: user=0.13 sys=0.00, real=0.02 secs] 
2020-01-16T10:26:18.690+0800: 13.376: [GC (Allocation Failure) [PSYoungGen: 590435K->18912K(623104K)] 681065K->113343K(794112K), 0.0188269 secs] [Times: user=0.03 sys=0.00, real=0.02 secs] 
2020-01-16T10:26:21.934+0800: 16.619: [GC (Allocation Failure) [PSYoungGen: 583136K->25474K(628224K)] 677567K->121101K(799232K), 0.0120986 secs] [Times: user=0.00 sys=0.00, real=0.01 secs] 
2020-01-16T10:26:23.693+0800: 18.379: [GC (Allocation Failure) [PSYoungGen: 589698K->13517K(631808K)] 685325K->116304K(802816K), 0.0114903 secs] [Times: user=0.13 sys=0.00, real=0.01 secs] 
2020-01-16T10:26:25.157+0800: 19.843: [GC (Allocation Failure) [PSYoungGen: 587469K->15245K(634368K)] 690256K->124900K(805376K), 0.0130160 secs] [Times: user=0.13 sys=0.00, real=0.01 secs] 
2020-01-16T10:26:36.594+0800: 31.280: [GC (Allocation Failure) [PSYoungGen: 589197K->22010K(632320K)] 698852K->143898K(803328K), 0.0189124 secs] [Times: user=0.02 sys=0.00, real=0.02 secs] 
2020-01-16T10:26:39.514+0800: 34.200: [GC (Allocation Failure) [PSYoungGen: 601082K->31478K(585216K)] 722970K->161382K(756224K), 0.0194662 secs] [Times: user=0.02 sys=0.00, real=0.02 secs] 
2020-01-16T10:26:41.415+0800: 36.100: [GC (Allocation Failure) [PSYoungGen: 584950K->19962K(554496K)] 714854K->165573K(725504K), 0.0224697 secs] [Times: user=0.14 sys=0.00, real=0.02 secs] 
2020-01-16T10:26:42.827+0800: 37.514: [GC (Allocation Failure) [PSYoungGen: 548858K->12673K(518144K)] 694469K->165326K(689152K), 0.0186017 secs] [Times: user=0.02 sys=0.00, real=0.02 secs] 
2020-01-16T10:26:42.846+0800: 37.532: [Full GC (Ergonomics) [PSYoungGen: 12673K->0K(518144K)] [ParOldGen: 152653K->87754K(195584K)] 165326K->87754K(713728K), [Metaspace: 68894K->68890K(1112064K)], 0.2164424 secs] [Times: user=1.06 sys=0.00, real=0.22 secs] 
2020-01-16T10:26:44.868+0800: 39.554: [GC (Allocation Failure) [PSYoungGen: 505344K->8771K(558592K)] 593098K->96525K(754176K), 0.0070903 secs] [Times: user=0.13 sys=0.00, real=0.01 secs] 
2020-01-16T10:26:46.572+0800: 41.258: [GC (Allocation Failure) [PSYoungGen: 514115K->7366K(558592K)] 601869K->100512K(754176K), 0.0139406 secs] [Times: user=0.13 sys=0.00, real=0.01 secs] 
2020-01-16T10:26:47.961+0800: 42.647: [GC (Allocation Failure) [PSYoungGen: 512710K->9465K(644096K)] 605856K->107779K(839680K), 0.0158820 secs] [Times: user=0.11 sys=0.02, real=0.02 secs] 
2020-01-16T10:26:49.741+0800: 44.428: [GC (Allocation Failure) [PSYoungGen: 602361K->13317K(644608K)] 700675K->117959K(840192K), 0.0217026 secs] [Times: user=0.14 sys=0.00, real=0.02 secs] 
2020-01-16T10:26:51.555+0800: 46.242: [GC (Allocation Failure) [PSYoungGen: 606213K->12838K(644608K)] 710855K->123444K(840192K), 0.0130101 secs] [Times: user=0.13 sys=0.00, real=0.01 secs] 
2020-01-16T10:26:56.717+0800: 51.403: [GC (Allocation Failure) [PSYoungGen: 610342K->9380K(645120K)] 720948K->123819K(840704K), 0.0122857 secs] [Times: user=0.00 sys=0.00, real=0.01 secs] 
2020-01-16T10:27:09.105+0800: 63.792: [GC (System.gc()) [PSYoungGen: 271801K->3012K(649728K)] 386240K->123460K(845312K), 0.0070794 secs] [Times: user=0.00 sys=0.00, real=0.01 secs] 
2020-01-16T10:27:09.112+0800: 63.799: [Full GC (System.gc()) [PSYoungGen: 3012K->0K(649728K)] [ParOldGen: 120447K->110241K(195584K)] 123460K->110241K(845312K), [Metaspace: 89692K->89692K(1130496K)], 0.4155926 secs] [Times: user=2.51 sys=0.01, real=0.42 secs] 
2020-01-16T10:29:23.316+0800: 198.002: [GC (Allocation Failure) [PSYoungGen: 604094K->1344K(650240K)] 714336K->111593K(845824K), 0.0033142 secs] [Times: user=0.00 sys=0.00, real=0.00 secs] 
2020-01-16T10:31:38.935+0800: 333.621: [GC (Allocation Failure) [PSYoungGen: 605504K->416K(593408K)] 715753K->110961K(788992K), 0.0037146 secs] [Times: user=0.00 sys=0.00, real=0.00 secs] 
