Remembered Set或RSet跟踪对象引用到一个给定区域。在堆中每个区域一个RSet。RSet使得区域并行独立的回收成为可能。RSet全部的占用空间影响小于5%。
Collection Set或CSet在一次垃圾回收中将要被回收的区域的集合。在垃圾回收过程中，所有CSet中的存活对象被撤空（拷贝/移动）。区域集合可能是伊甸、
幸存和/或年老代。CSet对于JVM的大小的影响低于1%。
parallel: 多个线程并发
concurrent: 垃圾收集和系统运行同时运行
real-time：

Java HotSpot(TM) Client VM (25.101-b13) for windows-x86 JRE (1.8.0_101-b13), built on Jun 22 2016 00:45:44 by "java_re" with MS VC++ 10.0 (VS2010)
Memory: 4k page, physical 3577072k(2649688k free), swap 7152472k(6344104k free)
CommandLine flags: -XX:InitialHeapSize=536870912 -XX:MaxHeapSize=1073741824 -XX:+PrintGC -XX:+PrintGCDateStamps -XX:+PrintGCDetails -XX:+PrintGCTimeStamps -XX:+UseG1GC -XX:-UseLargePagesIndividualAllocation -XX:+UseStringDeduplication
2020-01-09T00:05:47.487+0800: 0.991: [GC pause (G1 Evacuation Pause) (young), 0.0041043 secs]
//gc发生时刻，jvm启动后0.991s, gc暂停原因：存活对象从一个区域copy到另外一个区域。gc发生在young, 持续时间

   [Parallel Time: 2.6 ms, GC Workers: 4]
      [GC Worker Start (ms): Min: 990.7, Avg: 991.4, Max: 993.2, Diff: 2.5]
      [Ext Root Scanning (ms): Min: 0.0, Avg: 0.4, Max: 0.8, Diff: 0.8, Sum: 1.6]    //External root scanning — 用于扫描外部根的时间
      [Update RS (ms): Min: 0.0, Avg: 0.0, Max: 0.0, Diff: 0.0, Sum: 0.0]            //Update Remembered Set - 任何已完成但尚未在暂停开始之前由并发净化线程处理的缓冲区都必须更新。时间依赖于卡片的密度，卡片越多，花费时间越长。
         [Processed Buffers: Min: 0, Avg: 0.0, Max: 0, Diff: 0, Sum: 0]             //
      [Scan RS (ms): Min: 0.0, Avg: 0.0, Max: 0.0, Diff: 0.0, Sum: 0.0]             //查找指向CSet的指针
      [Code Root Scanning (ms): Min: 0.0, Avg: 0.0, Max: 0.0, Diff: 0.0, Sum: 0.1]
      [Object Copy (ms): Min: 0.0, Avg: 1.3, Max: 2.1, Diff: 2.1, Sum: 5.2]
      [Termination (ms): Min: 0.0, Avg: 0.1, Max: 0.2, Diff: 0.2, Sum: 0.5]
         [Termination Attempts: Min: 1, Avg: 1.0, Max: 1, Diff: 0, Sum: 4]
      [GC Worker Other (ms): Min: 0.0, Avg: 0.0, Max: 0.0, Diff: 0.0, Sum: 0.1]
      [GC Worker Total (ms): Min: 0.0, Avg: 1.9, Max: 2.5, Diff: 2.5, Sum: 7.4]
      [GC Worker End (ms): Min: 993.2, Avg: 993.2, Max: 993.2, Diff: 0.0]
   [Code Root Fixup: 0.0 ms]
   [Code Root Purge: 0.0 ms]
   [String Dedup Fixup: 0.3 ms, GC Workers: 4]
      [Queue Fixup (ms): Min: 0.0, Avg: 0.0, Max: 0.0, Diff: 0.0, Sum: 0.0]
      [Table Fixup (ms): Min: 0.0, Avg: 0.0, Max: 0.1, Diff: 0.1, Sum: 0.1]
   [Clear CT: 0.3 ms]
   [Other: 0.8 ms]
      [Choose CSet: 0.0 ms]
      [Ref Proc: 0.5 ms]
      [Ref Enq: 0.0 ms]
      [Redirty Cards: 0.2 ms]
      [Humongous Register: 0.0 ms]
      [Humongous Reclaim: 0.0 ms]
      [Free CSet: 0.0 ms]
   [Eden: 25.0M(25.0M)->0.0B(31.0M) Survivors: 0.0B->2048.0K Heap: 25.0M(512.0M)->1305.3K(512.0M)]
 [Times: user=0.00 sys=0.02, real=0.06 secs]
2020-01-09T00:05:55.880+0800: 9.377: [GC pause (G1 Evacuation Pause) (young), 0.0062366 secs]
   [Parallel Time: 5.1 ms, GC Workers: 4]
      [GC Worker Start (ms): Min: 9377.5, Avg: 9380.0, Max: 9382.5, Diff: 5.0]
      [Ext Root Scanning (ms): Min: 0.0, Avg: 0.3, Max: 0.6, Diff: 0.6, Sum: 1.2]
      [Update RS (ms): Min: 0.0, Avg: 0.0, Max: 0.0, Diff: 0.0, Sum: 0.0]
         [Processed Buffers: Min: 0, Avg: 0.0, Max: 0, Diff: 0, Sum: 0]
      [Scan RS (ms): Min: 0.0, Avg: 0.0, Max: 0.0, Diff: 0.0, Sum: 0.0]
      [Code Root Scanning (ms): Min: 0.0, Avg: 0.0, Max: 0.1, Diff: 0.1, Sum: 0.1]
      [Object Copy (ms): Min: 0.0, Avg: 2.0, Max: 4.2, Diff: 4.2, Sum: 8.2]
      [Termination (ms): Min: 0.0, Avg: 0.2, Max: 0.3, Diff: 0.3, Sum: 0.6]
         [Termination Attempts: Min: 1, Avg: 1.0, Max: 1, Diff: 0, Sum: 4]
      [GC Worker Other (ms): Min: 0.0, Avg: 0.0, Max: 0.0, Diff: 0.0, Sum: 0.0]
      [GC Worker Total (ms): Min: 0.0, Avg: 2.5, Max: 5.0, Diff: 5.0, Sum: 10.2]
      [GC Worker End (ms): Min: 9382.5, Avg: 9382.5, Max: 9382.6, Diff: 0.0]
   [Code Root Fixup: 0.0 ms]
   [Code Root Purge: 0.0 ms]
   [String Dedup Fixup: 0.3 ms, GC Workers: 4]
      [Queue Fixup (ms): Min: 0.0, Avg: 0.0, Max: 0.0, Diff: 0.0, Sum: 0.0]
      [Table Fixup (ms): Min: 0.0, Avg: 0.0, Max: 0.2, Diff: 0.2, Sum: 0.2]
   [Clear CT: 0.1 ms]
   [Other: 0.8 ms]
      [Choose CSet: 0.0 ms]
      [Ref Proc: 0.6 ms]
      [Ref Enq: 0.0 ms]
      [Redirty Cards: 0.1 ms]
      [Humongous Register: 0.0 ms]
      [Humongous Reclaim: 0.0 ms]
      [Free CSet: 0.0 ms]
   [Eden: 31.0M(31.0M)->0.0B(231.0M) Survivors: 2048.0K->4096.0K Heap: 32.3M(512.0M)->3878.3K(512.0M)]
 [Times: user=0.00 sys=0.00, real=0.00 secs]
2020-01-09T00:06:01.340+0800: 14.837: [GC pause (G1 Evacuation Pause) (young), 0.0655323 secs]
   [Parallel Time: 60.1 ms, GC Workers: 4]
      [GC Worker Start (ms): Min: 14837.6, Avg: 14861.4, Max: 14893.0, Diff: 55.4]
      [Ext Root Scanning (ms): Min: 0.0, Avg: 1.8, Max: 3.6, Diff: 3.6, Sum: 7.2]
      [Update RS (ms): Min: 0.0, Avg: 1.5, Max: 3.8, Diff: 3.8, Sum: 5.9]
         [Processed Buffers: Min: 0, Avg: 0.5, Max: 1, Diff: 1, Sum: 2]
      [Scan RS (ms): Min: 0.0, Avg: 0.1, Max: 0.2, Diff: 0.1, Sum: 0.2]
      [Code Root Scanning (ms): Min: 0.0, Avg: 0.5, Max: 1.9, Diff: 1.9, Sum: 1.9]
      [Object Copy (ms): Min: 4.5, Avg: 32.3, Max: 52.4, Diff: 47.8, Sum: 129.0]
      [Termination (ms): Min: 0.0, Avg: 0.1, Max: 0.2, Diff: 0.2, Sum: 0.5]
         [Termination Attempts: Min: 1, Avg: 1.5, Max: 2, Diff: 1, Sum: 6]
      [GC Worker Other (ms): Min: 0.0, Avg: 0.0, Max: 0.0, Diff: 0.0, Sum: 0.1]
      [GC Worker Total (ms): Min: 4.6, Avg: 36.2, Max: 60.0, Diff: 55.5, Sum: 144.7]
      [GC Worker End (ms): Min: 14897.5, Avg: 14897.6, Max: 14897.6, Diff: 0.0]
   [Code Root Fixup: 0.3 ms]
   [Code Root Purge: 0.0 ms]
   [String Dedup Fixup: 0.6 ms, GC Workers: 4]
      [Queue Fixup (ms): Min: 0.0, Avg: 0.0, Max: 0.0, Diff: 0.0, Sum: 0.1]
      [Table Fixup (ms): Min: 0.0, Avg: 0.1, Max: 0.5, Diff: 0.5, Sum: 0.5]
   [Clear CT: 0.1 ms]
   [Other: 4.5 ms]
      [Choose CSet: 0.0 ms]
      [Ref Proc: 3.9 ms]
      [Ref Enq: 0.0 ms]
      [Redirty Cards: 0.0 ms]
      [Humongous Register: 0.0 ms]
      [Humongous Reclaim: 0.0 ms]
      [Free CSet: 0.1 ms]
   [Eden: 231.0M(231.0M)->0.0B(205.0M) Survivors: 4096.0K->22.0M Heap: 235.3M(512.0M)->22.0M(512.0M)]
 [Times: user=0.13 sys=0.00, real=0.06 secs]
2020-01-09T00:06:01.402+0800: 14.906: [GC concurrent-string-deduplication, 170.5K->156.3K(14.2K), avg 8.3%, 0.0026178 secs]
2020-01-09T00:06:03.758+0800: 17.254: [GC pause (Metadata GC Threshold) (young) (initial-mark), 0.0649910 secs]
   [Parallel Time: 60.1 ms, GC Workers: 4]
      [GC Worker Start (ms): Min: 17257.3, Avg: 17259.5, Max: 17261.7, Diff: 4.4]
      [Ext Root Scanning (ms): Min: 0.8, Avg: 14.4, Max: 32.5, Diff: 31.8, Sum: 57.5]
      [Update RS (ms): Min: 0.0, Avg: 1.6, Max: 4.2, Diff: 4.2, Sum: 6.5]
         [Processed Buffers: Min: 0, Avg: 1.3, Max: 4, Diff: 4, Sum: 5]
      [Scan RS (ms): Min: 0.0, Avg: 0.0, Max: 0.1, Diff: 0.0, Sum: 0.1]
      [Code Root Scanning (ms): Min: 0.0, Avg: 0.6, Max: 2.2, Diff: 2.2, Sum: 2.2]
      [Object Copy (ms): Min: 22.8, Avg: 40.9, Max: 51.6, Diff: 28.8, Sum: 163.8]
      [Termination (ms): Min: 0.0, Avg: 0.2, Max: 0.2, Diff: 0.2, Sum: 0.6]
         [Termination Attempts: Min: 1, Avg: 1.0, Max: 1, Diff: 0, Sum: 4]
      [GC Worker Other (ms): Min: 0.0, Avg: 0.0, Max: 0.0, Diff: 0.0, Sum: 0.1]
      [GC Worker Total (ms): Min: 55.5, Avg: 57.7, Max: 59.9, Diff: 4.4, Sum: 230.9]
      [GC Worker End (ms): Min: 17317.2, Avg: 17317.2, Max: 17317.3, Diff: 0.0]
   [Code Root Fixup: 0.2 ms]
   [Code Root Purge: 0.0 ms]
   [String Dedup Fixup: 0.4 ms, GC Workers: 4]
      [Queue Fixup (ms): Min: 0.0, Avg: 0.0, Max: 0.1, Diff: 0.1, Sum: 0.1]
      [Table Fixup (ms): Min: 0.0, Avg: 0.2, Max: 0.4, Diff: 0.4, Sum: 0.7]
   [Clear CT: 0.0 ms]
   [Other: 4.2 ms]
      [Choose CSet: 0.0 ms]
      [Ref Proc: 0.7 ms]
      [Ref Enq: 0.0 ms]
      [Redirty Cards: 0.0 ms]
      [Humongous Register: 0.0 ms]
      [Humongous Reclaim: 0.0 ms]
      [Free CSet: 0.1 ms]
   [Eden: 36.0M(205.0M)->0.0B(192.0M) Survivors: 22.0M->17.0M Heap: 58.0M(512.0M)->18.5M(512.0M)]
 [Times: user=0.16 sys=0.00, real=0.06 secs]
2020-01-09T00:06:03.820+0800: 17.319: [GC concurrent-root-region-scan-start]
2020-01-09T00:06:03.820+0800: 17.321: [GC concurrent-string-deduplication, 560.2K->209.5K(350.7K), avg 49.9%, 0.0018862 secs]
2020-01-09T00:06:03.945+0800: 17.451: [GC concurrent-root-region-scan-end, 0.1318226 secs]
2020-01-09T00:06:03.945+0800: 17.451: [GC concurrent-mark-start]
2020-01-09T00:06:03.976+0800: 17.480: [GC concurrent-mark-end, 0.0294855 secs]
2020-01-09T00:06:03.976+0800: 17.481: [GC remark 2020-01-09T00:06:03.976+0800: 17.481: [Finalize Marking, 0.0002483 secs] 2020-01-09T00:06:03.976+0800: 17.481: [GC ref-proc, 0.0001161 secs] 2020-01-09T00:06:03.976+0800: 17.481: [Unloading, 0.0032150 secs], 0.0157426 secs]
 [Times: user=0.05 sys=0.00, real=0.02 secs]
2020-01-09T00:06:03.992+0800: 17.497: [GC cleanup 21M->21M(512M), 0.0039202 secs]
 [Times: user=0.00 sys=0.00, real=0.01 secs]
2020-01-09T00:06:04.007+0800: 17.501: [GC concurrent-cleanup-start]
2020-01-09T00:06:04.007+0800: 17.501: [GC concurrent-cleanup-end, 0.0000264 secs]
2020-01-09T00:06:10.450+0800: 23.944: [GC pause (G1 Evacuation Pause) (young), 0.0497437 secs]
   [Parallel Time: 45.1 ms, GC Workers: 4]
      [GC Worker Start (ms): Min: 23944.6, Avg: 23956.6, Max: 23989.6, Diff: 45.0]
      [Ext Root Scanning (ms): Min: 0.0, Avg: 1.0, Max: 2.2, Diff: 2.2, Sum: 3.8]
      [Update RS (ms): Min: 0.0, Avg: 0.1, Max: 0.2, Diff: 0.2, Sum: 0.3]
         [Processed Buffers: Min: 0, Avg: 2.0, Max: 7, Diff: 7, Sum: 8]
      [Scan RS (ms): Min: 0.0, Avg: 0.0, Max: 0.0, Diff: 0.0, Sum: 0.1]
      [Code Root Scanning (ms): Min: 0.0, Avg: 6.4, Max: 24.3, Diff: 24.3, Sum: 25.4]
      [Object Copy (ms): Min: 0.0, Avg: 25.5, Max: 42.2, Diff: 42.2, Sum: 101.9]
      [Termination (ms): Min: 0.0, Avg: 0.1, Max: 0.2, Diff: 0.2, Sum: 0.6]
         [Termination Attempts: Min: 1, Avg: 1.3, Max: 2, Diff: 1, Sum: 5]
      [GC Worker Other (ms): Min: 0.0, Avg: 0.0, Max: 0.0, Diff: 0.0, Sum: 0.1]
      [GC Worker Total (ms): Min: 0.0, Avg: 33.0, Max: 45.1, Diff: 45.1, Sum: 132.2]
      [GC Worker End (ms): Min: 23989.6, Avg: 23989.6, Max: 23989.7, Diff: 0.0]
   [Code Root Fixup: 0.3 ms]
   [Code Root Purge: 0.0 ms]
   [String Dedup Fixup: 0.9 ms, GC Workers: 4]
      [Queue Fixup (ms): Min: 0.0, Avg: 0.1, Max: 0.2, Diff: 0.2, Sum: 0.4]
      [Table Fixup (ms): Min: 0.0, Avg: 0.4, Max: 0.6, Diff: 0.6, Sum: 1.8]
   [Clear CT: 0.1 ms]
   [Other: 3.3 ms]
      [Choose CSet: 0.0 ms]
      [Ref Proc: 2.9 ms]
      [Ref Enq: 0.0 ms]
      [Redirty Cards: 0.0 ms]
      [Humongous Register: 0.0 ms]
      [Humongous Reclaim: 0.0 ms]
      [Free CSet: 0.2 ms]
   [Eden: 192.0M(192.0M)->0.0B(219.0M) Survivors: 17.0M->25.0M Heap: 210.0M(512.0M)->26.3M(512.0M)]
 [Times: user=0.11 sys=0.00, real=0.05 secs]
2020-01-09T00:06:10.513+0800: 24.004: [GC concurrent-string-deduplication, 2454.6K->2072.1K(382.5K), avg 23.5%, 0.0089209 secs]
2020-01-09T00:06:14.054+0800: 27.558: [GC pause (Metadata GC Threshold) (young) (initial-mark), 0.0617291 secs]
   [Parallel Time: 56.5 ms, GC Workers: 4]
      [GC Worker Start (ms): Min: 27557.8, Avg: 27559.1, Max: 27560.9, Diff: 3.1]
      [Ext Root Scanning (ms): Min: 0.7, Avg: 2.1, Max: 3.7, Diff: 3.0, Sum: 8.3]
      [Update RS (ms): Min: 0.0, Avg: 0.7, Max: 1.0, Diff: 1.0, Sum: 2.7]
         [Processed Buffers: Min: 0, Avg: 2.5, Max: 6, Diff: 6, Sum: 10]
      [Scan RS (ms): Min: 0.0, Avg: 0.1, Max: 0.1, Diff: 0.1, Sum: 0.3]
      [Code Root Scanning (ms): Min: 0.0, Avg: 3.8, Max: 14.3, Diff: 14.3, Sum: 15.3]
      [Object Copy (ms): Min: 37.0, Avg: 48.2, Max: 53.0, Diff: 16.0, Sum: 192.9]
      [Termination (ms): Min: 0.0, Avg: 0.2, Max: 0.3, Diff: 0.3, Sum: 0.8]
         [Termination Attempts: Min: 1, Avg: 2.3, Max: 4, Diff: 3, Sum: 9]
      [GC Worker Other (ms): Min: 0.0, Avg: 0.0, Max: 0.0, Diff: 0.0, Sum: 0.1]
      [GC Worker Total (ms): Min: 53.3, Avg: 55.1, Max: 56.4, Diff: 3.1, Sum: 220.3]
      [GC Worker End (ms): Min: 27614.2, Avg: 27614.2, Max: 27614.2, Diff: 0.0]
   [Code Root Fixup: 0.6 ms]
   [Code Root Purge: 0.0 ms]
   [String Dedup Fixup: 1.6 ms, GC Workers: 4]
      [Queue Fixup (ms): Min: 0.0, Avg: 0.0, Max: 0.0, Diff: 0.0, Sum: 0.1]
      [Table Fixup (ms): Min: 0.0, Avg: 1.1, Max: 1.5, Diff: 1.5, Sum: 4.3]
   [Clear CT: 0.1 ms]
   [Other: 3.0 ms]
      [Choose CSet: 0.0 ms]
      [Ref Proc: 2.6 ms]
      [Ref Enq: 0.0 ms]
      [Redirty Cards: 0.1 ms]
      [Humongous Register: 0.0 ms]
      [Humongous Reclaim: 0.0 ms]
      [Free CSet: 0.1 ms]
   [Eden: 87.0M(210.0M)->0.0B(293.0M) Survivors: 25.0M->14.0M Heap: 112.9M(512.0M)->28.0M(512.0M)]
 [Times: user=0.17 sys=0.00, real=0.06 secs]
2020-01-09T00:06:14.116+0800: 27.620: [GC concurrent-root-region-scan-start]
2020-01-09T00:06:14.116+0800: 27.622: [GC concurrent-string-deduplication, 195.2K->55.3K(139.9K), avg 26.2%, 0.0018518 secs]
2020-01-09T00:06:14.148+0800: 27.648: [GC concurrent-root-region-scan-end, 0.0288035 secs]
2020-01-09T00:06:14.148+0800: 27.648: [GC concurrent-mark-start]
2020-01-09T00:06:14.210+0800: 27.701: [GC concurrent-mark-end, 0.0522677 secs]
2020-01-09T00:06:14.210+0800: 27.701: [GC remark 2020-01-09T00:06:14.210+0800: 27.701: [Finalize Marking, 0.0001822 secs] 2020-01-09T00:06:14.210+0800: 27.701: [GC ref-proc, 0.0001630 secs] 2020-01-09T00:06:14.210+0800: 27.701: [Unloading, 0.0050869 secs], 0.0057033 secs]
 [Times: user=0.00 sys=0.00, real=0.00 secs]
2020-01-09T00:06:14.210+0800: 27.707: [GC cleanup 29M->29M(512M), 0.0003730 secs]
 [Times: user=0.00 sys=0.00, real=0.00 secs]
2020-01-09T00:06:32.634+0800: 46.136: [GC pause (G1 Evacuation Pause) (young), 0.0956288 secs]
   [Parallel Time: 87.8 ms, GC Workers: 4]
      [GC Worker Start (ms): Min: 46136.5, Avg: 46153.8, Max: 46172.0, Diff: 35.5]
      [Ext Root Scanning (ms): Min: 0.0, Avg: 2.4, Max: 6.0, Diff: 6.0, Sum: 9.5]
      [Update RS (ms): Min: 0.0, Avg: 3.2, Max: 6.8, Diff: 6.8, Sum: 13.0]
         [Processed Buffers: Min: 0, Avg: 3.5, Max: 9, Diff: 9, Sum: 14]
      [Scan RS (ms): Min: 0.0, Avg: 8.8, Max: 18.9, Diff: 18.8, Sum: 35.1]
      [Code Root Scanning (ms): Min: 0.0, Avg: 0.8, Max: 3.0, Diff: 3.0, Sum: 3.1]
      [Object Copy (ms): Min: 42.3, Avg: 48.5, Max: 56.1, Diff: 13.8, Sum: 194.0]
      [Termination (ms): Min: 0.0, Avg: 6.8, Max: 16.5, Diff: 16.5, Sum: 27.2]
         [Termination Attempts: Min: 1, Avg: 1011.5, Max: 2411, Diff: 2410, Sum: 4046]
      [GC Worker Other (ms): Min: 0.0, Avg: 0.0, Max: 0.0, Diff: 0.0, Sum: 0.1]
      [GC Worker Total (ms): Min: 52.2, Avg: 70.5, Max: 87.7, Diff: 35.5, Sum: 282.0]
      [GC Worker End (ms): Min: 46224.3, Avg: 46224.3, Max: 46224.3, Diff: 0.0]
   [Code Root Fixup: 0.3 ms]
   [Code Root Purge: 0.0 ms]
   [String Dedup Fixup: 2.7 ms, GC Workers: 4]
      [Queue Fixup (ms): Min: 0.0, Avg: 0.2, Max: 0.5, Diff: 0.5, Sum: 0.8]
      [Table Fixup (ms): Min: 0.0, Avg: 1.1, Max: 2.1, Diff: 2.1, Sum: 4.5]
   [Clear CT: 0.1 ms]
   [Other: 4.7 ms]
      [Choose CSet: 0.0 ms]
      [Ref Proc: 4.3 ms]
      [Ref Enq: 0.0 ms]
      [Redirty Cards: 0.1 ms]
      [Humongous Register: 0.0 ms]
      [Humongous Reclaim: 0.0 ms]
      [Free CSet: 0.1 ms]
   [Eden: 128.0M(11.0M)->0.0B(303.0M) Survivors: 14.0M->4096.0K Heap: 156.5M(512.0M)->36.5M(512.0M)]
 [Times: user=0.20 sys=0.00, real=0.09 secs]
2020-01-09T00:06:32.758+0800: 46.248: [GC concurrent-string-deduplication, 2174.8K->1575.2K(599.6K), avg 26.8%, 0.0161910 secs]
2020-01-09T00:06:37.516+0800: 51.011: [GC pause (G1 Evacuation Pause) (young), 0.0467190 secs]
   [Parallel Time: 44.2 ms, GC Workers: 4]
      [GC Worker Start (ms): Min: 51010.8, Avg: 51029.0, Max: 51054.9, Diff: 44.1]
      [Ext Root Scanning (ms): Min: 0.0, Avg: 1.9, Max: 5.6, Diff: 5.6, Sum: 7.6]
      [Update RS (ms): Min: 0.0, Avg: 3.4, Max: 6.9, Diff: 6.9, Sum: 13.7]
         [Processed Buffers: Min: 0, Avg: 3.8, Max: 8, Diff: 8, Sum: 15]
      [Scan RS (ms): Min: 0.0, Avg: 7.6, Max: 14.8, Diff: 14.8, Sum: 30.5]
      [Code Root Scanning (ms): Min: 0.0, Avg: 0.1, Max: 0.3, Diff: 0.3, Sum: 0.3]
      [Object Copy (ms): Min: 0.0, Avg: 12.8, Max: 17.7, Diff: 17.7, Sum: 51.1]
      [Termination (ms): Min: 0.0, Avg: 0.2, Max: 0.2, Diff: 0.2, Sum: 0.6]
         [Termination Attempts: Min: 1, Avg: 2.8, Max: 5, Diff: 4, Sum: 11]
      [GC Worker Other (ms): Min: 0.0, Avg: 0.0, Max: 0.0, Diff: 0.0, Sum: 0.1]
      [GC Worker Total (ms): Min: 0.0, Avg: 26.0, Max: 44.2, Diff: 44.1, Sum: 103.9]
      [GC Worker End (ms): Min: 51054.9, Avg: 51055.0, Max: 51055.0, Diff: 0.0]
   [Code Root Fixup: 0.1 ms]
   [Code Root Purge: 0.0 ms]
   [String Dedup Fixup: 1.4 ms, GC Workers: 4]
      [Queue Fixup (ms): Min: 0.0, Avg: 0.1, Max: 0.1, Diff: 0.1, Sum: 0.2]
      [Table Fixup (ms): Min: 0.0, Avg: 0.9, Max: 1.3, Diff: 1.3, Sum: 3.6]
   [Clear CT: 0.1 ms]
   [Other: 0.9 ms]
      [Choose CSet: 0.0 ms]
      [Ref Proc: 0.6 ms]
      [Ref Enq: 0.0 ms]
      [Redirty Cards: 0.1 ms]
      [Humongous Register: 0.0 ms]
      [Humongous Reclaim: 0.0 ms]
      [Free CSet: 0.1 ms]
   [Eden: 21.0M(21.0M)->0.0B(304.0M) Survivors: 4096.0K->3072.0K Heap: 57.5M(512.0M)->39.5M(512.0M)]
 [Times: user=0.11 sys=0.00, real=0.05 secs]
2020-01-09T00:06:37.579+0800: 51.073: [GC concurrent-string-deduplication, 565.9K->259.8K(306.1K), avg 29.3%, 0.0154724 secs]
2020-01-09T00:06:48.999+0800: 62.499: [GC pause (Metadata GC Threshold) (young) (initial-mark), 0.0536197 secs]
   [Parallel Time: 43.8 ms, GC Workers: 4]
      [GC Worker Start (ms): Min: 62498.8, Avg: 62501.1, Max: 62503.4, Diff: 4.5]
      [Ext Root Scanning (ms): Min: 4.8, Avg: 8.0, Max: 11.0, Diff: 6.2, Sum: 31.8]
      [Update RS (ms): Min: 0.0, Avg: 4.5, Max: 6.2, Diff: 6.2, Sum: 18.0]
         [Processed Buffers: Min: 0, Avg: 3.8, Max: 9, Diff: 9, Sum: 15]
      [Scan RS (ms): Min: 0.1, Avg: 0.5, Max: 0.9, Diff: 0.9, Sum: 2.2]
      [Code Root Scanning (ms): Min: 0.0, Avg: 13.6, Max: 28.4, Diff: 28.3, Sum: 54.2]
      [Object Copy (ms): Min: 0.0, Avg: 12.9, Max: 24.8, Diff: 24.8, Sum: 51.7]
      [Termination (ms): Min: 0.0, Avg: 1.9, Max: 2.6, Diff: 2.6, Sum: 7.6]
         [Termination Attempts: Min: 1, Avg: 1.0, Max: 1, Diff: 0, Sum: 4]
      [GC Worker Other (ms): Min: 0.0, Avg: 0.0, Max: 0.0, Diff: 0.0, Sum: 0.0]
      [GC Worker Total (ms): Min: 39.1, Avg: 41.4, Max: 43.6, Diff: 4.5, Sum: 165.5]
      [GC Worker End (ms): Min: 62542.5, Avg: 62542.5, Max: 62542.5, Diff: 0.0]
   [Code Root Fixup: 0.1 ms]
   [Code Root Purge: 0.0 ms]
   [String Dedup Fixup: 2.0 ms, GC Workers: 4]
      [Queue Fixup (ms): Min: 0.0, Avg: 0.0, Max: 0.0, Diff: 0.0, Sum: 0.0]
      [Table Fixup (ms): Min: 0.0, Avg: 1.2, Max: 1.8, Diff: 1.8, Sum: 4.7]
   [Clear CT: 0.1 ms]
   [Other: 7.6 ms]
      [Choose CSet: 0.0 ms]
      [Ref Proc: 7.2 ms]
      [Ref Enq: 0.1 ms]
      [Redirty Cards: 0.0 ms]
      [Humongous Register: 0.0 ms]
      [Humongous Reclaim: 0.0 ms]
      [Free CSet: 0.1 ms]
   [Eden: 302.0M(304.0M)->0.0B(287.0M) Survivors: 3072.0K->20.0M Heap: 341.9M(512.0M)->57.9M(512.0M)]
 [Times: user=0.11 sys=0.00, real=0.06 secs]
2020-01-09T00:06:49.061+0800: 62.552: [GC concurrent-root-region-scan-start]
2020-01-09T00:06:49.077+0800: 62.572: [GC concurrent-root-region-scan-end, 0.0190371 secs]
2020-01-09T00:06:49.077+0800: 62.572: [GC concurrent-mark-start]
2020-01-09T00:06:49.186+0800: 62.683: [GC concurrent-mark-end, 0.1118989 secs]
2020-01-09T00:06:49.186+0800: 62.684: [GC remark 2020-01-09T00:06:49.186+0800: 62.684: [Finalize Marking, 0.0001679 secs] 2020-01-09T00:06:49.186+0800: 62.684: [GC ref-proc, 0.0005069 secs] 2020-01-09T00:06:49.186+0800: 62.684: [Unloading, 0.0097289 secs], 0.0107691 secs]
 [Times: user=0.06 sys=0.00, real=0.02 secs]
2020-01-09T00:06:49.202+0800: 62.695: [GC cleanup 62M->57M(512M), 0.0004801 secs]
 [Times: user=0.00 sys=0.00, real=0.00 secs]
2020-01-09T00:06:49.202+0800: 62.695: [GC concurrent-cleanup-start]
2020-01-09T00:06:49.202+0800: 62.695: [GC concurrent-cleanup-end, 0.0000210 secs]
2020-01-09T00:06:59.030+0800: 72.520: [GC pause (G1 Evacuation Pause) (young), 0.0687951 secs]
   [Parallel Time: 60.0 ms, GC Workers: 4]
      [GC Worker Start (ms): Min: 72520.0, Avg: 72521.0, Max: 72523.7, Diff: 3.6]
      [Ext Root Scanning (ms): Min: 6.0, Avg: 14.1, Max: 30.7, Diff: 24.7, Sum: 56.5]
      [Update RS (ms): Min: 0.0, Avg: 5.7, Max: 7.6, Diff: 7.6, Sum: 22.7]
         [Processed Buffers: Min: 0, Avg: 7.5, Max: 21, Diff: 21, Sum: 30]
      [Scan RS (ms): Min: 0.0, Avg: 3.6, Max: 4.8, Diff: 4.8, Sum: 14.4]
      [Code Root Scanning (ms): Min: 0.0, Avg: 0.3, Max: 0.7, Diff: 0.7, Sum: 1.1]
      [Object Copy (ms): Min: 29.1, Avg: 35.3, Max: 38.1, Diff: 9.0, Sum: 141.3]
      [Termination (ms): Min: 0.0, Avg: 0.0, Max: 0.0, Diff: 0.0, Sum: 0.0]
         [Termination Attempts: Min: 1, Avg: 1.8, Max: 2, Diff: 1, Sum: 7]
      [GC Worker Other (ms): Min: 0.0, Avg: 0.0, Max: 0.0, Diff: 0.0, Sum: 0.1]
      [GC Worker Total (ms): Min: 56.3, Avg: 59.0, Max: 59.9, Diff: 3.7, Sum: 236.1]
      [GC Worker End (ms): Min: 72580.0, Avg: 72580.0, Max: 72580.0, Diff: 0.0]
   [Code Root Fixup: 0.2 ms]
   [Code Root Purge: 0.0 ms]
   [String Dedup Fixup: 1.7 ms, GC Workers: 4]
      [Queue Fixup (ms): Min: 0.0, Avg: 0.0, Max: 0.0, Diff: 0.0, Sum: 0.1]
      [Table Fixup (ms): Min: 1.6, Avg: 1.6, Max: 1.6, Diff: 0.0, Sum: 6.5]
   [Clear CT: 0.1 ms]
   [Other: 6.8 ms]
      [Choose CSet: 0.0 ms]
      [Ref Proc: 6.3 ms]
      [Ref Enq: 0.1 ms]
      [Redirty Cards: 0.0 ms]
      [Humongous Register: 0.0 ms]
      [Humongous Reclaim: 0.0 ms]
      [Free CSet: 0.2 ms]
   [Eden: 287.0M(287.0M)->0.0B(281.0M) Survivors: 20.0M->26.0M Heap: 339.4M(512.0M)->57.9M(512.0M)]
 [Times: user=0.17 sys=0.00, real=0.06 secs]
2020-01-09T00:06:59.092+0800: 72.590: [GC concurrent-string-deduplication, 218.5K->178.0K(40.5K), avg 28.9%, 0.0013690 secs]
2020-01-09T00:07:10.389+0800: 83.878: [GC pause (G1 Evacuation Pause) (young), 0.0724406 secs]
   [Parallel Time: 61.4 ms, GC Workers: 4]
      [GC Worker Start (ms): Min: 83877.8, Avg: 83886.7, Max: 83909.6, Diff: 31.8]
      [Ext Root Scanning (ms): Min: 0.0, Avg: 2.7, Max: 5.6, Diff: 5.6, Sum: 10.9]
      [Update RS (ms): Min: 0.0, Avg: 2.2, Max: 3.2, Diff: 3.2, Sum: 9.0]
         [Processed Buffers: Min: 0, Avg: 7.8, Max: 12, Diff: 12, Sum: 31]
      [Scan RS (ms): Min: 0.0, Avg: 0.8, Max: 1.1, Diff: 1.0, Sum: 3.1]
      [Code Root Scanning (ms): Min: 0.0, Avg: 0.2, Max: 0.4, Diff: 0.4, Sum: 0.9]
      [Object Copy (ms): Min: 22.5, Avg: 44.6, Max: 52.4, Diff: 29.9, Sum: 178.6]
      [Termination (ms): Min: 0.0, Avg: 1.8, Max: 7.0, Diff: 7.0, Sum: 7.3]
         [Termination Attempts: Min: 1, Avg: 1.8, Max: 3, Diff: 2, Sum: 7]
      [GC Worker Other (ms): Min: 0.0, Avg: 0.0, Max: 0.0, Diff: 0.0, Sum: 0.1]
      [GC Worker Total (ms): Min: 29.6, Avg: 52.5, Max: 61.3, Diff: 31.8, Sum: 209.9]
      [GC Worker End (ms): Min: 83939.2, Avg: 83939.2, Max: 83939.2, Diff: 0.0]
   [Code Root Fixup: 0.5 ms]
   [Code Root Purge: 0.0 ms]
   [String Dedup Fixup: 2.6 ms, GC Workers: 4]
      [Queue Fixup (ms): Min: 0.0, Avg: 0.2, Max: 0.3, Diff: 0.3, Sum: 0.6]
      [Table Fixup (ms): Min: 0.0, Avg: 1.7, Max: 2.3, Diff: 2.3, Sum: 6.7]
   [Clear CT: 0.2 ms]
   [Other: 7.8 ms]
      [Choose CSet: 0.0 ms]
      [Ref Proc: 7.2 ms]
      [Ref Enq: 0.1 ms]
      [Redirty Cards: 0.1 ms]
      [Humongous Register: 0.0 ms]
      [Humongous Reclaim: 0.0 ms]
      [Free CSet: 0.3 ms]
   [Eden: 281.0M(281.0M)->0.0B(273.0M) Survivors: 26.0M->34.0M Heap: 338.9M(512.0M)->66.4M(512.0M)]
 [Times: user=0.19 sys=0.00, real=0.07 secs]
2020-01-09T00:07:10.477+0800: 83.966: [GC concurrent-string-deduplication, 2333.4K->1588.9K(744.6K), avg 29.7%, 0.0146679 secs]
2020-01-09T00:07:17.480+0800: 90.968: [GC pause (G1 Evacuation Pause) (young), 0.0796915 secs]
   [Parallel Time: 69.9 ms, GC Workers: 4]
      [GC Worker Start (ms): Min: 90967.9, Avg: 90988.1, Max: 91016.8, Diff: 48.9]
      [Ext Root Scanning (ms): Min: 0.0, Avg: 2.8, Max: 5.7, Diff: 5.7, Sum: 11.2]
      [Update RS (ms): Min: 0.0, Avg: 1.8, Max: 3.7, Diff: 3.7, Sum: 7.2]
         [Processed Buffers: Min: 0, Avg: 6.8, Max: 14, Diff: 14, Sum: 27]
      [Scan RS (ms): Min: 0.0, Avg: 0.5, Max: 1.1, Diff: 1.0, Sum: 2.1]
      [Code Root Scanning (ms): Min: 0.0, Avg: 0.2, Max: 0.5, Diff: 0.5, Sum: 0.9]
      [Object Copy (ms): Min: 20.8, Avg: 44.2, Max: 59.1, Diff: 38.3, Sum: 176.9]
      [Termination (ms): Min: 0.0, Avg: 0.1, Max: 0.1, Diff: 0.1, Sum: 0.4]
         [Termination Attempts: Min: 1, Avg: 1.3, Max: 2, Diff: 1, Sum: 5]
      [GC Worker Other (ms): Min: 0.0, Avg: 0.0, Max: 0.0, Diff: 0.0, Sum: 0.1]
      [GC Worker Total (ms): Min: 21.0, Avg: 49.7, Max: 69.9, Diff: 48.9, Sum: 198.7]
      [GC Worker End (ms): Min: 91037.8, Avg: 91037.8, Max: 91037.8, Diff: 0.0]
   [Code Root Fixup: 0.4 ms]
   [Code Root Purge: 0.0 ms]
   [String Dedup Fixup: 3.6 ms, GC Workers: 4]
      [Queue Fixup (ms): Min: 0.0, Avg: 0.1, Max: 0.3, Diff: 0.3, Sum: 0.4]
      [Table Fixup (ms): Min: 0.0, Avg: 2.4, Max: 3.5, Diff: 3.5, Sum: 9.7]
   [Clear CT: 0.1 ms]
   [Other: 5.7 ms]
      [Choose CSet: 0.0 ms]
      [Ref Proc: 5.3 ms]
      [Ref Enq: 0.1 ms]
      [Redirty Cards: 0.1 ms]
      [Humongous Register: 0.0 ms]
      [Humongous Reclaim: 0.0 ms]
      [Free CSet: 0.2 ms]
   [Eden: 273.0M(273.0M)->0.0B(279.0M) Survivors: 34.0M->28.0M Heap: 341.5M(512.0M)->69.0M(512.0M)]
 [Times: user=0.16 sys=0.00, real=0.08 secs]
2020-01-09T00:07:17.567+0800: 91.056: [GC concurrent-string-deduplication, 1059.3K->713.4K(345.9K), avg 30.0%, 0.0079499 secs]
2020-01-09T00:07:25.656+0800: 99.144: [GC pause (Metadata GC Threshold) (young) (initial-mark), 0.0815688 secs]
   [Parallel Time: 73.5 ms, GC Workers: 4]
      [GC Worker Start (ms): Min: 99144.6, Avg: 99149.5, Max: 99154.4, Diff: 9.8]
      [Ext Root Scanning (ms): Min: 2.9, Avg: 15.9, Max: 29.0, Diff: 26.2, Sum: 63.7]
      [Update RS (ms): Min: 0.0, Avg: 3.5, Max: 7.1, Diff: 7.1, Sum: 14.1]
         [Processed Buffers: Min: 0, Avg: 9.5, Max: 22, Diff: 22, Sum: 38]
      [Scan RS (ms): Min: 0.0, Avg: 2.7, Max: 5.5, Diff: 5.5, Sum: 10.7]
      [Code Root Scanning (ms): Min: 0.0, Avg: 0.5, Max: 1.2, Diff: 1.2, Sum: 2.2]
      [Object Copy (ms): Min: 40.6, Avg: 45.6, Max: 50.4, Diff: 9.8, Sum: 182.4]
      [Termination (ms): Min: 0.0, Avg: 0.1, Max: 0.2, Diff: 0.2, Sum: 0.5]
         [Termination Attempts: Min: 1, Avg: 1.0, Max: 1, Diff: 0, Sum: 4]
      [GC Worker Other (ms): Min: 0.0, Avg: 0.0, Max: 0.0, Diff: 0.0, Sum: 0.1]
      [GC Worker Total (ms): Min: 63.5, Avg: 68.4, Max: 73.3, Diff: 9.8, Sum: 273.7]
      [GC Worker End (ms): Min: 99217.9, Avg: 99217.9, Max: 99217.9, Diff: 0.0]
   [Code Root Fixup: 0.4 ms]
   [Code Root Purge: 0.0 ms]
   [String Dedup Fixup: 3.4 ms, GC Workers: 4]
      [Queue Fixup (ms): Min: 0.0, Avg: 0.1, Max: 0.3, Diff: 0.3, Sum: 0.6]
      [Table Fixup (ms): Min: 2.8, Avg: 3.1, Max: 3.3, Diff: 0.5, Sum: 12.3]
   [Clear CT: 0.1 ms]
   [Other: 4.1 ms]
      [Choose CSet: 0.0 ms]
      [Ref Proc: 3.4 ms]
      [Ref Enq: 0.1 ms]
      [Redirty Cards: 0.0 ms]
      [Humongous Register: 0.0 ms]
      [Humongous Reclaim: 0.0 ms]
      [Free CSet: 0.2 ms]
   [Eden: 209.0M(279.0M)->0.0B(278.0M) Survivors: 28.0M->29.0M Heap: 279.3M(512.0M)->71.2M(512.0M)]
 [Times: user=0.20 sys=0.00, real=0.08 secs]
2020-01-09T00:07:25.738+0800: 99.226: [GC concurrent-root-region-scan-start]
2020-01-09T00:07:25.754+0800: 99.243: [GC concurrent-string-deduplication, 929.4K->609.7K(319.7K), avg 30.4%, 0.0139953 secs]
2020-01-09T00:07:25.785+0800: 99.274: [GC concurrent-root-region-scan-end, 0.0479379 secs]
2020-01-09T00:07:25.785+0800: 99.274: [GC concurrent-mark-start]
2020-01-09T00:07:25.919+0800: 99.407: [GC concurrent-mark-end, 0.1301244 secs]
2020-01-09T00:07:25.919+0800: 99.407: [GC remark 2020-01-09T00:07:25.919+0800: 99.407: [Finalize Marking, 0.0002519 secs] 2020-01-09T00:07:25.919+0800: 99.407: [GC ref-proc, 0.0007249 secs] 2020-01-09T00:07:25.920+0800: 99.408: [Unloading, 0.0172942 secs], 0.0187021 secs]
 [Times: user=0.05 sys=0.00, real=0.02 secs]
2020-01-09T00:07:25.938+0800: 99.426: [GC cleanup 85M->85M(512M), 0.0005748 secs]
 [Times: user=0.00 sys=0.00, real=0.00 secs]
2020-01-09T00:07:52.020+0800: 125.507: [GC pause (G1 Evacuation Pause) (young), 0.1063060 secs]
   [Parallel Time: 94.7 ms, GC Workers: 4]
      [GC Worker Start (ms): Min: 125507.0, Avg: 125520.1, Max: 125539.6, Diff: 32.6]
      [Ext Root Scanning (ms): Min: 0.0, Avg: 6.3, Max: 12.6, Diff: 12.6, Sum: 25.1]
      [Update RS (ms): Min: 0.0, Avg: 2.0, Max: 4.0, Diff: 4.0, Sum: 8.0]
         [Processed Buffers: Min: 0, Avg: 7.5, Max: 18, Diff: 18, Sum: 30]
      [Scan RS (ms): Min: 0.0, Avg: 0.3, Max: 0.7, Diff: 0.6, Sum: 1.4]
      [Code Root Scanning (ms): Min: 0.0, Avg: 8.7, Max: 33.7, Diff: 33.7, Sum: 34.7]
      [Object Copy (ms): Min: 43.7, Avg: 64.0, Max: 76.1, Diff: 32.5, Sum: 256.0]
      [Termination (ms): Min: 0.0, Avg: 0.2, Max: 0.3, Diff: 0.3, Sum: 0.7]
         [Termination Attempts: Min: 1, Avg: 1.5, Max: 2, Diff: 1, Sum: 6]
      [GC Worker Other (ms): Min: 0.0, Avg: 0.0, Max: 0.0, Diff: 0.0, Sum: 0.1]
      [GC Worker Total (ms): Min: 62.0, Avg: 81.5, Max: 94.6, Diff: 32.6, Sum: 326.1]
      [GC Worker End (ms): Min: 125601.6, Avg: 125601.6, Max: 125601.7, Diff: 0.0]
   [Code Root Fixup: 0.9 ms]
   [Code Root Purge: 0.0 ms]
   [String Dedup Fixup: 3.9 ms, GC Workers: 4]
      [Queue Fixup (ms): Min: 0.0, Avg: 0.0, Max: 0.1, Diff: 0.1, Sum: 0.2]
      [Table Fixup (ms): Min: 0.0, Avg: 2.8, Max: 3.9, Diff: 3.9, Sum: 11.2]
   [Clear CT: 0.1 ms]
   [Other: 6.7 ms]
      [Choose CSet: 0.0 ms]
      [Ref Proc: 6.1 ms]
      [Ref Enq: 0.0 ms]
      [Redirty Cards: 0.1 ms]
      [Humongous Register: 0.0 ms]
      [Humongous Reclaim: 0.0 ms]
      [Free CSet: 0.2 ms]
   [Eden: 278.0M(278.0M)->0.0B(268.0M) Survivors: 29.0M->39.0M Heap: 349.2M(512.0M)->87.5M(512.0M)]
 [Times: user=0.23 sys=0.00, real=0.11 secs]
2020-01-09T00:07:52.130+0800: 125.617: [GC concurrent-string-deduplication, 509.9K->379.5K(130.5K), avg 30.2%, 0.0040855 secs]
2020-01-09T00:08:11.906+0800: 145.393: [GC pause (G1 Evacuation Pause) (young), 0.1037650 secs]
   [Parallel Time: 94.4 ms, GC Workers: 4]
      [GC Worker Start (ms): Min: 145393.0, Avg: 145399.1, Max: 145405.4, Diff: 12.4]
      [Ext Root Scanning (ms): Min: 0.0, Avg: 2.1, Max: 5.0, Diff: 5.0, Sum: 8.5]
      [Update RS (ms): Min: 0.0, Avg: 2.2, Max: 4.4, Diff: 4.4, Sum: 8.7]
         [Processed Buffers: Min: 0, Avg: 8.3, Max: 17, Diff: 17, Sum: 33]
      [Scan RS (ms): Min: 0.0, Avg: 0.8, Max: 1.5, Diff: 1.5, Sum: 3.1]
      [Code Root Scanning (ms): Min: 0.0, Avg: 5.6, Max: 21.2, Diff: 21.2, Sum: 22.4]
      [Object Copy (ms): Min: 63.7, Avg: 77.4, Max: 82.1, Diff: 18.4, Sum: 309.5]
      [Termination (ms): Min: 0.0, Avg: 0.2, Max: 0.3, Diff: 0.3, Sum: 0.7]
         [Termination Attempts: Min: 1, Avg: 1.8, Max: 3, Diff: 2, Sum: 7]
      [GC Worker Other (ms): Min: 0.0, Avg: 0.0, Max: 0.0, Diff: 0.0, Sum: 0.1]
      [GC Worker Total (ms): Min: 81.9, Avg: 88.2, Max: 94.4, Diff: 12.4, Sum: 352.9]
      [GC Worker End (ms): Min: 145487.3, Avg: 145487.3, Max: 145487.3, Diff: 0.0]
   [Code Root Fixup: 0.6 ms]
   [Code Root Purge: 0.0 ms]
   [String Dedup Fixup: 3.6 ms, GC Workers: 4]
      [Queue Fixup (ms): Min: 0.0, Avg: 0.0, Max: 0.1, Diff: 0.1, Sum: 0.2]
      [Table Fixup (ms): Min: 1.0, Avg: 2.8, Max: 3.5, Diff: 2.5, Sum: 11.3]
   [Clear CT: 0.1 ms]
   [Other: 5.1 ms]
      [Choose CSet: 0.0 ms]
      [Ref Proc: 4.6 ms]
      [Ref Enq: 0.0 ms]
      [Redirty Cards: 0.1 ms]
      [Humongous Register: 0.0 ms]
      [Humongous Reclaim: 0.0 ms]
      [Free CSet: 0.2 ms]
   [Eden: 268.0M(268.0M)->0.0B(268.0M) Survivors: 39.0M->39.0M Heap: 355.5M(512.0M)->97.7M(512.0M)]
 [Times: user=0.25 sys=0.00, real=0.10 secs]
2020-01-09T00:08:12.014+0800: 145.501: [GC concurrent-string-deduplication, 478.8K->208.0K(270.8K), avg 31.3%, 0.0037965 secs]
2020-01-09T00:08:31.846+0800: 165.332: [GC pause (G1 Evacuation Pause) (young), 0.1160568 secs]
   [Parallel Time: 107.2 ms, GC Workers: 4]
      [GC Worker Start (ms): Min: 165332.5, Avg: 165353.6, Max: 165384.6, Diff: 52.1]
      [Ext Root Scanning (ms): Min: 0.0, Avg: 5.2, Max: 11.9, Diff: 11.9, Sum: 20.9]
      [Update RS (ms): Min: 0.0, Avg: 5.4, Max: 10.7, Diff: 10.7, Sum: 21.4]
         [Processed Buffers: Min: 0, Avg: 9.3, Max: 27, Diff: 27, Sum: 37]
      [Scan RS (ms): Min: 0.0, Avg: 0.8, Max: 1.7, Diff: 1.7, Sum: 3.0]
      [Code Root Scanning (ms): Min: 0.0, Avg: 0.4, Max: 0.8, Diff: 0.8, Sum: 1.5]
      [Object Copy (ms): Min: 54.9, Avg: 74.3, Max: 85.3, Diff: 30.4, Sum: 297.1]
      [Termination (ms): Min: 0.0, Avg: 0.1, Max: 0.1, Diff: 0.1, Sum: 0.4]
         [Termination Attempts: Min: 1, Avg: 1.0, Max: 1, Diff: 0, Sum: 4]
      [GC Worker Other (ms): Min: 0.0, Avg: 0.0, Max: 0.0, Diff: 0.0, Sum: 0.1]
      [GC Worker Total (ms): Min: 55.1, Avg: 86.1, Max: 107.1, Diff: 52.1, Sum: 344.4]
      [GC Worker End (ms): Min: 165439.6, Avg: 165439.7, Max: 165439.7, Diff: 0.0]
   [Code Root Fixup: 0.4 ms]
   [Code Root Purge: 0.0 ms]
   [String Dedup Fixup: 4.3 ms, GC Workers: 4]
      [Queue Fixup (ms): Min: 0.0, Avg: 0.2, Max: 0.4, Diff: 0.4, Sum: 0.7]
      [Table Fixup (ms): Min: 0.0, Avg: 2.8, Max: 3.9, Diff: 3.9, Sum: 11.1]
   [Clear CT: 0.1 ms]
   [Other: 4.1 ms]
      [Choose CSet: 0.0 ms]
      [Ref Proc: 3.5 ms]
      [Ref Enq: 0.0 ms]
      [Redirty Cards: 0.1 ms]
      [Humongous Register: 0.0 ms]
      [Humongous Reclaim: 0.0 ms]
      [Free CSet: 0.2 ms]
   [Eden: 268.0M(268.0M)->0.0B(278.0M) Survivors: 39.0M->29.0M Heap: 365.7M(512.0M)->105.2M(512.0M)]
 [Times: user=0.28 sys=0.00, real=0.12 secs]
2020-01-09T00:08:31.973+0800: 165.459: [GC concurrent-string-deduplication, 2023.2K->693.7K(1329.5K), avg 36.4%, 0.0102211 secs]
2020-01-09T00:08:37.284+0800: 170.770: [GC pause (G1 Evacuation Pause) (young), 0.0585632 secs]
   [Parallel Time: 51.4 ms, GC Workers: 4]
      [GC Worker Start (ms): Min: 170770.5, Avg: 170771.2, Max: 170773.4, Diff: 2.8]
      [Ext Root Scanning (ms): Min: 0.0, Avg: 1.7, Max: 2.6, Diff: 2.6, Sum: 6.7]
      [Update RS (ms): Min: 5.7, Avg: 12.4, Max: 32.2, Diff: 26.4, Sum: 49.6]
         [Processed Buffers: Min: 3, Avg: 11.0, Max: 17, Diff: 14, Sum: 44]
      [Scan RS (ms): Min: 0.0, Avg: 0.7, Max: 1.1, Diff: 1.0, Sum: 2.9]
      [Code Root Scanning (ms): Min: 0.0, Avg: 0.1, Max: 0.6, Diff: 0.6, Sum: 0.6]
      [Object Copy (ms): Min: 16.3, Avg: 35.7, Max: 42.5, Diff: 26.2, Sum: 142.7]
      [Termination (ms): Min: 0.0, Avg: 0.0, Max: 0.0, Diff: 0.0, Sum: 0.0]
         [Termination Attempts: Min: 1, Avg: 1.0, Max: 1, Diff: 0, Sum: 4]
      [GC Worker Other (ms): Min: 0.0, Avg: 0.0, Max: 0.0, Diff: 0.0, Sum: 0.1]
      [GC Worker Total (ms): Min: 48.5, Avg: 50.7, Max: 51.4, Diff: 2.9, Sum: 202.7]
      [GC Worker End (ms): Min: 170821.9, Avg: 170821.9, Max: 170821.9, Diff: 0.0]
   [Code Root Fixup: 0.1 ms]
   [Code Root Purge: 0.1 ms]
   [String Dedup Fixup: 3.1 ms, GC Workers: 4]
      [Queue Fixup (ms): Min: 0.0, Avg: 0.1, Max: 0.2, Diff: 0.2, Sum: 0.3]
      [Table Fixup (ms): Min: 2.9, Avg: 2.9, Max: 3.0, Diff: 0.1, Sum: 11.7]
   [Clear CT: 0.1 ms]
   [Other: 3.8 ms]
      [Choose CSet: 0.0 ms]
      [Ref Proc: 3.4 ms]
      [Ref Enq: 0.0 ms]
      [Redirty Cards: 0.0 ms]
      [Humongous Register: 0.0 ms]
      [Humongous Reclaim: 0.0 ms]
      [Free CSet: 0.2 ms]
   [Eden: 278.0M(278.0M)->0.0B(289.0M) Survivors: 29.0M->18.0M Heap: 383.2M(512.0M)->104.7M(512.0M)]
 [Times: user=0.16 sys=0.00, real=0.06 secs]
2020-01-09T00:08:37.350+0800: 170.836: [GC concurrent-string-deduplication, 839.0K->425.4K(413.6K), avg 37.1%, 0.0069382 secs]
2020-01-09T00:21:07.342+0800: 920.805: [GC pause (G1 Evacuation Pause) (young), 0.1139231 secs]
   [Parallel Time: 102.2 ms, GC Workers: 4]
      [GC Worker Start (ms): Min: 920805.1, Avg: 920850.4, Max: 920907.1, Diff: 102.0]
      [Ext Root Scanning (ms): Min: 0.0, Avg: 2.4, Max: 5.1, Diff: 5.1, Sum: 9.8]
      [Update RS (ms): Min: 0.0, Avg: 1.9, Max: 3.9, Diff: 3.9, Sum: 7.5]
         [Processed Buffers: Min: 0, Avg: 8.5, Max: 24, Diff: 24, Sum: 34]
      [Scan RS (ms): Min: 0.0, Avg: 0.4, Max: 0.8, Diff: 0.7, Sum: 1.6]
      [Code Root Scanning (ms): Min: 0.0, Avg: 0.1, Max: 0.3, Diff: 0.3, Sum: 0.4]
      [Object Copy (ms): Min: 0.0, Avg: 51.7, Max: 92.4, Diff: 92.4, Sum: 206.9]
      [Termination (ms): Min: 0.0, Avg: 0.2, Max: 0.4, Diff: 0.4, Sum: 0.8]
         [Termination Attempts: Min: 1, Avg: 1.0, Max: 1, Diff: 0, Sum: 4]
      [GC Worker Other (ms): Min: 0.0, Avg: 0.0, Max: 0.0, Diff: 0.0, Sum: 0.1]
      [GC Worker Total (ms): Min: 0.0, Avg: 56.7, Max: 102.0, Diff: 102.0, Sum: 227.0]
      [GC Worker End (ms): Min: 920907.1, Avg: 920907.2, Max: 920907.3, Diff: 0.2]
   [Code Root Fixup: 0.2 ms]
   [Code Root Purge: 0.0 ms]
   [String Dedup Fixup: 5.6 ms, GC Workers: 4]
      [Queue Fixup (ms): Min: 0.0, Avg: 0.1, Max: 0.4, Diff: 0.4, Sum: 0.4]
      [Table Fixup (ms): Min: 0.0, Avg: 3.9, Max: 5.3, Diff: 5.3, Sum: 15.7]
   [Clear CT: 0.1 ms]
   [Other: 5.8 ms]
      [Choose CSet: 0.0 ms]
      [Ref Proc: 5.3 ms]
      [Ref Enq: 0.1 ms]
      [Redirty Cards: 0.0 ms]
      [Humongous Register: 0.0 ms]
      [Humongous Reclaim: 0.0 ms]
      [Free CSet: 0.2 ms]
   [Eden: 289.0M(289.0M)->0.0B(268.0M) Survivors: 18.0M->39.0M Heap: 409.7M(512.0M)->135.2M(512.0M)]
 [Times: user=0.22 sys=0.00, real=0.11 secs]
2020-01-09T00:21:07.488+0800: 920.951: [GC concurrent-string-deduplication, 1193.5K->356.2K(837.3K), avg 39.6%, 0.0298634 secs]
2020-01-09T00:22:02.700+0800: 976.162: [GC pause (G1 Evacuation Pause) (young), 0.1950158 secs]
   [Parallel Time: 174.7 ms, GC Workers: 4]
      [GC Worker Start (ms): Min: 976161.9, Avg: 976169.9, Max: 976193.3, Diff: 31.4]
      [Ext Root Scanning (ms): Min: 0.0, Avg: 2.6, Max: 4.4, Diff: 4.4, Sum: 10.2]
      [Update RS (ms): Min: 0.0, Avg: 2.8, Max: 3.9, Diff: 3.9, Sum: 11.3]
         [Processed Buffers: Min: 0, Avg: 7.5, Max: 17, Diff: 17, Sum: 30]
      [Scan RS (ms): Min: 0.0, Avg: 0.0, Max: 0.1, Diff: 0.1, Sum: 0.2]
      [Code Root Scanning (ms): Min: 0.0, Avg: 0.1, Max: 0.3, Diff: 0.3, Sum: 0.4]
      [Object Copy (ms): Min: 143.2, Avg: 161.1, Max: 168.1, Diff: 24.9, Sum: 644.3]
      [Termination (ms): Min: 0.0, Avg: 0.0, Max: 0.0, Diff: 0.0, Sum: 0.0]
         [Termination Attempts: Min: 1, Avg: 1.3, Max: 2, Diff: 1, Sum: 5]
      [GC Worker Other (ms): Min: 0.0, Avg: 0.0, Max: 0.0, Diff: 0.0, Sum: 0.1]
      [GC Worker Total (ms): Min: 143.3, Avg: 166.7, Max: 174.7, Diff: 31.4, Sum: 666.6]
      [GC Worker End (ms): Min: 976336.6, Avg: 976336.6, Max: 976336.6, Diff: 0.0]
   [Code Root Fixup: 0.1 ms]
   [Code Root Purge: 0.0 ms]
   [String Dedup Fixup: 8.6 ms, GC Workers: 4]
      [Queue Fixup (ms): Min: 0.0, Avg: 0.4, Max: 1.3, Diff: 1.3, Sum: 1.8]
      [Table Fixup (ms): Min: 6.6, Avg: 7.9, Max: 8.5, Diff: 1.9, Sum: 31.8]
   [Clear CT: 0.1 ms]
   [Other: 11.5 ms]
      [Choose CSet: 0.0 ms]
      [Ref Proc: 10.7 ms]
      [Ref Enq: 0.2 ms]
      [Redirty Cards: 0.2 ms]
      [Humongous Register: 0.0 ms]
      [Humongous Reclaim: 0.1 ms]
      [Free CSet: 0.2 ms]
   [Eden: 268.0M(268.0M)->0.0B(1024.0K) Survivors: 39.0M->32.0M Heap: 451.2M(512.0M)->154.2M(526.0M)]
 [Times: user=0.69 sys=0.00, real=0.19 secs]
2020-01-09T00:22:02.906+0800: 976.368: [GC pause (G1 Evacuation Pause) (young), 0.1393437 secs]
   [Parallel Time: 130.6 ms, GC Workers: 4]
      [GC Worker Start (ms): Min: 976367.9, Avg: 976367.9, Max: 976368.0, Diff: 0.1]
      [Ext Root Scanning (ms): Min: 2.1, Avg: 2.9, Max: 4.6, Diff: 2.5, Sum: 11.5]
      [Update RS (ms): Min: 52.7, Avg: 53.0, Max: 53.3, Diff: 0.7, Sum: 212.0]
         [Processed Buffers: Min: 51, Avg: 59.5, Max: 64, Diff: 13, Sum: 238]
      [Scan RS (ms): Min: 0.0, Avg: 0.3, Max: 0.4, Diff: 0.4, Sum: 1.1]
      [Code Root Scanning (ms): Min: 0.0, Avg: 0.0, Max: 0.0, Diff: 0.0, Sum: 0.1]
      [Object Copy (ms): Min: 72.7, Avg: 74.3, Max: 75.1, Diff: 2.4, Sum: 297.2]
      [Termination (ms): Min: 0.0, Avg: 0.0, Max: 0.0, Diff: 0.0, Sum: 0.0]
         [Termination Attempts: Min: 1, Avg: 1.8, Max: 2, Diff: 1, Sum: 7]
      [GC Worker Other (ms): Min: 0.0, Avg: 0.0, Max: 0.0, Diff: 0.0, Sum: 0.1]
      [GC Worker Total (ms): Min: 130.4, Avg: 130.5, Max: 130.5, Diff: 0.1, Sum: 522.0]
      [GC Worker End (ms): Min: 976498.4, Avg: 976498.4, Max: 976498.4, Diff: 0.0]
   [Code Root Fixup: 0.1 ms]
   [Code Root Purge: 0.0 ms]
   [String Dedup Fixup: 6.9 ms, GC Workers: 4]
      [Queue Fixup (ms): Min: 0.2, Avg: 1.0, Max: 1.8, Diff: 1.6, Sum: 3.9]
      [Table Fixup (ms): Min: 5.0, Avg: 5.7, Max: 6.4, Diff: 1.4, Sum: 22.7]
   [Clear CT: 0.2 ms]
   [Other: 1.6 ms]
      [Choose CSet: 0.0 ms]
      [Ref Proc: 1.0 ms]
      [Ref Enq: 0.0 ms]
      [Redirty Cards: 0.3 ms]
      [Humongous Register: 0.0 ms]
      [Humongous Reclaim: 0.0 ms]
      [Free CSet: 0.1 ms]
   [Eden: 1024.0K(1024.0K)->0.0B(98.0M) Survivors: 32.0M->3072.0K Heap: 155.2M(526.0M)->156.7M(526.0M)]
 [Times: user=0.53 sys=0.00, real=0.14 secs]
2020-01-09T00:22:03.077+0800: 976.538: [GC concurrent-string-deduplication, 3422.8K->413.8K(3009.0K), avg 48.3%, 0.0413266 secs]
2020-01-09T00:22:05.404+0800: 978.866: [GC pause (G1 Evacuation Pause) (young), 0.0206026 secs]
   [Parallel Time: 10.8 ms, GC Workers: 4]
      [GC Worker Start (ms): Min: 978865.9, Avg: 978865.9, Max: 978865.9, Diff: 0.0]
      [Ext Root Scanning (ms): Min: 2.2, Avg: 2.5, Max: 3.0, Diff: 0.7, Sum: 10.1]
      [Update RS (ms): Min: 2.7, Avg: 2.9, Max: 3.2, Diff: 0.5, Sum: 11.6]
         [Processed Buffers: Min: 5, Avg: 6.8, Max: 8, Diff: 3, Sum: 27]
      [Scan RS (ms): Min: 0.0, Avg: 0.1, Max: 0.3, Diff: 0.3, Sum: 0.5]
      [Code Root Scanning (ms): Min: 0.0, Avg: 0.0, Max: 0.1, Diff: 0.1, Sum: 0.1]
      [Object Copy (ms): Min: 4.5, Avg: 5.1, Max: 5.5, Diff: 0.9, Sum: 20.5]
      [Termination (ms): Min: 0.0, Avg: 0.0, Max: 0.0, Diff: 0.0, Sum: 0.1]
         [Termination Attempts: Min: 1, Avg: 2.0, Max: 3, Diff: 2, Sum: 8]
      [GC Worker Other (ms): Min: 0.0, Avg: 0.0, Max: 0.0, Diff: 0.0, Sum: 0.1]
      [GC Worker Total (ms): Min: 10.7, Avg: 10.8, Max: 10.8, Diff: 0.0, Sum: 43.0]
      [GC Worker End (ms): Min: 978876.7, Avg: 978876.7, Max: 978876.7, Diff: 0.0]
   [Code Root Fixup: 0.0 ms]
   [Code Root Purge: 0.0 ms]
   [String Dedup Fixup: 6.6 ms, GC Workers: 4]
      [Queue Fixup (ms): Min: 0.0, Avg: 0.0, Max: 0.0, Diff: 0.0, Sum: 0.0]
      [Table Fixup (ms): Min: 6.0, Avg: 6.3, Max: 6.5, Diff: 0.5, Sum: 25.2]
   [Clear CT: 0.1 ms]
   [Other: 3.1 ms]
      [Choose CSet: 0.0 ms]
      [Ref Proc: 2.8 ms]
      [Ref Enq: 0.0 ms]
      [Redirty Cards: 0.0 ms]
      [Humongous Register: 0.0 ms]
      [Humongous Reclaim: 0.0 ms]
      [Free CSet: 0.1 ms]
   [Eden: 98.0M(98.0M)->0.0B(172.0M) Survivors: 3072.0K->3072.0K Heap: 254.7M(526.0M)->157.2M(526.0M)]
 [Times: user=0.06 sys=0.00, real=0.02 secs]
2020-01-09T00:22:10.182+0800: 983.642: [GC pause (G1 Evacuation Pause) (young), 0.0187342 secs]
   [Parallel Time: 10.0 ms, GC Workers: 4]
      [GC Worker Start (ms): Min: 983642.5, Avg: 983645.9, Max: 983651.9, Diff: 9.4]
      [Ext Root Scanning (ms): Min: 0.0, Avg: 1.6, Max: 3.3, Diff: 3.3, Sum: 6.5]
      [Update RS (ms): Min: 0.0, Avg: 0.2, Max: 0.4, Diff: 0.4, Sum: 0.7]
         [Processed Buffers: Min: 0, Avg: 2.5, Max: 7, Diff: 7, Sum: 10]
      [Scan RS (ms): Min: 0.0, Avg: 0.0, Max: 0.0, Diff: 0.0, Sum: 0.1]
      [Code Root Scanning (ms): Min: 0.0, Avg: 1.2, Max: 4.9, Diff: 4.9, Sum: 5.0]
      [Object Copy (ms): Min: 0.0, Avg: 2.6, Max: 5.1, Diff: 5.1, Sum: 10.5]
      [Termination (ms): Min: 0.0, Avg: 0.5, Max: 0.9, Diff: 0.9, Sum: 1.8]
         [Termination Attempts: Min: 1, Avg: 1.3, Max: 2, Diff: 1, Sum: 5]
      [GC Worker Other (ms): Min: 0.0, Avg: 0.0, Max: 0.0, Diff: 0.0, Sum: 0.0]
      [GC Worker Total (ms): Min: 0.0, Avg: 6.2, Max: 9.8, Diff: 9.8, Sum: 24.6]
      [GC Worker End (ms): Min: 983652.0, Avg: 983652.0, Max: 983652.3, Diff: 0.3]
   [Code Root Fixup: 0.0 ms]
   [Code Root Purge: 0.0 ms]
   [String Dedup Fixup: 7.7 ms, GC Workers: 4]
      [Queue Fixup (ms): Min: 0.0, Avg: 0.0, Max: 0.0, Diff: 0.0, Sum: 0.0]
      [Table Fixup (ms): Min: 0.0, Avg: 3.6, Max: 7.4, Diff: 7.4, Sum: 14.3]
   [Clear CT: 0.1 ms]
   [Other: 1.0 ms]
      [Choose CSet: 0.0 ms]
      [Ref Proc: 0.8 ms]
      [Ref Enq: 0.0 ms]
      [Redirty Cards: 0.0 ms]
      [Humongous Register: 0.0 ms]
      [Humongous Reclaim: 0.0 ms]
      [Free CSet: 0.1 ms]
   [Eden: 172.0M(172.0M)->0.0B(287.0M) Survivors: 3072.0K->3072.0K Heap: 329.2M(526.0M)->157.2M(526.0M)]
 [Times: user=0.03 sys=0.00, real=0.02 secs]
2020-01-09T00:22:17.691+0800: 991.151: [GC pause (G1 Evacuation Pause) (young), 0.0318438 secs]
   [Parallel Time: 24.8 ms, GC Workers: 4]
      [GC Worker Start (ms): Min: 991151.5, Avg: 991163.8, Max: 991176.2, Diff: 24.7]
      [Ext Root Scanning (ms): Min: 0.0, Avg: 1.7, Max: 3.4, Diff: 3.4, Sum: 6.6]
      [Update RS (ms): Min: 0.0, Avg: 0.2, Max: 0.5, Diff: 0.5, Sum: 0.8]
         [Processed Buffers: Min: 0, Avg: 1.8, Max: 6, Diff: 6, Sum: 7]
      [Scan RS (ms): Min: 0.0, Avg: 0.0, Max: 0.1, Diff: 0.0, Sum: 0.1]
      [Code Root Scanning (ms): Min: 0.0, Avg: 0.1, Max: 0.2, Diff: 0.2, Sum: 0.3]
      [Object Copy (ms): Min: 0.0, Avg: 10.2, Max: 20.5, Diff: 20.5, Sum: 40.9]
      [Termination (ms): Min: 0.0, Avg: 0.3, Max: 0.4, Diff: 0.4, Sum: 1.1]
         [Termination Attempts: Min: 1, Avg: 1.0, Max: 1, Diff: 0, Sum: 4]
      [GC Worker Other (ms): Min: 0.0, Avg: 0.0, Max: 0.0, Diff: 0.0, Sum: 0.0]
      [GC Worker Total (ms): Min: 0.0, Avg: 12.4, Max: 24.7, Diff: 24.7, Sum: 49.8]
      [GC Worker End (ms): Min: 991176.2, Avg: 991176.2, Max: 991176.2, Diff: 0.0]
   [Code Root Fixup: 0.1 ms]
   [Code Root Purge: 0.0 ms]
   [String Dedup Fixup: 6.1 ms, GC Workers: 4]
      [Queue Fixup (ms): Min: 0.0, Avg: 0.0, Max: 0.0, Diff: 0.0, Sum: 0.0]
      [Table Fixup (ms): Min: 0.0, Avg: 3.0, Max: 6.1, Diff: 6.1, Sum: 12.0]
   [Clear CT: 0.1 ms]
   [Other: 0.8 ms]
      [Choose CSet: 0.0 ms]
      [Ref Proc: 0.5 ms]
      [Ref Enq: 0.0 ms]
      [Redirty Cards: 0.0 ms]
      [Humongous Register: 0.0 ms]
      [Humongous Reclaim: 0.0 ms]
      [Free CSet: 0.1 ms]
   [Eden: 287.0M(287.0M)->0.0B(286.0M) Survivors: 3072.0K->9216.0K Heap: 444.2M(526.0M)->163.2M(526.0M)]
 [Times: user=0.06 sys=0.00, real=0.03 secs]
2020-01-09T00:22:17.723+0800: 991.184: [GC concurrent-string-deduplication, 5136.0B->4880.0B(256.0B), avg 48.3%, 0.0000487 secs]
Heap
 garbage-first heap   total 538624K, used 521438K [0x05200000, 0x05300838, 0x45200000)
  region size 1024K, 292 young (299008K), 9 survivors (9216K)
 Metaspace       used 68117K, capacity 73155K, committed 73216K, reserved 74112K
